Archive member included to satisfy reference by file (symbol)

d:/st/stm32cubeide_1.4.0/stm32cubeide/plugins/com.st.stm32cube.ide.mcu.externaltools.gnu-tools-for-stm32.7-2018-q2-update.win32_1.4.0.202007081208/tools/bin/../lib/gcc/arm-none-eabi/7.3.1/../../../../arm-none-eabi/lib/thumb/v6-m\libc_nano.a(lib_a-errno.o)
                              Core/Src/syscalls.o (__errno)
d:/st/stm32cubeide_1.4.0/stm32cubeide/plugins/com.st.stm32cube.ide.mcu.externaltools.gnu-tools-for-stm32.7-2018-q2-update.win32_1.4.0.202007081208/tools/bin/../lib/gcc/arm-none-eabi/7.3.1/../../../../arm-none-eabi/lib/thumb/v6-m\libc_nano.a(lib_a-exit.o)
                              d:/st/stm32cubeide_1.4.0/stm32cubeide/plugins/com.st.stm32cube.ide.mcu.externaltools.gnu-tools-for-stm32.7-2018-q2-update.win32_1.4.0.202007081208/tools/bin/../lib/gcc/arm-none-eabi/7.3.1/../../../../arm-none-eabi/lib/thumb/v6-m/crt0.o (exit)
d:/st/stm32cubeide_1.4.0/stm32cubeide/plugins/com.st.stm32cube.ide.mcu.externaltools.gnu-tools-for-stm32.7-2018-q2-update.win32_1.4.0.202007081208/tools/bin/../lib/gcc/arm-none-eabi/7.3.1/../../../../arm-none-eabi/lib/thumb/v6-m\libc_nano.a(lib_a-impure.o)
                              d:/st/stm32cubeide_1.4.0/stm32cubeide/plugins/com.st.stm32cube.ide.mcu.externaltools.gnu-tools-for-stm32.7-2018-q2-update.win32_1.4.0.202007081208/tools/bin/../lib/gcc/arm-none-eabi/7.3.1/../../../../arm-none-eabi/lib/thumb/v6-m\libc_nano.a(lib_a-exit.o) (_global_impure_ptr)
d:/st/stm32cubeide_1.4.0/stm32cubeide/plugins/com.st.stm32cube.ide.mcu.externaltools.gnu-tools-for-stm32.7-2018-q2-update.win32_1.4.0.202007081208/tools/bin/../lib/gcc/arm-none-eabi/7.3.1/../../../../arm-none-eabi/lib/thumb/v6-m\libc_nano.a(lib_a-init.o)
                              d:/st/stm32cubeide_1.4.0/stm32cubeide/plugins/com.st.stm32cube.ide.mcu.externaltools.gnu-tools-for-stm32.7-2018-q2-update.win32_1.4.0.202007081208/tools/bin/../lib/gcc/arm-none-eabi/7.3.1/../../../../arm-none-eabi/lib/thumb/v6-m/crt0.o (__libc_init_array)
d:/st/stm32cubeide_1.4.0/stm32cubeide/plugins/com.st.stm32cube.ide.mcu.externaltools.gnu-tools-for-stm32.7-2018-q2-update.win32_1.4.0.202007081208/tools/bin/../lib/gcc/arm-none-eabi/7.3.1/../../../../arm-none-eabi/lib/thumb/v6-m\libc_nano.a(lib_a-memset.o)
                              d:/st/stm32cubeide_1.4.0/stm32cubeide/plugins/com.st.stm32cube.ide.mcu.externaltools.gnu-tools-for-stm32.7-2018-q2-update.win32_1.4.0.202007081208/tools/bin/../lib/gcc/arm-none-eabi/7.3.1/../../../../arm-none-eabi/lib/thumb/v6-m/crt0.o (memset)
d:/st/stm32cubeide_1.4.0/stm32cubeide/plugins/com.st.stm32cube.ide.mcu.externaltools.gnu-tools-for-stm32.7-2018-q2-update.win32_1.4.0.202007081208/tools/bin/../lib/gcc/arm-none-eabi/7.3.1/thumb/v6-m\libgcc.a(_udivsi3.o)
                              Core/MyInc/w25qxx.o (__aeabi_uidiv)
d:/st/stm32cubeide_1.4.0/stm32cubeide/plugins/com.st.stm32cube.ide.mcu.externaltools.gnu-tools-for-stm32.7-2018-q2-update.win32_1.4.0.202007081208/tools/bin/../lib/gcc/arm-none-eabi/7.3.1/thumb/v6-m\libgcc.a(_dvmd_tls.o)
                              d:/st/stm32cubeide_1.4.0/stm32cubeide/plugins/com.st.stm32cube.ide.mcu.externaltools.gnu-tools-for-stm32.7-2018-q2-update.win32_1.4.0.202007081208/tools/bin/../lib/gcc/arm-none-eabi/7.3.1/thumb/v6-m\libgcc.a(_udivsi3.o) (__aeabi_idiv0)

Allocating common symbols
Common symbol       size              file

htim17              0x48              Core/Src/main.o
uwTick              0x4               Drivers/STM32F0xx_HAL_Driver/Src/stm32f0xx_hal.o
pFlash              0x20              Drivers/STM32F0xx_HAL_Driver/Src/stm32f0xx_hal_flash.o
huart1              0x84              Core/Src/main.o
w25qxx              0x28              Core/MyInc/w25qxx.o
hspi1               0x64              Core/Src/main.o
swHappend           0x1               Core/MyInc/Player.o
hdma_spi1_rx        0x44              Core/Src/main.o
htim16              0x48              Core/Src/main.o
hdma_spi1_tx        0x44              Core/Src/main.o

Discarded input sections

 .text          0x0000000000000000        0x0 d:/st/stm32cubeide_1.4.0/stm32cubeide/plugins/com.st.stm32cube.ide.mcu.externaltools.gnu-tools-for-stm32.7-2018-q2-update.win32_1.4.0.202007081208/tools/bin/../lib/gcc/arm-none-eabi/7.3.1/thumb/v6-m/crti.o
 .data          0x0000000000000000        0x0 d:/st/stm32cubeide_1.4.0/stm32cubeide/plugins/com.st.stm32cube.ide.mcu.externaltools.gnu-tools-for-stm32.7-2018-q2-update.win32_1.4.0.202007081208/tools/bin/../lib/gcc/arm-none-eabi/7.3.1/thumb/v6-m/crti.o
 .bss           0x0000000000000000        0x0 d:/st/stm32cubeide_1.4.0/stm32cubeide/plugins/com.st.stm32cube.ide.mcu.externaltools.gnu-tools-for-stm32.7-2018-q2-update.win32_1.4.0.202007081208/tools/bin/../lib/gcc/arm-none-eabi/7.3.1/thumb/v6-m/crti.o
[...]
Memory Configuration

Name             Origin             Length             Attributes
RAM              0x0000000020000000 0x0000000000001000 xrw
FLASH            0x0000000008000000 0x0000000000008000 xr
*default*        0x0000000000000000 0xffffffffffffffff

Linker script and memory map

LOAD d:/st/stm32cubeide_1.4.0/stm32cubeide/plugins/com.st.stm32cube.ide.mcu.externaltools.gnu-tools-for-stm32.7-2018-q2-update.win32_1.4.0.202007081208/tools/bin/../lib/gcc/arm-none-eabi/7.3.1/thumb/v6-m/crti.o
LOAD d:/st/stm32cubeide_1.4.0/stm32cubeide/plugins/com.st.stm32cube.ide.mcu.externaltools.gnu-tools-for-stm32.7-2018-q2-update.win32_1.4.0.202007081208/tools/bin/../lib/gcc/arm-none-eabi/7.3.1/thumb/v6-m/crtbegin.o
LOAD d:/st/stm32cubeide_1.4.0/stm32cubeide/plugins/com.st.stm32cube.ide.mcu.externaltools.gnu-tools-for-stm32.7-2018-q2-update.win32_1.4.0.202007081208/tools/bin/../lib/gcc/arm-none-eabi/7.3.1/../../../../arm-none-eabi/lib/thumb/v6-m/crt0.o
LOAD Core/MyInc/Player.o
LOAD Core/MyInc/Player_ll.o
LOAD Core/MyInc/debug.o
LOAD Core/MyInc/mainCodes.o
LOAD Core/MyInc/w25qxx.o
LOAD Core/Src/main.o
LOAD Core/Src/stm32f0xx_hal_msp.o
LOAD Core/Src/stm32f0xx_it.o
LOAD Core/Src/syscalls.o
LOAD Core/Src/sysmem.o
LOAD Core/Src/system_stm32f0xx.o
LOAD Core/Startup/startup_stm32f030c6tx.o
LOAD Drivers/STM32F0xx_HAL_Driver/Src/stm32f0xx_hal.o
LOAD Drivers/STM32F0xx_HAL_Driver/Src/stm32f0xx_hal_cortex.o
LOAD Drivers/STM32F0xx_HAL_Driver/Src/stm32f0xx_hal_dma.o
LOAD Drivers/STM32F0xx_HAL_Driver/Src/stm32f0xx_hal_exti.o
LOAD Drivers/STM32F0xx_HAL_Driver/Src/stm32f0xx_hal_flash.o
LOAD Drivers/STM32F0xx_HAL_Driver/Src/stm32f0xx_hal_flash_ex.o
LOAD Drivers/STM32F0xx_HAL_Driver/Src/stm32f0xx_hal_gpio.o
LOAD Drivers/STM32F0xx_HAL_Driver/Src/stm32f0xx_hal_i2c.o
LOAD Drivers/STM32F0xx_HAL_Driver/Src/stm32f0xx_hal_i2c_ex.o
LOAD Drivers/STM32F0xx_HAL_Driver/Src/stm32f0xx_hal_pwr.o
LOAD Drivers/STM32F0xx_HAL_Driver/Src/stm32f0xx_hal_pwr_ex.o
LOAD Drivers/STM32F0xx_HAL_Driver/Src/stm32f0xx_hal_rcc.o
LOAD Drivers/STM32F0xx_HAL_Driver/Src/stm32f0xx_hal_rcc_ex.o
LOAD Drivers/STM32F0xx_HAL_Driver/Src/stm32f0xx_hal_spi.o
LOAD Drivers/STM32F0xx_HAL_Driver/Src/stm32f0xx_hal_spi_ex.o
LOAD Drivers/STM32F0xx_HAL_Driver/Src/stm32f0xx_hal_tim.o
LOAD Drivers/STM32F0xx_HAL_Driver/Src/stm32f0xx_hal_tim_ex.o
LOAD Drivers/STM32F0xx_HAL_Driver/Src/stm32f0xx_hal_uart.o
LOAD Drivers/STM32F0xx_HAL_Driver/Src/stm32f0xx_hal_uart_ex.o
START GROUP
LOAD d:/st/stm32cubeide_1.4.0/stm32cubeide/plugins/com.st.stm32cube.ide.mcu.externaltools.gnu-tools-for-stm32.7-2018-q2-update.win32_1.4.0.202007081208/tools/bin/../lib/gcc/arm-none-eabi/7.3.1/../../../../arm-none-eabi/lib/thumb/v6-m\libstdc++_nano.a
LOAD d:/st/stm32cubeide_1.4.0/stm32cubeide/plugins/com.st.stm32cube.ide.mcu.externaltools.gnu-tools-for-stm32.7-2018-q2-update.win32_1.4.0.202007081208/tools/bin/../lib/gcc/arm-none-eabi/7.3.1/../../../../arm-none-eabi/lib/thumb/v6-m\libsupc++_nano.a
END GROUP
LOAD d:/st/stm32cubeide_1.4.0/stm32cubeide/plugins/com.st.stm32cube.ide.mcu.externaltools.gnu-tools-for-stm32.7-2018-q2-update.win32_1.4.0.202007081208/tools/bin/../lib/gcc/arm-none-eabi/7.3.1/../../../../arm-none-eabi/lib/thumb/v6-m\libstdc++_nano.a
LOAD d:/st/stm32cubeide_1.4.0/stm32cubeide/plugins/com.st.stm32cube.ide.mcu.externaltools.gnu-tools-for-stm32.7-2018-q2-update.win32_1.4.0.202007081208/tools/bin/../lib/gcc/arm-none-eabi/7.3.1/../../../../arm-none-eabi/lib/thumb/v6-m\libm.a
LOAD d:/st/stm32cubeide_1.4.0/stm32cubeide/plugins/com.st.stm32cube.ide.mcu.externaltools.gnu-tools-for-stm32.7-2018-q2-update.win32_1.4.0.202007081208/tools/bin/../lib/gcc/arm-none-eabi/7.3.1/../../../../arm-none-eabi/lib/thumb/v6-m\libc_nano.a
START GROUP
LOAD d:/st/stm32cubeide_1.4.0/stm32cubeide/plugins/com.st.stm32cube.ide.mcu.externaltools.gnu-tools-for-stm32.7-2018-q2-update.win32_1.4.0.202007081208/tools/bin/../lib/gcc/arm-none-eabi/7.3.1/thumb/v6-m\libgcc.a
LOAD d:/st/stm32cubeide_1.4.0/stm32cubeide/plugins/com.st.stm32cube.ide.mcu.externaltools.gnu-tools-for-stm32.7-2018-q2-update.win32_1.4.0.202007081208/tools/bin/../lib/gcc/arm-none-eabi/7.3.1/../../../../arm-none-eabi/lib/thumb/v6-m\libc_nano.a
END GROUP
START GROUP
LOAD d:/st/stm32cubeide_1.4.0/stm32cubeide/plugins/com.st.stm32cube.ide.mcu.externaltools.gnu-tools-for-stm32.7-2018-q2-update.win32_1.4.0.202007081208/tools/bin/../lib/gcc/arm-none-eabi/7.3.1/thumb/v6-m\libgcc.a
LOAD d:/st/stm32cubeide_1.4.0/stm32cubeide/plugins/com.st.stm32cube.ide.mcu.externaltools.gnu-tools-for-stm32.7-2018-q2-update.win32_1.4.0.202007081208/tools/bin/../lib/gcc/arm-none-eabi/7.3.1/../../../../arm-none-eabi/lib/thumb/v6-m\libc_nano.a
LOAD d:/st/stm32cubeide_1.4.0/stm32cubeide/plugins/com.st.stm32cube.ide.mcu.externaltools.gnu-tools-for-stm32.7-2018-q2-update.win32_1.4.0.202007081208/tools/bin/../lib/gcc/arm-none-eabi/7.3.1/../../../../arm-none-eabi/lib/thumb/v6-m\libnosys.a
END GROUP
START GROUP
LOAD d:/st/stm32cubeide_1.4.0/stm32cubeide/plugins/com.st.stm32cube.ide.mcu.externaltools.gnu-tools-for-stm32.7-2018-q2-update.win32_1.4.0.202007081208/tools/bin/../lib/gcc/arm-none-eabi/7.3.1/thumb/v6-m\libgcc.a
LOAD d:/st/stm32cubeide_1.4.0/stm32cubeide/plugins/com.st.stm32cube.ide.mcu.externaltools.gnu-tools-for-stm32.7-2018-q2-update.win32_1.4.0.202007081208/tools/bin/../lib/gcc/arm-none-eabi/7.3.1/../../../../arm-none-eabi/lib/thumb/v6-m\libc_nano.a
LOAD d:/st/stm32cubeide_1.4.0/stm32cubeide/plugins/com.st.stm32cube.ide.mcu.externaltools.gnu-tools-for-stm32.7-2018-q2-update.win32_1.4.0.202007081208/tools/bin/../lib/gcc/arm-none-eabi/7.3.1/../../../../arm-none-eabi/lib/thumb/v6-m\libnosys.a
END GROUP
LOAD d:/st/stm32cubeide_1.4.0/stm32cubeide/plugins/com.st.stm32cube.ide.mcu.externaltools.gnu-tools-for-stm32.7-2018-q2-update.win32_1.4.0.202007081208/tools/bin/../lib/gcc/arm-none-eabi/7.3.1/thumb/v6-m/crtend.o
LOAD d:/st/stm32cubeide_1.4.0/stm32cubeide/plugins/com.st.stm32cube.ide.mcu.externaltools.gnu-tools-for-stm32.7-2018-q2-update.win32_1.4.0.202007081208/tools/bin/../lib/gcc/arm-none-eabi/7.3.1/thumb/v6-m/crtn.o
                0x0000000020001000                _estack = (ORIGIN (RAM) + LENGTH (RAM))
                0x0000000000000200                _Min_Heap_Size = 0x200
                0x0000000000000400                _Min_Stack_Size = 0x400

.isr_vector     0x0000000008000000       0xc0
                0x0000000008000000                . = ALIGN (0x4)
 *(.isr_vector)
 .isr_vector    0x0000000008000000       0xc0 Core/Startup/startup_stm32f030c6tx.o
                0x0000000008000000                g_pfnVectors
                0x00000000080000c0                . = ALIGN (0x4)

.text           0x00000000080000c0     0x4980
                0x00000000080000c0                . = ALIGN (0x4)
 *(.text)
 .text          0x00000000080000c0       0x48 d:/st/stm32cubeide_1.4.0/stm32cubeide/plugins/com.st.stm32cube.ide.mcu.externaltools.gnu-tools-for-stm32.7-2018-q2-update.win32_1.4.0.202007081208/tools/bin/../lib/gcc/arm-none-eabi/7.3.1/thumb/v6-m/crtbegin.o
 .text          0x0000000008000108      0x114 d:/st/stm32cubeide_1.4.0/stm32cubeide/plugins/com.st.stm32cube.ide.mcu.externaltools.gnu-tools-for-stm32.7-2018-q2-update.win32_1.4.0.202007081208/tools/bin/../lib/gcc/arm-none-eabi/7.3.1/thumb/v6-m\libgcc.a(_udivsi3.o)
                0x0000000008000108                __aeabi_uidiv
                0x0000000008000108                __udivsi3
                0x0000000008000214                __aeabi_uidivmod
 .text          0x000000000800021c        0x4 d:/st/stm32cubeide_1.4.0/stm32cubeide/plugins/com.st.stm32cube.ide.mcu.externaltools.gnu-tools-for-stm32.7-2018-q2-update.win32_1.4.0.202007081208/tools/bin/../lib/gcc/arm-none-eabi/7.3.1/thumb/v6-m\libgcc.a(_dvmd_tls.o)
                0x000000000800021c                __aeabi_idiv0
                0x000000000800021c                __aeabi_ldiv0
 *(.text*)
 .text.getChannel
                0x0000000008000220       0x38 Core/MyInc/Player.o
 .text.player_init
                0x0000000008000258        0xe Core/MyInc/Player.o
                0x0000000008000258                player_init
 *fill*         0x0000000008000266        0x2 
 .text.player_play
                0x0000000008000268       0x78 Core/MyInc/Player.o
                0x0000000008000268                player_play
 .text.player_abort
                0x00000000080002e0       0x60 Core/MyInc/Player.o
                0x00000000080002e0                player_abort
 .text.player_on_pwm_finish
                0x0000000008000340       0xfc Core/MyInc/Player.o
                0x0000000008000340                player_on_pwm_finish
 .text.audioFill
                0x000000000800043c       0x94 Core/MyInc/Player.o
 .text.handle_sw_it
                0x00000000080004d0      0x178 Core/MyInc/Player.o
 .text.player_on_sw_it
                0x0000000008000648       0x2c Core/MyInc/Player.o
                0x0000000008000648                player_on_sw_it
 .text.__NVIC_EnableIRQ
                0x0000000008000674       0x34 Core/MyInc/Player_ll.o
 .text.__NVIC_SetPriority
                0x00000000080006a8       0xdc Core/MyInc/Player_ll.o
 .text.playerll_init
                0x0000000008000784       0x28 Core/MyInc/Player_ll.o
                0x0000000008000784                playerll_init
 .text.playerll_pwm_start
                0x00000000080007ac       0x44 Core/MyInc/Player_ll.o
                0x00000000080007ac                playerll_pwm_start
 .text.playerll_pwm_stop
                0x00000000080007f0       0x44 Core/MyInc/Player_ll.o
                0x00000000080007f0                playerll_pwm_stop
 .text.playerll_pwm_set
                0x0000000008000834       0x40 Core/MyInc/Player_ll.o
                0x0000000008000834                playerll_pwm_set
 .text.playerll_read
                0x0000000008000874       0x20 Core/MyInc/Player_ll.o
                0x0000000008000874                playerll_read
 .text.HAL_TIM_PWM_PulseFinishedCallback
                0x0000000008000894       0x38 Core/MyInc/Player_ll.o
                0x0000000008000894                HAL_TIM_PWM_PulseFinishedCallback
 .text.EXTI2_3_IRQHandler
                0x00000000080008cc       0x20 Core/MyInc/Player_ll.o
                0x00000000080008cc                EXTI2_3_IRQHandler
 .text.playerll_generate_software_it
                0x00000000080008ec       0x1c Core/MyInc/Player_ll.o
                0x00000000080008ec                playerll_generate_software_it
 .text.setup    0x0000000008000908       0x20 Core/MyInc/mainCodes.o
                0x0000000008000908                setup
 .text.loop     0x0000000008000928        0xa Core/MyInc/mainCodes.o
                0x0000000008000928                loop
 *fill*         0x0000000008000932        0x2 
 .text.W25qxx_Spi
                0x0000000008000934       0x30 Core/MyInc/w25qxx.o
                0x0000000008000934                W25qxx_Spi
 .text.W25qxx_ReadBytes
                0x0000000008000964       0xcc Core/MyInc/w25qxx.o
                0x0000000008000964                W25qxx_ReadBytes
 .text.main     0x0000000008000a30       0x2e Core/Src/main.o
                0x0000000008000a30                main
 .text.SystemClock_Config
                0x0000000008000a5e       0xc2 Core/Src/main.o
                0x0000000008000a5e                SystemClock_Config
 .text.MX_SPI1_Init
                0x0000000008000b20       0x7c Core/Src/main.o
 .text.MX_TIM16_Init
                0x0000000008000b9c      0x108 Core/Src/main.o
 .text.MX_TIM17_Init
                0x0000000008000ca4      0x108 Core/Src/main.o
 .text.MX_USART1_UART_Init
                0x0000000008000dac       0x60 Core/Src/main.o
 .text.MX_DMA_Init
                0x0000000008000e0c       0x3c Core/Src/main.o
 .text.MX_GPIO_Init
                0x0000000008000e48       0x90 Core/Src/main.o
 .text.Error_Handler
                0x0000000008000ed8        0xa Core/Src/main.o
                0x0000000008000ed8                Error_Handler
 *fill*         0x0000000008000ee2        0x2 
 .text.HAL_MspInit
                0x0000000008000ee4       0x48 Core/Src/stm32f0xx_hal_msp.o
                0x0000000008000ee4                HAL_MspInit
 .text.HAL_SPI_MspInit
                0x0000000008000f2c      0x144 Core/Src/stm32f0xx_hal_msp.o
                0x0000000008000f2c                HAL_SPI_MspInit
 .text.HAL_TIM_Base_MspInit
                0x0000000008001070       0x8c Core/Src/stm32f0xx_hal_msp.o
                0x0000000008001070                HAL_TIM_Base_MspInit
 .text.HAL_TIM_MspPostInit
                0x00000000080010fc       0xdc Core/Src/stm32f0xx_hal_msp.o
                0x00000000080010fc                HAL_TIM_MspPostInit
 .text.HAL_UART_MspInit
                0x00000000080011d8       0x98 Core/Src/stm32f0xx_hal_msp.o
                0x00000000080011d8                HAL_UART_MspInit
 .text.NMI_Handler
                0x0000000008001270        0xa Core/Src/stm32f0xx_it.o
                0x0000000008001270                NMI_Handler
 .text.HardFault_Handler
                0x000000000800127a        0x6 Core/Src/stm32f0xx_it.o
                0x000000000800127a                HardFault_Handler
 .text.SVC_Handler
                0x0000000008001280        0xa Core/Src/stm32f0xx_it.o
                0x0000000008001280                SVC_Handler
 .text.PendSV_Handler
                0x000000000800128a        0xa Core/Src/stm32f0xx_it.o
                0x000000000800128a                PendSV_Handler
 .text.SysTick_Handler
                0x0000000008001294        0xe Core/Src/stm32f0xx_it.o
                0x0000000008001294                SysTick_Handler
 *fill*         0x00000000080012a2        0x2 
 .text.DMA1_Channel2_3_IRQHandler
                0x00000000080012a4       0x24 Core/Src/stm32f0xx_it.o
                0x00000000080012a4                DMA1_Channel2_3_IRQHandler
 .text.TIM16_IRQHandler
                0x00000000080012c8       0x18 Core/Src/stm32f0xx_it.o
                0x00000000080012c8                TIM16_IRQHandler
 .text.TIM17_IRQHandler
                0x00000000080012e0       0x18 Core/Src/stm32f0xx_it.o
                0x00000000080012e0                TIM17_IRQHandler
 .text.SystemInit
                0x00000000080012f8        0xa Core/Src/system_stm32f0xx.o
                0x00000000080012f8                SystemInit
 *fill*         0x0000000008001302        0x2 
 .text.Reset_Handler
                0x0000000008001304       0x50 Core/Startup/startup_stm32f030c6tx.o
                0x0000000008001304                Reset_Handler
 .text.Default_Handler
                0x0000000008001354        0x2 Core/Startup/startup_stm32f030c6tx.o
                0x0000000008001354                TIM1_CC_IRQHandler
                0x0000000008001354                I2C1_IRQHandler
                0x0000000008001354                SPI1_IRQHandler
                0x0000000008001354                ADC1_IRQHandler
                0x0000000008001354                RTC_IRQHandler
                0x0000000008001354                TIM3_IRQHandler
                0x0000000008001354                EXTI4_15_IRQHandler
                0x0000000008001354                RCC_IRQHandler
                0x0000000008001354                DMA1_Channel1_IRQHandler
                0x0000000008001354                Default_Handler
                0x0000000008001354                TIM14_IRQHandler
                0x0000000008001354                DMA1_Channel4_5_IRQHandler
                0x0000000008001354                EXTI0_1_IRQHandler
                0x0000000008001354                WWDG_IRQHandler
                0x0000000008001354                FLASH_IRQHandler
                0x0000000008001354                USART1_IRQHandler
                0x0000000008001354                TIM1_BRK_UP_TRG_COM_IRQHandler
 *fill*         0x0000000008001356        0x2 
 .text.HAL_Init
                0x0000000008001358       0x28 Drivers/STM32F0xx_HAL_Driver/Src/stm32f0xx_hal.o
                0x0000000008001358                HAL_Init
 .text.HAL_InitTick
                0x0000000008001380       0x68 Drivers/STM32F0xx_HAL_Driver/Src/stm32f0xx_hal.o
                0x0000000008001380                HAL_InitTick
 .text.HAL_IncTick
                0x00000000080013e8       0x24 Drivers/STM32F0xx_HAL_Driver/Src/stm32f0xx_hal.o
                0x00000000080013e8                HAL_IncTick
 .text.HAL_GetTick
                0x000000000800140c       0x14 Drivers/STM32F0xx_HAL_Driver/Src/stm32f0xx_hal.o
                0x000000000800140c                HAL_GetTick
 .text.HAL_Delay
                0x0000000008001420       0x44 Drivers/STM32F0xx_HAL_Driver/Src/stm32f0xx_hal.o
                0x0000000008001420                HAL_Delay
 .text.__NVIC_EnableIRQ
                0x0000000008001464       0x34 Drivers/STM32F0xx_HAL_Driver/Src/stm32f0xx_hal_cortex.o
 .text.__NVIC_SetPriority
                0x0000000008001498       0xdc Drivers/STM32F0xx_HAL_Driver/Src/stm32f0xx_hal_cortex.o
 .text.SysTick_Config
                0x0000000008001574       0x48 Drivers/STM32F0xx_HAL_Driver/Src/stm32f0xx_hal_cortex.o
 .text.HAL_NVIC_SetPriority
                0x00000000080015bc       0x2a Drivers/STM32F0xx_HAL_Driver/Src/stm32f0xx_hal_cortex.o
                0x00000000080015bc                HAL_NVIC_SetPriority
 .text.HAL_NVIC_EnableIRQ
                0x00000000080015e6       0x20 Drivers/STM32F0xx_HAL_Driver/Src/stm32f0xx_hal_cortex.o
                0x00000000080015e6                HAL_NVIC_EnableIRQ
 .text.HAL_SYSTICK_Config
                0x0000000008001606       0x1a Drivers/STM32F0xx_HAL_Driver/Src/stm32f0xx_hal_cortex.o
                0x0000000008001606                HAL_SYSTICK_Config
 .text.HAL_DMA_Init
                0x0000000008001620       0x90 Drivers/STM32F0xx_HAL_Driver/Src/stm32f0xx_hal_dma.o
                0x0000000008001620                HAL_DMA_Init
 .text.HAL_DMA_Start_IT
                0x00000000080016b0       0xcc Drivers/STM32F0xx_HAL_Driver/Src/stm32f0xx_hal_dma.o
                0x00000000080016b0                HAL_DMA_Start_IT
 .text.HAL_DMA_IRQHandler
                0x000000000800177c      0x144 Drivers/STM32F0xx_HAL_Driver/Src/stm32f0xx_hal_dma.o
                0x000000000800177c                HAL_DMA_IRQHandler
 .text.DMA_SetConfig
                0x00000000080018c0       0x58 Drivers/STM32F0xx_HAL_Driver/Src/stm32f0xx_hal_dma.o
 .text.DMA_CalcBaseAndBitshift
                0x0000000008001918       0x38 Drivers/STM32F0xx_HAL_Driver/Src/stm32f0xx_hal_dma.o
 .text.HAL_GPIO_Init
                0x0000000008001950      0x2e0 Drivers/STM32F0xx_HAL_Driver/Src/stm32f0xx_hal_gpio.o
                0x0000000008001950                HAL_GPIO_Init
 .text.HAL_GPIO_WritePin
                0x0000000008001c30       0x3a Drivers/STM32F0xx_HAL_Driver/Src/stm32f0xx_hal_gpio.o
                0x0000000008001c30                HAL_GPIO_WritePin
 *fill*         0x0000000008001c6a        0x2 
 .text.HAL_RCC_OscConfig
                0x0000000008001c6c      0x638 Drivers/STM32F0xx_HAL_Driver/Src/stm32f0xx_hal_rcc.o
                0x0000000008001c6c                HAL_RCC_OscConfig
 .text.HAL_RCC_ClockConfig
                0x00000000080022a4      0x19c Drivers/STM32F0xx_HAL_Driver/Src/stm32f0xx_hal_rcc.o
                0x00000000080022a4                HAL_RCC_ClockConfig
 .text.HAL_RCC_GetSysClockFreq
                0x0000000008002440       0xc8 Drivers/STM32F0xx_HAL_Driver/Src/stm32f0xx_hal_rcc.o
                0x0000000008002440                HAL_RCC_GetSysClockFreq
 .text.HAL_RCC_GetHCLKFreq
                0x0000000008002508       0x14 Drivers/STM32F0xx_HAL_Driver/Src/stm32f0xx_hal_rcc.o
                0x0000000008002508                HAL_RCC_GetHCLKFreq
 .text.HAL_RCC_GetPCLK1Freq
                0x000000000800251c       0x2c Drivers/STM32F0xx_HAL_Driver/Src/stm32f0xx_hal_rcc.o
                0x000000000800251c                HAL_RCC_GetPCLK1Freq
 .text.HAL_RCCEx_PeriphCLKConfig
                0x0000000008002548      0x19c Drivers/STM32F0xx_HAL_Driver/Src/stm32f0xx_hal_rcc_ex.o
                0x0000000008002548                HAL_RCCEx_PeriphCLKConfig
 .text.HAL_SPI_Init
                0x00000000080026e4      0x170 Drivers/STM32F0xx_HAL_Driver/Src/stm32f0xx_hal_spi.o
                0x00000000080026e4                HAL_SPI_Init
 .text.HAL_SPI_TransmitReceive
                0x0000000008002854      0x3a8 Drivers/STM32F0xx_HAL_Driver/Src/stm32f0xx_hal_spi.o
                0x0000000008002854                HAL_SPI_TransmitReceive
 .text.HAL_SPI_TransmitReceive_DMA
                0x0000000008002bfc      0x388 Drivers/STM32F0xx_HAL_Driver/Src/stm32f0xx_hal_spi.o
                0x0000000008002bfc                HAL_SPI_TransmitReceive_DMA
 .text.HAL_SPI_RxCpltCallback
                0x0000000008002f84       0x10 Drivers/STM32F0xx_HAL_Driver/Src/stm32f0xx_hal_spi.o
                0x0000000008002f84                HAL_SPI_RxCpltCallback
 .text.HAL_SPI_TxRxCpltCallback
                0x0000000008002f94       0x10 Drivers/STM32F0xx_HAL_Driver/Src/stm32f0xx_hal_spi.o
                0x0000000008002f94                HAL_SPI_TxRxCpltCallback
 .text.HAL_SPI_RxHalfCpltCallback
                0x0000000008002fa4       0x10 Drivers/STM32F0xx_HAL_Driver/Src/stm32f0xx_hal_spi.o
                0x0000000008002fa4                HAL_SPI_RxHalfCpltCallback
 .text.HAL_SPI_TxRxHalfCpltCallback
                0x0000000008002fb4       0x10 Drivers/STM32F0xx_HAL_Driver/Src/stm32f0xx_hal_spi.o
                0x0000000008002fb4                HAL_SPI_TxRxHalfCpltCallback
 .text.HAL_SPI_ErrorCallback
                0x0000000008002fc4       0x10 Drivers/STM32F0xx_HAL_Driver/Src/stm32f0xx_hal_spi.o
                0x0000000008002fc4                HAL_SPI_ErrorCallback
 .text.SPI_DMAReceiveCplt
                0x0000000008002fd4       0xb0 Drivers/STM32F0xx_HAL_Driver/Src/stm32f0xx_hal_spi.o
 .text.SPI_DMATransmitReceiveCplt
                0x0000000008003084       0x96 Drivers/STM32F0xx_HAL_Driver/Src/stm32f0xx_hal_spi.o
 .text.SPI_DMAHalfReceiveCplt
                0x000000000800311a       0x1e Drivers/STM32F0xx_HAL_Driver/Src/stm32f0xx_hal_spi.o
 .text.SPI_DMAHalfTransmitReceiveCplt
                0x0000000008003138       0x1e Drivers/STM32F0xx_HAL_Driver/Src/stm32f0xx_hal_spi.o
 .text.SPI_DMAError
                0x0000000008003156       0x42 Drivers/STM32F0xx_HAL_Driver/Src/stm32f0xx_hal_spi.o
 .text.SPI_WaitFlagStateUntilTimeout
                0x0000000008003198      0x11c Drivers/STM32F0xx_HAL_Driver/Src/stm32f0xx_hal_spi.o
 .text.SPI_WaitFifoStateUntilTimeout
                0x00000000080032b4      0x144 Drivers/STM32F0xx_HAL_Driver/Src/stm32f0xx_hal_spi.o
 .text.SPI_EndRxTransaction
                0x00000000080033f8       0xbc Drivers/STM32F0xx_HAL_Driver/Src/stm32f0xx_hal_spi.o
 .text.SPI_EndRxTxTransaction
                0x00000000080034b4       0x8c Drivers/STM32F0xx_HAL_Driver/Src/stm32f0xx_hal_spi.o
 .text.HAL_TIM_Base_Init
                0x0000000008003540       0xa0 Drivers/STM32F0xx_HAL_Driver/Src/stm32f0xx_hal_tim.o
                0x0000000008003540                HAL_TIM_Base_Init
 .text.HAL_TIM_PWM_Init
                0x00000000080035e0       0xa0 Drivers/STM32F0xx_HAL_Driver/Src/stm32f0xx_hal_tim.o
                0x00000000080035e0                HAL_TIM_PWM_Init
 .text.HAL_TIM_PWM_MspInit
                0x0000000008003680       0x10 Drivers/STM32F0xx_HAL_Driver/Src/stm32f0xx_hal_tim.o
                0x0000000008003680                HAL_TIM_PWM_MspInit
 .text.HAL_TIM_PWM_Start_IT
                0x0000000008003690      0x1cc Drivers/STM32F0xx_HAL_Driver/Src/stm32f0xx_hal_tim.o
                0x0000000008003690                HAL_TIM_PWM_Start_IT
 .text.HAL_TIM_PWM_Stop_IT
                0x000000000800385c      0x16c Drivers/STM32F0xx_HAL_Driver/Src/stm32f0xx_hal_tim.o
                0x000000000800385c                HAL_TIM_PWM_Stop_IT
 .text.HAL_TIM_IRQHandler
                0x00000000080039c8      0x22c Drivers/STM32F0xx_HAL_Driver/Src/stm32f0xx_hal_tim.o
                0x00000000080039c8                HAL_TIM_IRQHandler
 .text.HAL_TIM_PWM_ConfigChannel
                0x0000000008003bf4      0x178 Drivers/STM32F0xx_HAL_Driver/Src/stm32f0xx_hal_tim.o
                0x0000000008003bf4                HAL_TIM_PWM_ConfigChannel
 .text.HAL_TIM_PeriodElapsedCallback
                0x0000000008003d6c       0x10 Drivers/STM32F0xx_HAL_Driver/Src/stm32f0xx_hal_tim.o
                0x0000000008003d6c                HAL_TIM_PeriodElapsedCallback
 .text.HAL_TIM_OC_DelayElapsedCallback
                0x0000000008003d7c       0x10 Drivers/STM32F0xx_HAL_Driver/Src/stm32f0xx_hal_tim.o
                0x0000000008003d7c                HAL_TIM_OC_DelayElapsedCallback
 .text.HAL_TIM_IC_CaptureCallback
                0x0000000008003d8c       0x10 Drivers/STM32F0xx_HAL_Driver/Src/stm32f0xx_hal_tim.o
                0x0000000008003d8c                HAL_TIM_IC_CaptureCallback
 .text.HAL_TIM_TriggerCallback
                0x0000000008003d9c       0x10 Drivers/STM32F0xx_HAL_Driver/Src/stm32f0xx_hal_tim.o
                0x0000000008003d9c                HAL_TIM_TriggerCallback
 .text.TIM_Base_SetConfig
                0x0000000008003dac       0xd8 Drivers/STM32F0xx_HAL_Driver/Src/stm32f0xx_hal_tim.o
                0x0000000008003dac                TIM_Base_SetConfig
 .text.TIM_OC1_SetConfig
                0x0000000008003e84       0xfc Drivers/STM32F0xx_HAL_Driver/Src/stm32f0xx_hal_tim.o
 .text.TIM_OC2_SetConfig
                0x0000000008003f80       0xfc Drivers/STM32F0xx_HAL_Driver/Src/stm32f0xx_hal_tim.o
                0x0000000008003f80                TIM_OC2_SetConfig
 .text.TIM_OC3_SetConfig
                0x000000000800407c      0x100 Drivers/STM32F0xx_HAL_Driver/Src/stm32f0xx_hal_tim.o
 .text.TIM_OC4_SetConfig
                0x000000000800417c       0xc8 Drivers/STM32F0xx_HAL_Driver/Src/stm32f0xx_hal_tim.o
 .text.TIM_CCxChannelCmd
                0x0000000008004244       0x46 Drivers/STM32F0xx_HAL_Driver/Src/stm32f0xx_hal_tim.o
                0x0000000008004244                TIM_CCxChannelCmd
 *fill*         0x000000000800428a        0x2 
 .text.HAL_TIMEx_ConfigBreakDeadTime
                0x000000000800428c       0xbc Drivers/STM32F0xx_HAL_Driver/Src/stm32f0xx_hal_tim_ex.o
                0x000000000800428c                HAL_TIMEx_ConfigBreakDeadTime
 .text.HAL_TIMEx_CommutCallback
                0x0000000008004348       0x10 Drivers/STM32F0xx_HAL_Driver/Src/stm32f0xx_hal_tim_ex.o
                0x0000000008004348                HAL_TIMEx_CommutCallback
 .text.HAL_TIMEx_BreakCallback
                0x0000000008004358       0x10 Drivers/STM32F0xx_HAL_Driver/Src/stm32f0xx_hal_tim_ex.o
                0x0000000008004358                HAL_TIMEx_BreakCallback
 .text.HAL_UART_Init
                0x0000000008004368       0xa8 Drivers/STM32F0xx_HAL_Driver/Src/stm32f0xx_hal_uart.o
                0x0000000008004368                HAL_UART_Init
 .text.UART_SetConfig
                0x0000000008004410      0x24c Drivers/STM32F0xx_HAL_Driver/Src/stm32f0xx_hal_uart.o
                0x0000000008004410                UART_SetConfig
 .text.UART_AdvFeatureConfig
                0x000000000800465c      0x168 Drivers/STM32F0xx_HAL_Driver/Src/stm32f0xx_hal_uart.o
                0x000000000800465c                UART_AdvFeatureConfig
 .text.UART_CheckIdleState
                0x00000000080047c4       0x94 Drivers/STM32F0xx_HAL_Driver/Src/stm32f0xx_hal_uart.o
                0x00000000080047c4                UART_CheckIdleState
 .text.UART_WaitOnFlagUntilTimeout
                0x0000000008004858      0x178 Drivers/STM32F0xx_HAL_Driver/Src/stm32f0xx_hal_uart.o
                0x0000000008004858                UART_WaitOnFlagUntilTimeout
 .text.__libc_init_array
                0x00000000080049d0       0x48 d:/st/stm32cubeide_1.4.0/stm32cubeide/plugins/com.st.stm32cube.ide.mcu.externaltools.gnu-tools-for-stm32.7-2018-q2-update.win32_1.4.0.202007081208/tools/bin/../lib/gcc/arm-none-eabi/7.3.1/../../../../arm-none-eabi/lib/thumb/v6-m\libc_nano.a(lib_a-init.o)
                0x00000000080049d0                __libc_init_array
 .text.memset   0x0000000008004a18       0x10 d:/st/stm32cubeide_1.4.0/stm32cubeide/plugins/com.st.stm32cube.ide.mcu.externaltools.gnu-tools-for-stm32.7-2018-q2-update.win32_1.4.0.202007081208/tools/bin/../lib/gcc/arm-none-eabi/7.3.1/../../../../arm-none-eabi/lib/thumb/v6-m\libc_nano.a(lib_a-memset.o)
                0x0000000008004a18                memset
 *(.glue_7)
 .glue_7        0x0000000008004a28        0x0 linker stubs
 *(.glue_7t)
 .glue_7t       0x0000000008004a28        0x0 linker stubs
 *(.eh_frame)
 .eh_frame      0x0000000008004a28        0x0 d:/st/stm32cubeide_1.4.0/stm32cubeide/plugins/com.st.stm32cube.ide.mcu.externaltools.gnu-tools-for-stm32.7-2018-q2-update.win32_1.4.0.202007081208/tools/bin/../lib/gcc/arm-none-eabi/7.3.1/thumb/v6-m/crtbegin.o
 *(.init)
 .init          0x0000000008004a28        0x4 d:/st/stm32cubeide_1.4.0/stm32cubeide/plugins/com.st.stm32cube.ide.mcu.externaltools.gnu-tools-for-stm32.7-2018-q2-update.win32_1.4.0.202007081208/tools/bin/../lib/gcc/arm-none-eabi/7.3.1/thumb/v6-m/crti.o
                0x0000000008004a28                _init
 .init          0x0000000008004a2c        0x8 d:/st/stm32cubeide_1.4.0/stm32cubeide/plugins/com.st.stm32cube.ide.mcu.externaltools.gnu-tools-for-stm32.7-2018-q2-update.win32_1.4.0.202007081208/tools/bin/../lib/gcc/arm-none-eabi/7.3.1/thumb/v6-m/crtn.o
 *(.fini)
 .fini          0x0000000008004a34        0x4 d:/st/stm32cubeide_1.4.0/stm32cubeide/plugins/com.st.stm32cube.ide.mcu.externaltools.gnu-tools-for-stm32.7-2018-q2-update.win32_1.4.0.202007081208/tools/bin/../lib/gcc/arm-none-eabi/7.3.1/thumb/v6-m/crti.o
                0x0000000008004a34                _fini
 .fini          0x0000000008004a38        0x8 d:/st/stm32cubeide_1.4.0/stm32cubeide/plugins/com.st.stm32cube.ide.mcu.externaltools.gnu-tools-for-stm32.7-2018-q2-update.win32_1.4.0.202007081208/tools/bin/../lib/gcc/arm-none-eabi/7.3.1/thumb/v6-m/crtn.o
                0x0000000008004a40                . = ALIGN (0x4)
                0x0000000008004a40                _etext = .

.vfp11_veneer   0x0000000008004a40        0x0
 .vfp11_veneer  0x0000000008004a40        0x0 linker stubs

.v4_bx          0x0000000008004a40        0x0
 .v4_bx         0x0000000008004a40        0x0 linker stubs

.iplt           0x0000000008004a40        0x0
 .iplt          0x0000000008004a40        0x0 d:/st/stm32cubeide_1.4.0/stm32cubeide/plugins/com.st.stm32cube.ide.mcu.externaltools.gnu-tools-for-stm32.7-2018-q2-update.win32_1.4.0.202007081208/tools/bin/../lib/gcc/arm-none-eabi/7.3.1/thumb/v6-m/crtbegin.o

.rodata         0x0000000008004a40       0x4c
                0x0000000008004a40                . = ALIGN (0x4)
 *(.rodata)
 .rodata        0x0000000008004a40       0x20 Drivers/STM32F0xx_HAL_Driver/Src/stm32f0xx_hal_rcc.o
 *(.rodata*)
 .rodata.handle_sw_it
                0x0000000008004a60       0x14 Core/MyInc/Player.o
 .rodata.AHBPrescTable
                0x0000000008004a74       0x10 Core/Src/system_stm32f0xx.o
                0x0000000008004a74                AHBPrescTable
 .rodata.APBPrescTable
                0x0000000008004a84        0x8 Core/Src/system_stm32f0xx.o
                0x0000000008004a84                APBPrescTable
                0x0000000008004a8c                . = ALIGN (0x4)

.rel.dyn        0x0000000008004a8c        0x0
 .rel.iplt      0x0000000008004a8c        0x0 d:/st/stm32cubeide_1.4.0/stm32cubeide/plugins/com.st.stm32cube.ide.mcu.externaltools.gnu-tools-for-stm32.7-2018-q2-update.win32_1.4.0.202007081208/tools/bin/../lib/gcc/arm-none-eabi/7.3.1/thumb/v6-m/crtbegin.o

.ARM.extab      0x0000000008004a8c        0x0
                0x0000000008004a8c                . = ALIGN (0x4)
 *(.ARM.extab* .gnu.linkonce.armextab.*)
                0x0000000008004a8c                . = ALIGN (0x4)

.ARM            0x0000000008004a8c        0x0
                0x0000000008004a8c                . = ALIGN (0x4)
                0x0000000008004a8c                __exidx_start = .
 *(.ARM.exidx*)
                0x0000000008004a8c                __exidx_end = .
                0x0000000008004a8c                . = ALIGN (0x4)

.preinit_array  0x0000000008004a8c        0x0
                0x0000000008004a8c                . = ALIGN (0x4)
                0x0000000008004a8c                PROVIDE (__preinit_array_start = .)
 *(.preinit_array*)
                0x0000000008004a8c                PROVIDE (__preinit_array_end = .)
                0x0000000008004a8c                . = ALIGN (0x4)

.init_array     0x0000000008004a8c        0x4
                0x0000000008004a8c                . = ALIGN (0x4)
                0x0000000008004a8c                PROVIDE (__init_array_start = .)
 *(SORT_BY_NAME(.init_array.*))
 *(.init_array*)
 .init_array    0x0000000008004a8c        0x4 d:/st/stm32cubeide_1.4.0/stm32cubeide/plugins/com.st.stm32cube.ide.mcu.externaltools.gnu-tools-for-stm32.7-2018-q2-update.win32_1.4.0.202007081208/tools/bin/../lib/gcc/arm-none-eabi/7.3.1/thumb/v6-m/crtbegin.o
                0x0000000008004a90                PROVIDE (__init_array_end = .)
                0x0000000008004a90                . = ALIGN (0x4)

.fini_array     0x0000000008004a90        0x4
                0x0000000008004a90                . = ALIGN (0x4)
                [!provide]                        PROVIDE (__fini_array_start = .)
 *(SORT_BY_NAME(.fini_array.*))
 *(.fini_array*)
 .fini_array    0x0000000008004a90        0x4 d:/st/stm32cubeide_1.4.0/stm32cubeide/plugins/com.st.stm32cube.ide.mcu.externaltools.gnu-tools-for-stm32.7-2018-q2-update.win32_1.4.0.202007081208/tools/bin/../lib/gcc/arm-none-eabi/7.3.1/thumb/v6-m/crtbegin.o
                [!provide]                        PROVIDE (__fini_array_end = .)
                0x0000000008004a94                . = ALIGN (0x4)
                0x0000000008004a94                _sidata = LOADADDR (.data)

.data           0x0000000020000000      0x228 load address 0x0000000008004a94
                0x0000000020000000                . = ALIGN (0x4)
                0x0000000020000000                _sdata = .
 *(.data)
 *(.data*)
 .data.c2       0x0000000020000000      0x21c Core/MyInc/Player.o
                0x0000000020000000                c2
 .data.SystemCoreClock
                0x000000002000021c        0x4 Core/Src/system_stm32f0xx.o
                0x000000002000021c                SystemCoreClock
 .data.uwTickPrio
                0x0000000020000220        0x4 Drivers/STM32F0xx_HAL_Driver/Src/stm32f0xx_hal.o
                0x0000000020000220                uwTickPrio
 .data.uwTickFreq
                0x0000000020000224        0x1 Drivers/STM32F0xx_HAL_Driver/Src/stm32f0xx_hal.o
                0x0000000020000224                uwTickFreq
                0x0000000020000228                . = ALIGN (0x4)
 *fill*         0x0000000020000225        0x3 
                0x0000000020000228                _edata = .

.igot.plt       0x0000000020000228        0x0 load address 0x0000000008004cbc
 .igot.plt      0x0000000020000228        0x0 d:/st/stm32cubeide_1.4.0/stm32cubeide/plugins/com.st.stm32cube.ide.mcu.externaltools.gnu-tools-for-stm32.7-2018-q2-update.win32_1.4.0.202007081208/tools/bin/../lib/gcc/arm-none-eabi/7.3.1/thumb/v6-m/crtbegin.o
                0x0000000020000228                . = ALIGN (0x4)

.bss            0x0000000020000228      0x468 load address 0x0000000008004cbc
                0x0000000020000228                _sbss = .
                0x0000000020000228                __bss_start__ = _sbss
 *(.bss)
 .bss           0x0000000020000228       0x1c d:/st/stm32cubeide_1.4.0/stm32cubeide/plugins/com.st.stm32cube.ide.mcu.externaltools.gnu-tools-for-stm32.7-2018-q2-update.win32_1.4.0.202007081208/tools/bin/../lib/gcc/arm-none-eabi/7.3.1/thumb/v6-m/crtbegin.o
 *(.bss*)
 .bss.c1        0x0000000020000244      0x21c Core/MyInc/Player.o
                0x0000000020000244                c1
 *(COMMON)
 COMMON         0x0000000020000460        0x1 Core/MyInc/Player.o
                0x0000000020000460                swHappend
 *fill*         0x0000000020000461        0x3 
 COMMON         0x0000000020000464       0x28 Core/MyInc/w25qxx.o
                0x0000000020000464                w25qxx
 COMMON         0x000000002000048c      0x200 Core/Src/main.o
                0x000000002000048c                htim17
                0x00000000200004d4                huart1
                0x0000000020000558                hspi1
                0x00000000200005bc                hdma_spi1_rx
                0x0000000020000600                htim16
                0x0000000020000648                hdma_spi1_tx
 COMMON         0x000000002000068c        0x4 Drivers/STM32F0xx_HAL_Driver/Src/stm32f0xx_hal.o
                0x000000002000068c                uwTick
                0x0000000020000690                . = ALIGN (0x4)
                0x0000000020000690                _ebss = .
                0x0000000020000690                __bss_end__ = _ebss

._user_heap_stack
                0x0000000020000690      0x600 load address 0x0000000008004cbc
                0x0000000020000690                . = ALIGN (0x8)
                [!provide]                        PROVIDE (end = .)
                0x0000000020000690                PROVIDE (_end = .)
                0x0000000020000890                . = (. + _Min_Heap_Size)
 *fill*         0x0000000020000690      0x200 
                0x0000000020000c90                . = (. + _Min_Stack_Size)
 *fill*         0x0000000020000890      0x400 
                0x0000000020000c90                . = ALIGN (0x8)

/DISCARD/
 libc.a(*)
 libm.a(*)
 libgcc.a(*)

.ARM.attributes
                0x0000000000000000       0x28
 *(.ARM.attributes)
 .ARM.attributes
                0x0000000000000000       0x1e d:/st/stm32cubeide_1.4.0/stm32cubeide/plugins/com.st.stm32cube.ide.mcu.externaltools.gnu-tools-for-stm32.7-2018-q2-update.win32_1.4.0.202007081208/tools/bin/../lib/gcc/arm-none-eabi/7.3.1/thumb/v6-m/crti.o
 .ARM.attributes
                0x000000000000001e       0x2c d:/st/stm32cubeide_1.4.0/stm32cubeide/plugins/com.st.stm32cube.ide.mcu.externaltools.gnu-tools-for-stm32.7-2018-q2-update.win32_1.4.0.202007081208/tools/bin/../lib/gcc/arm-none-eabi/7.3.1/thumb/v6-m/crtbegin.o
 .ARM.attributes
                0x000000000000004a       0x31 Core/MyInc/Player.o
 .ARM.attributes
                0x000000000000007b       0x31 Core/MyInc/Player_ll.o
 .ARM.attributes
                0x00000000000000ac       0x31 Core/MyInc/mainCodes.o
 .ARM.attributes
                0x00000000000000dd       0x31 Core/MyInc/w25qxx.o
 .ARM.attributes
                0x000000000000010e       0x31 Core/Src/main.o
 .ARM.attributes
                0x000000000000013f       0x31 Core/Src/stm32f0xx_hal_msp.o
 .ARM.attributes
                0x0000000000000170       0x31 Core/Src/stm32f0xx_it.o
 .ARM.attributes
                0x00000000000001a1       0x31 Core/Src/system_stm32f0xx.o
 .ARM.attributes
                0x00000000000001d2       0x21 Core/Startup/startup_stm32f030c6tx.o
 .ARM.attributes
                0x00000000000001f3       0x31 Drivers/STM32F0xx_HAL_Driver/Src/stm32f0xx_hal.o
 .ARM.attributes
                0x0000000000000224       0x31 Drivers/STM32F0xx_HAL_Driver/Src/stm32f0xx_hal_cortex.o
 .ARM.attributes
                0x0000000000000255       0x31 Drivers/STM32F0xx_HAL_Driver/Src/stm32f0xx_hal_dma.o
 .ARM.attributes
                0x0000000000000286       0x31 Drivers/STM32F0xx_HAL_Driver/Src/stm32f0xx_hal_gpio.o
 .ARM.attributes
                0x00000000000002b7       0x31 Drivers/STM32F0xx_HAL_Driver/Src/stm32f0xx_hal_rcc.o
 .ARM.attributes
                0x00000000000002e8       0x31 Drivers/STM32F0xx_HAL_Driver/Src/stm32f0xx_hal_rcc_ex.o
 .ARM.attributes
                0x0000000000000319       0x31 Drivers/STM32F0xx_HAL_Driver/Src/stm32f0xx_hal_spi.o
 .ARM.attributes
                0x000000000000034a       0x31 Drivers/STM32F0xx_HAL_Driver/Src/stm32f0xx_hal_tim.o
 .ARM.attributes
                0x000000000000037b       0x31 Drivers/STM32F0xx_HAL_Driver/Src/stm32f0xx_hal_tim_ex.o
 .ARM.attributes
                0x00000000000003ac       0x31 Drivers/STM32F0xx_HAL_Driver/Src/stm32f0xx_hal_uart.o
 .ARM.attributes
                0x00000000000003dd       0x2c d:/st/stm32cubeide_1.4.0/stm32cubeide/plugins/com.st.stm32cube.ide.mcu.externaltools.gnu-tools-for-stm32.7-2018-q2-update.win32_1.4.0.202007081208/tools/bin/../lib/gcc/arm-none-eabi/7.3.1/../../../../arm-none-eabi/lib/thumb/v6-m\libc_nano.a(lib_a-init.o)
 .ARM.attributes
                0x0000000000000409       0x2c d:/st/stm32cubeide_1.4.0/stm32cubeide/plugins/com.st.stm32cube.ide.mcu.externaltools.gnu-tools-for-stm32.7-2018-q2-update.win32_1.4.0.202007081208/tools/bin/../lib/gcc/arm-none-eabi/7.3.1/../../../../arm-none-eabi/lib/thumb/v6-m\libc_nano.a(lib_a-memset.o)
 .ARM.attributes
                0x0000000000000435       0x1e d:/st/stm32cubeide_1.4.0/stm32cubeide/plugins/com.st.stm32cube.ide.mcu.externaltools.gnu-tools-for-stm32.7-2018-q2-update.win32_1.4.0.202007081208/tools/bin/../lib/gcc/arm-none-eabi/7.3.1/thumb/v6-m\libgcc.a(_udivsi3.o)
 .ARM.attributes
                0x0000000000000453       0x1e d:/st/stm32cubeide_1.4.0/stm32cubeide/plugins/com.st.stm32cube.ide.mcu.externaltools.gnu-tools-for-stm32.7-2018-q2-update.win32_1.4.0.202007081208/tools/bin/../lib/gcc/arm-none-eabi/7.3.1/thumb/v6-m\libgcc.a(_dvmd_tls.o)
 .ARM.attributes
                0x0000000000000471       0x1e d:/st/stm32cubeide_1.4.0/stm32cubeide/plugins/com.st.stm32cube.ide.mcu.externaltools.gnu-tools-for-stm32.7-2018-q2-update.win32_1.4.0.202007081208/tools/bin/../lib/gcc/arm-none-eabi/7.3.1/thumb/v6-m/crtn.o
OUTPUT(dozgir_v1.elf elf32-littlearm)

.debug_info     0x0000000000000000    0x1174c
 .debug_info    0x0000000000000000      0x4f1 Core/MyInc/Player.o
 .debug_info    0x00000000000004f1      0xbf7 Core/MyInc/Player_ll.o
 .debug_info    0x00000000000010e8      0x98e Core/MyInc/mainCodes.o
 .debug_info    0x0000000000001a76      0xff9 Core/MyInc/w25qxx.o
 .debug_info    0x0000000000002a6f     0x1ac1 Core/Src/main.o
 .debug_info    0x0000000000004530     0x10e2 Core/Src/stm32f0xx_hal_msp.o
 .debug_info    0x0000000000005612      0x719 Core/Src/stm32f0xx_it.o
 .debug_info    0x0000000000005d2b      0x29e Core/Src/system_stm32f0xx.o
 .debug_info    0x0000000000005fc9       0x22 Core/Startup/startup_stm32f030c6tx.o
 .debug_info    0x0000000000005feb      0x667 Drivers/STM32F0xx_HAL_Driver/Src/stm32f0xx_hal.o
 .debug_info    0x0000000000006652      0x744 Drivers/STM32F0xx_HAL_Driver/Src/stm32f0xx_hal_cortex.o
 .debug_info    0x0000000000006d96      0x79f Drivers/STM32F0xx_HAL_Driver/Src/stm32f0xx_hal_dma.o
 .debug_info    0x0000000000007535      0x66f Drivers/STM32F0xx_HAL_Driver/Src/stm32f0xx_hal_gpio.o
 .debug_info    0x0000000000007ba4      0x80a Drivers/STM32F0xx_HAL_Driver/Src/stm32f0xx_hal_rcc.o
 .debug_info    0x00000000000083ae      0x3cb Drivers/STM32F0xx_HAL_Driver/Src/stm32f0xx_hal_rcc_ex.o
 .debug_info    0x0000000000008779     0x1660 Drivers/STM32F0xx_HAL_Driver/Src/stm32f0xx_hal_spi.o
 .debug_info    0x0000000000009dd9     0x293f Drivers/STM32F0xx_HAL_Driver/Src/stm32f0xx_hal_tim.o
 .debug_info    0x000000000000c718     0x13fa Drivers/STM32F0xx_HAL_Driver/Src/stm32f0xx_hal_tim_ex.o
 .debug_info    0x000000000000db12     0x3c3a Drivers/STM32F0xx_HAL_Driver/Src/stm32f0xx_hal_uart.o

.debug_abbrev   0x0000000000000000     0x23e6
 .debug_abbrev  0x0000000000000000      0x1be Core/MyInc/Player.o
 .debug_abbrev  0x00000000000001be      0x244 Core/MyInc/Player_ll.o
 .debug_abbrev  0x0000000000000402      0x1ae Core/MyInc/mainCodes.o
 .debug_abbrev  0x00000000000005b0      0x255 Core/MyInc/w25qxx.o
 .debug_abbrev  0x0000000000000805      0x28f Core/Src/main.o
 .debug_abbrev  0x0000000000000a94      0x1de Core/Src/stm32f0xx_hal_msp.o
 .debug_abbrev  0x0000000000000c72      0x169 Core/Src/stm32f0xx_it.o
 .debug_abbrev  0x0000000000000ddb      0x12b Core/Src/system_stm32f0xx.o
 .debug_abbrev  0x0000000000000f06       0x12 Core/Startup/startup_stm32f030c6tx.o
 .debug_abbrev  0x0000000000000f18      0x1f2 Drivers/STM32F0xx_HAL_Driver/Src/stm32f0xx_hal.o
 .debug_abbrev  0x000000000000110a      0x273 Drivers/STM32F0xx_HAL_Driver/Src/stm32f0xx_hal_cortex.o
 .debug_abbrev  0x000000000000137d      0x1ed Drivers/STM32F0xx_HAL_Driver/Src/stm32f0xx_hal_dma.o
 .debug_abbrev  0x000000000000156a      0x1c0 Drivers/STM32F0xx_HAL_Driver/Src/stm32f0xx_hal_gpio.o
 .debug_abbrev  0x000000000000172a      0x20f Drivers/STM32F0xx_HAL_Driver/Src/stm32f0xx_hal_rcc.o
 .debug_abbrev  0x0000000000001939      0x175 Drivers/STM32F0xx_HAL_Driver/Src/stm32f0xx_hal_rcc_ex.o
 .debug_abbrev  0x0000000000001aae      0x228 Drivers/STM32F0xx_HAL_Driver/Src/stm32f0xx_hal_spi.o
 .debug_abbrev  0x0000000000001cd6      0x23f Drivers/STM32F0xx_HAL_Driver/Src/stm32f0xx_hal_tim.o
 .debug_abbrev  0x0000000000001f15      0x245 Drivers/STM32F0xx_HAL_Driver/Src/stm32f0xx_hal_tim_ex.o
 .debug_abbrev  0x000000000000215a      0x28c Drivers/STM32F0xx_HAL_Driver/Src/stm32f0xx_hal_uart.o

.debug_aranges  0x0000000000000000      0xfb8
 .debug_aranges
                0x0000000000000000       0x78 Core/MyInc/Player.o
 .debug_aranges
                0x0000000000000078       0x70 Core/MyInc/Player_ll.o
 .debug_aranges
                0x00000000000000e8       0x28 Core/MyInc/mainCodes.o
 .debug_aranges
                0x0000000000000110      0x100 Core/MyInc/w25qxx.o
 .debug_aranges
                0x0000000000000210       0x60 Core/Src/main.o
 .debug_aranges
                0x0000000000000270       0x58 Core/Src/stm32f0xx_hal_msp.o
 .debug_aranges
                0x00000000000002c8       0x58 Core/Src/stm32f0xx_it.o
 .debug_aranges
                0x0000000000000320       0x28 Core/Src/system_stm32f0xx.o
 .debug_aranges
                0x0000000000000348       0x28 Core/Startup/startup_stm32f030c6tx.o
 .debug_aranges
                0x0000000000000370       0xd0 Drivers/STM32F0xx_HAL_Driver/Src/stm32f0xx_hal.o
 .debug_aranges
                0x0000000000000440       0xc0 Drivers/STM32F0xx_HAL_Driver/Src/stm32f0xx_hal_cortex.o
 .debug_aranges
                0x0000000000000500       0x88 Drivers/STM32F0xx_HAL_Driver/Src/stm32f0xx_hal_dma.o
 .debug_aranges
                0x0000000000000588       0x58 Drivers/STM32F0xx_HAL_Driver/Src/stm32f0xx_hal_gpio.o
 .debug_aranges
                0x00000000000005e0       0x80 Drivers/STM32F0xx_HAL_Driver/Src/stm32f0xx_hal_rcc.o
 .debug_aranges
                0x0000000000000660       0x30 Drivers/STM32F0xx_HAL_Driver/Src/stm32f0xx_hal_rcc_ex.o
 .debug_aranges
                0x0000000000000690      0x1d8 Drivers/STM32F0xx_HAL_Driver/Src/stm32f0xx_hal_spi.o
 .debug_aranges
                0x0000000000000868      0x3d0 Drivers/STM32F0xx_HAL_Driver/Src/stm32f0xx_hal_tim.o
 .debug_aranges
                0x0000000000000c38      0x168 Drivers/STM32F0xx_HAL_Driver/Src/stm32f0xx_hal_tim_ex.o
 .debug_aranges
                0x0000000000000da0      0x218 Drivers/STM32F0xx_HAL_Driver/Src/stm32f0xx_hal_uart.o

.debug_ranges   0x0000000000000000      0xf08
 .debug_ranges  0x0000000000000000       0x68 Core/MyInc/Player.o
 .debug_ranges  0x0000000000000068       0x60 Core/MyInc/Player_ll.o
 .debug_ranges  0x00000000000000c8       0x18 Core/MyInc/mainCodes.o
 .debug_ranges  0x00000000000000e0      0x138 Core/MyInc/w25qxx.o
 .debug_ranges  0x0000000000000218       0x50 Core/Src/main.o
 .debug_ranges  0x0000000000000268       0x48 Core/Src/stm32f0xx_hal_msp.o
 .debug_ranges  0x00000000000002b0       0x48 Core/Src/stm32f0xx_it.o
 .debug_ranges  0x00000000000002f8       0x18 Core/Src/system_stm32f0xx.o
 .debug_ranges  0x0000000000000310       0x20 Core/Startup/startup_stm32f030c6tx.o
 .debug_ranges  0x0000000000000330       0xc0 Drivers/STM32F0xx_HAL_Driver/Src/stm32f0xx_hal.o
 .debug_ranges  0x00000000000003f0       0xb0 Drivers/STM32F0xx_HAL_Driver/Src/stm32f0xx_hal_cortex.o
 .debug_ranges  0x00000000000004a0       0x78 Drivers/STM32F0xx_HAL_Driver/Src/stm32f0xx_hal_dma.o
 .debug_ranges  0x0000000000000518       0x48 Drivers/STM32F0xx_HAL_Driver/Src/stm32f0xx_hal_gpio.o
 .debug_ranges  0x0000000000000560       0x70 Drivers/STM32F0xx_HAL_Driver/Src/stm32f0xx_hal_rcc.o
 .debug_ranges  0x00000000000005d0       0x20 Drivers/STM32F0xx_HAL_Driver/Src/stm32f0xx_hal_rcc_ex.o
 .debug_ranges  0x00000000000005f0      0x1c8 Drivers/STM32F0xx_HAL_Driver/Src/stm32f0xx_hal_spi.o
 .debug_ranges  0x00000000000007b8      0x3c0 Drivers/STM32F0xx_HAL_Driver/Src/stm32f0xx_hal_tim.o
 .debug_ranges  0x0000000000000b78      0x158 Drivers/STM32F0xx_HAL_Driver/Src/stm32f0xx_hal_tim_ex.o
 .debug_ranges  0x0000000000000cd0      0x238 Drivers/STM32F0xx_HAL_Driver/Src/stm32f0xx_hal_uart.o

.debug_macro    0x0000000000000000    0x12166
 .debug_macro   0x0000000000000000      0x1fe Core/MyInc/Player.o
 .debug_macro   0x00000000000001fe      0xa48 Core/MyInc/Player.o
 .debug_macro   0x0000000000000c46      0x139 Core/MyInc/Player.o
 .debug_macro   0x0000000000000d7f       0x2e Core/MyInc/Player.o
 .debug_macro   0x0000000000000dad       0x22 Core/MyInc/Player.o
 .debug_macro   0x0000000000000dcf       0x22 Core/MyInc/Player.o
 .debug_macro   0x0000000000000df1       0x8e Core/MyInc/Player.o
 .debug_macro   0x0000000000000e7f       0x51 Core/MyInc/Player.o
 .debug_macro   0x0000000000000ed0       0xef Core/MyInc/Player.o
 .debug_macro   0x0000000000000fbf       0x6a Core/MyInc/Player.o
 .debug_macro   0x0000000000001029      0x1df Core/MyInc/Player.o
 .debug_macro   0x0000000000001208       0x1c Core/MyInc/Player.o
 .debug_macro   0x0000000000001224       0x22 Core/MyInc/Player.o
 .debug_macro   0x0000000000001246       0xb5 Core/MyInc/Player.o
 .debug_macro   0x00000000000012fb      0x391 Core/MyInc/Player.o
 .debug_macro   0x000000000000168c     0x6e67 Core/MyInc/Player.o
 .debug_macro   0x00000000000084f3       0x66 Core/MyInc/Player.o
 .debug_macro   0x0000000000008559     0x34a6 Core/MyInc/Player.o
 .debug_macro   0x000000000000b9ff      0x174 Core/MyInc/Player.o
 .debug_macro   0x000000000000bb73       0x55 Core/MyInc/Player.o
 .debug_macro   0x000000000000bbc8      0x924 Core/MyInc/Player.o
 .debug_macro   0x000000000000c4ec       0xe5 Core/MyInc/Player.o
 .debug_macro   0x000000000000c5d1      0x1af Core/MyInc/Player.o
 .debug_macro   0x000000000000c780       0xb3 Core/MyInc/Player.o
 .debug_macro   0x000000000000c833      0x1a0 Core/MyInc/Player.o
 .debug_macro   0x000000000000c9d3      0x1ed Core/MyInc/Player.o
 .debug_macro   0x000000000000cbc0       0x34 Core/MyInc/Player.o
 .debug_macro   0x000000000000cbf4       0x43 Core/MyInc/Player.o
 .debug_macro   0x000000000000cc37       0x28 Core/MyInc/Player.o
 .debug_macro   0x000000000000cc5f       0xb0 Core/MyInc/Player.o
 .debug_macro   0x000000000000cd0f      0x15a Core/MyInc/Player.o
 .debug_macro   0x000000000000ce69      0x22c Core/MyInc/Player.o
 .debug_macro   0x000000000000d095       0x61 Core/MyInc/Player.o
 .debug_macro   0x000000000000d0f6       0xa5 Core/MyInc/Player.o
 .debug_macro   0x000000000000d19b       0x4c Core/MyInc/Player.o
 .debug_macro   0x000000000000d1e7       0x2b Core/MyInc/Player.o
 .debug_macro   0x000000000000d212      0x2fe Core/MyInc/Player.o
 .debug_macro   0x000000000000d510      0x8d8 Core/MyInc/Player.o
 .debug_macro   0x000000000000dde8       0x28 Core/MyInc/Player.o
 .debug_macro   0x000000000000de10      0x55f Core/MyInc/Player.o
 .debug_macro   0x000000000000e36f       0x3e Core/MyInc/Player.o
 .debug_macro   0x000000000000e3ad       0xf1 Core/MyInc/Player.o
 .debug_macro   0x000000000000e49e       0x10 Core/MyInc/Player.o
 .debug_macro   0x000000000000e4ae       0x22 Core/MyInc/Player.o
 .debug_macro   0x000000000000e4d0      0x1f8 Core/MyInc/Player_ll.o
 .debug_macro   0x000000000000e6c8      0x36c Core/MyInc/mainCodes.o
 .debug_macro   0x000000000000ea34      0xb1a Core/MyInc/mainCodes.o
 .debug_macro   0x000000000000f54e       0x1c Core/MyInc/mainCodes.o
 .debug_macro   0x000000000000f56a      0x391 Core/MyInc/mainCodes.o
 .debug_macro   0x000000000000f8fb      0x17b Core/MyInc/mainCodes.o
 .debug_macro   0x000000000000fa76       0x46 Core/MyInc/mainCodes.o
 .debug_macro   0x000000000000fabc       0x34 Core/MyInc/mainCodes.o
 .debug_macro   0x000000000000faf0       0x35 Core/MyInc/mainCodes.o
 .debug_macro   0x000000000000fb25      0x34d Core/MyInc/mainCodes.o
 .debug_macro   0x000000000000fe72       0x43 Core/MyInc/mainCodes.o
 .debug_macro   0x000000000000feb5      0x137 Core/MyInc/mainCodes.o
 .debug_macro   0x000000000000ffec       0x16 Core/MyInc/mainCodes.o
 .debug_macro   0x0000000000010002      0x20d Core/MyInc/w25qxx.o
 .debug_macro   0x000000000001020f       0x28 Core/MyInc/w25qxx.o
 .debug_macro   0x0000000000010237      0x367 Core/Src/main.o
 .debug_macro   0x000000000001059e       0x35 Core/Src/main.o
 .debug_macro   0x00000000000105d3      0x32a Core/Src/main.o
 .debug_macro   0x00000000000108fd      0x1e5 Core/Src/stm32f0xx_hal_msp.o
 .debug_macro   0x0000000000010ae2      0x1ef Core/Src/stm32f0xx_it.o
 .debug_macro   0x0000000000010cd1      0x1d6 Core/Src/system_stm32f0xx.o
 .debug_macro   0x0000000000010ea7      0x1fa Drivers/STM32F0xx_HAL_Driver/Src/stm32f0xx_hal.o
 .debug_macro   0x00000000000110a1      0x1d6 Drivers/STM32F0xx_HAL_Driver/Src/stm32f0xx_hal_cortex.o
 .debug_macro   0x0000000000011277      0x1d6 Drivers/STM32F0xx_HAL_Driver/Src/stm32f0xx_hal_dma.o
 .debug_macro   0x000000000001144d      0x1dd Drivers/STM32F0xx_HAL_Driver/Src/stm32f0xx_hal_gpio.o
 .debug_macro   0x000000000001162a      0x1e8 Drivers/STM32F0xx_HAL_Driver/Src/stm32f0xx_hal_rcc.o
 .debug_macro   0x0000000000011812      0x1d6 Drivers/STM32F0xx_HAL_Driver/Src/stm32f0xx_hal_rcc_ex.o
 .debug_macro   0x00000000000119e8      0x1de Drivers/STM32F0xx_HAL_Driver/Src/stm32f0xx_hal_spi.o
 .debug_macro   0x0000000000011bc6      0x1d7 Drivers/STM32F0xx_HAL_Driver/Src/stm32f0xx_hal_tim.o
 .debug_macro   0x0000000000011d9d      0x1d6 Drivers/STM32F0xx_HAL_Driver/Src/stm32f0xx_hal_tim_ex.o
 .debug_macro   0x0000000000011f73      0x1f3 Drivers/STM32F0xx_HAL_Driver/Src/stm32f0xx_hal_uart.o

.debug_line     0x0000000000000000     0xdd1d
 .debug_line    0x0000000000000000      0x873 Core/MyInc/Player.o
 .debug_line    0x0000000000000873      0x7fd Core/MyInc/Player_ll.o
 .debug_line    0x0000000000001070      0x91f Core/MyInc/mainCodes.o
 .debug_line    0x000000000000198f      0xc60 Core/MyInc/w25qxx.o
 .debug_line    0x00000000000025ef      0xa2c Core/Src/main.o
 .debug_line    0x000000000000301b      0x7e4 Core/Src/stm32f0xx_hal_msp.o
 .debug_line    0x00000000000037ff      0x799 Core/Src/stm32f0xx_it.o
 .debug_line    0x0000000000003f98      0x728 Core/Src/system_stm32f0xx.o
 .debug_line    0x00000000000046c0       0x89 Core/Startup/startup_stm32f030c6tx.o
 .debug_line    0x0000000000004749      0x8c4 Drivers/STM32F0xx_HAL_Driver/Src/stm32f0xx_hal.o
 .debug_line    0x000000000000500d      0x8dc Drivers/STM32F0xx_HAL_Driver/Src/stm32f0xx_hal_cortex.o
 .debug_line    0x00000000000058e9      0x922 Drivers/STM32F0xx_HAL_Driver/Src/stm32f0xx_hal_dma.o
 .debug_line    0x000000000000620b      0x879 Drivers/STM32F0xx_HAL_Driver/Src/stm32f0xx_hal_gpio.o
 .debug_line    0x0000000000006a84      0x985 Drivers/STM32F0xx_HAL_Driver/Src/stm32f0xx_hal_rcc.o
 .debug_line    0x0000000000007409      0x7df Drivers/STM32F0xx_HAL_Driver/Src/stm32f0xx_hal_rcc_ex.o
 .debug_line    0x0000000000007be8     0x11a5 Drivers/STM32F0xx_HAL_Driver/Src/stm32f0xx_hal_spi.o
 .debug_line    0x0000000000008d8d     0x21a2 Drivers/STM32F0xx_HAL_Driver/Src/stm32f0xx_hal_tim.o
 .debug_line    0x000000000000af2f     0x1188 Drivers/STM32F0xx_HAL_Driver/Src/stm32f0xx_hal_tim_ex.o
 .debug_line    0x000000000000c0b7     0x1c66 Drivers/STM32F0xx_HAL_Driver/Src/stm32f0xx_hal_uart.o

.debug_str      0x0000000000000000    0x6729d
 .debug_str     0x0000000000000000    0x5e922 Core/MyInc/Player.o
                                      0x5ebd1 (size before relaxing)
 .debug_str     0x000000000005e922      0x776 Core/MyInc/Player_ll.o
                                      0x5f2ab (size before relaxing)
 .debug_str     0x000000000005f098     0x4768 Core/MyInc/mainCodes.o
                                      0x62fe3 (size before relaxing)
 .debug_str     0x0000000000063800      0x767 Core/MyInc/w25qxx.o
                                      0x5f453 (size before relaxing)
 .debug_str     0x0000000000063f67      0x65d Core/Src/main.o
                                      0x6392b (size before relaxing)
 .debug_str     0x00000000000645c4       0xc7 Core/Src/stm32f0xx_hal_msp.o
                                      0x5f504 (size before relaxing)
 .debug_str     0x000000000006468b       0x98 Core/Src/stm32f0xx_it.o
                                      0x5ef09 (size before relaxing)
 .debug_str     0x0000000000064723       0x5f Core/Src/system_stm32f0xx.o
                                      0x5e9f1 (size before relaxing)
 .debug_str     0x0000000000064782       0x36 Core/Startup/startup_stm32f030c6tx.o
                                         0x58 (size before relaxing)
 .debug_str     0x00000000000647b8      0x30d Drivers/STM32F0xx_HAL_Driver/Src/stm32f0xx_hal.o
                                      0x5eec8 (size before relaxing)
 .debug_str     0x0000000000064ac5      0x16e Drivers/STM32F0xx_HAL_Driver/Src/stm32f0xx_hal_cortex.o
                                      0x5ed7c (size before relaxing)
 .debug_str     0x0000000000064c33      0x248 Drivers/STM32F0xx_HAL_Driver/Src/stm32f0xx_hal_dma.o
                                      0x5edc9 (size before relaxing)
 .debug_str     0x0000000000064e7b      0x134 Drivers/STM32F0xx_HAL_Driver/Src/stm32f0xx_hal_gpio.o
                                      0x5ebd0 (size before relaxing)
 .debug_str     0x0000000000064faf      0x240 Drivers/STM32F0xx_HAL_Driver/Src/stm32f0xx_hal_rcc.o
                                      0x5edfb (size before relaxing)
 .debug_str     0x00000000000651ef       0xb1 Drivers/STM32F0xx_HAL_Driver/Src/stm32f0xx_hal_rcc_ex.o
                                      0x5eb2d (size before relaxing)
 .debug_str     0x00000000000652a0      0x581 Drivers/STM32F0xx_HAL_Driver/Src/stm32f0xx_hal_spi.o
                                      0x5f33b (size before relaxing)
 .debug_str     0x0000000000065821      0xdb1 Drivers/STM32F0xx_HAL_Driver/Src/stm32f0xx_hal_tim.o
                                      0x5fdac (size before relaxing)
 .debug_str     0x00000000000665d2      0x4a4 Drivers/STM32F0xx_HAL_Driver/Src/stm32f0xx_hal_tim_ex.o
                                      0x5f55d (size before relaxing)
 .debug_str     0x0000000000066a76      0x827 Drivers/STM32F0xx_HAL_Driver/Src/stm32f0xx_hal_uart.o
                                      0x5f694 (size before relaxing)

.comment        0x0000000000000000       0x7b
 .comment       0x0000000000000000       0x7b Core/MyInc/Player.o
                                         0x7c (size before relaxing)
 .comment       0x000000000000007b       0x7c Core/MyInc/Player_ll.o
 .comment       0x000000000000007b       0x7c Core/MyInc/mainCodes.o
 .comment       0x000000000000007b       0x7c Core/MyInc/w25qxx.o
 .comment       0x000000000000007b       0x7c Core/Src/main.o
 .comment       0x000000000000007b       0x7c Core/Src/stm32f0xx_hal_msp.o
 .comment       0x000000000000007b       0x7c Core/Src/stm32f0xx_it.o
 .comment       0x000000000000007b       0x7c Core/Src/system_stm32f0xx.o
 .comment       0x000000000000007b       0x7c Drivers/STM32F0xx_HAL_Driver/Src/stm32f0xx_hal.o
 .comment       0x000000000000007b       0x7c Drivers/STM32F0xx_HAL_Driver/Src/stm32f0xx_hal_cortex.o
 .comment       0x000000000000007b       0x7c Drivers/STM32F0xx_HAL_Driver/Src/stm32f0xx_hal_dma.o
 .comment       0x000000000000007b       0x7c Drivers/STM32F0xx_HAL_Driver/Src/stm32f0xx_hal_gpio.o
 .comment       0x000000000000007b       0x7c Drivers/STM32F0xx_HAL_Driver/Src/stm32f0xx_hal_rcc.o
 .comment       0x000000000000007b       0x7c Drivers/STM32F0xx_HAL_Driver/Src/stm32f0xx_hal_rcc_ex.o
 .comment       0x000000000000007b       0x7c Drivers/STM32F0xx_HAL_Driver/Src/stm32f0xx_hal_spi.o
 .comment       0x000000000000007b       0x7c Drivers/STM32F0xx_HAL_Driver/Src/stm32f0xx_hal_tim.o
 .comment       0x000000000000007b       0x7c Drivers/STM32F0xx_HAL_Driver/Src/stm32f0xx_hal_tim_ex.o
 .comment       0x000000000000007b       0x7c Drivers/STM32F0xx_HAL_Driver/Src/stm32f0xx_hal_uart.o

.debug_frame    0x0000000000000000     0x3844
 .debug_frame   0x0000000000000000      0x188 Core/MyInc/Player.o
 .debug_frame   0x0000000000000188      0x164 Core/MyInc/Player_ll.o
 .debug_frame   0x00000000000002ec       0x48 Core/MyInc/mainCodes.o
 .debug_frame   0x0000000000000334      0x3a4 Core/MyInc/w25qxx.o
 .debug_frame   0x00000000000006d8      0x120 Core/Src/main.o
 .debug_frame   0x00000000000007f8      0x110 Core/Src/stm32f0xx_hal_msp.o
 .debug_frame   0x0000000000000908       0xf0 Core/Src/stm32f0xx_it.o
 .debug_frame   0x00000000000009f8       0x4c Core/Src/system_stm32f0xx.o
 .debug_frame   0x0000000000000a44      0x2a4 Drivers/STM32F0xx_HAL_Driver/Src/stm32f0xx_hal.o
 .debug_frame   0x0000000000000ce8      0x2a0 Drivers/STM32F0xx_HAL_Driver/Src/stm32f0xx_hal_cortex.o
 .debug_frame   0x0000000000000f88      0x1d0 Drivers/STM32F0xx_HAL_Driver/Src/stm32f0xx_hal_dma.o
 .debug_frame   0x0000000000001158      0x110 Drivers/STM32F0xx_HAL_Driver/Src/stm32f0xx_hal_gpio.o
 .debug_frame   0x0000000000001268      0x198 Drivers/STM32F0xx_HAL_Driver/Src/stm32f0xx_hal_rcc.o
 .debug_frame   0x0000000000001400       0x70 Drivers/STM32F0xx_HAL_Driver/Src/stm32f0xx_hal_rcc_ex.o
 .debug_frame   0x0000000000001470      0x710 Drivers/STM32F0xx_HAL_Driver/Src/stm32f0xx_hal_spi.o
 .debug_frame   0x0000000000001b80      0xef8 Drivers/STM32F0xx_HAL_Driver/Src/stm32f0xx_hal_tim.o
 .debug_frame   0x0000000000002a78      0x550 Drivers/STM32F0xx_HAL_Driver/Src/stm32f0xx_hal_tim_ex.o
 .debug_frame   0x0000000000002fc8      0x810 Drivers/STM32F0xx_HAL_Driver/Src/stm32f0xx_hal_uart.o
 .debug_frame   0x00000000000037d8       0x2c d:/st/stm32cubeide_1.4.0/stm32cubeide/plugins/com.st.stm32cube.ide.mcu.externaltools.gnu-tools-for-stm32.7-2018-q2-update.win32_1.4.0.202007081208/tools/bin/../lib/gcc/arm-none-eabi/7.3.1/../../../../arm-none-eabi/lib/thumb/v6-m\libc_nano.a(lib_a-init.o)
 .debug_frame   0x0000000000003804       0x20 d:/st/stm32cubeide_1.4.0/stm32cubeide/plugins/com.st.stm32cube.ide.mcu.externaltools.gnu-tools-for-stm32.7-2018-q2-update.win32_1.4.0.202007081208/tools/bin/../lib/gcc/arm-none-eabi/7.3.1/../../../../arm-none-eabi/lib/thumb/v6-m\libc_nano.a(lib_a-memset.o)
 .debug_frame   0x0000000000003824       0x20 d:/st/stm32cubeide_1.4.0/stm32cubeide/plugins/com.st.stm32cube.ide.mcu.externaltools.gnu-tools-for-stm32.7-2018-q2-update.win32_1.4.0.202007081208/tools/bin/../lib/gcc/arm-none-eabi/7.3.1/thumb/v6-m\libgcc.a(_udivsi3.o)
