core_cm0.h:623:22:__NVIC_EnableIRQ	16	static
core_cm0.h:730:22:__NVIC_SetPriority	24	static
Player_ll.c:7:6:playerll_init	8	static
Player_ll.c:19:6:playerll_pwm_start	16	static
Player_ll.c:25:6:playerll_pwm_stop	16	static
Player_ll.c:31:6:playerll_pwm_set	16	static
Player_ll.c:38:10:playerll_pwm_get	16	static
Player_ll.c:46:6:playerll_read	24	static
Player_ll.c:51:6:HAL_TIM_PWM_PulseFinishedCallback	16	static
Player_ll.c:62:6:EXTI2_3_IRQHandler	8	static
Player_ll.c:67:6:playerll_generate_software_it	8	static
