w25qxx.c:23:9:W25qxx_Spi	40	static
w25qxx.c:32:10:W25qxx_ReadID	24	static
w25qxx.c:45:6:W25qxx_ReadUniqID	24	static
w25qxx.c:56:6:W25qxx_WriteEnable	8	static
w25qxx.c:64:6:W25qxx_WriteDisable	8	static
w25qxx.c:72:9:W25qxx_ReadStatusRegister	32	static
w25qxx.c:98:6:W25qxx_WriteStatusRegister	16	static
w25qxx.c:120:6:W25qxx_WaitForWriteEnd	8	static
w25qxx.c:133:6:W25qxx_Init	16	static
w25qxx.c:252:6:W25qxx_EraseChip	8	static
w25qxx.c:273:6:W25qxx_EraseSector	16	static
w25qxx.c:307:6:W25qxx_EraseBlock	16	static
w25qxx.c:343:10:W25qxx_PageToSector	16	static
w25qxx.c:348:10:W25qxx_PageToBlock	16	static
w25qxx.c:353:10:W25qxx_SectorToBlock	16	static
w25qxx.c:358:10:W25qxx_SectorToPage	16	static
w25qxx.c:363:10:W25qxx_BlockToPage	16	static
w25qxx.c:368:6:W25qxx_IsEmptyPage	80	static
w25qxx.c:450:6:W25qxx_IsEmptySector	80	static
w25qxx.c:532:6:W25qxx_IsEmptyBlock	80	static
w25qxx.c:615:6:W25qxx_WriteByte	16	static
w25qxx.c:649:6:W25qxx_WritePage	24	static
w25qxx.c:701:6:W25qxx_WriteSector	48	static
w25qxx.c:740:6:W25qxx_WriteBlock	48	static
w25qxx.c:779:6:W25qxx_ReadByte	16	static
w25qxx.c:811:6:W25qxx_ReadBytes	32	static
w25qxx.c:861:6:W25qxx_ReadPage	32	static
w25qxx.c:916:6:W25qxx_ReadSector	48	static
w25qxx.c:955:6:W25qxx_ReadBlock	48	static
