Archive member included to satisfy reference by file (symbol)

d:/st/stm32cubeide_1.4.0/stm32cubeide/plugins/com.st.stm32cube.ide.mcu.externaltools.gnu-tools-for-stm32.7-2018-q2-update.win32_1.4.0.202007081208/tools/bin/../lib/gcc/arm-none-eabi/7.3.1/../../../../arm-none-eabi/lib/thumb/v6-m\libc_nano.a(lib_a-errno.o)
                              Core/Src/syscalls.o (__errno)
d:/st/stm32cubeide_1.4.0/stm32cubeide/plugins/com.st.stm32cube.ide.mcu.externaltools.gnu-tools-for-stm32.7-2018-q2-update.win32_1.4.0.202007081208/tools/bin/../lib/gcc/arm-none-eabi/7.3.1/../../../../arm-none-eabi/lib/thumb/v6-m\libc_nano.a(lib_a-exit.o)
                              d:/st/stm32cubeide_1.4.0/stm32cubeide/plugins/com.st.stm32cube.ide.mcu.externaltools.gnu-tools-for-stm32.7-2018-q2-update.win32_1.4.0.202007081208/tools/bin/../lib/gcc/arm-none-eabi/7.3.1/../../../../arm-none-eabi/lib/thumb/v6-m/crt0.o (exit)
d:/st/stm32cubeide_1.4.0/stm32cubeide/plugins/com.st.stm32cube.ide.mcu.externaltools.gnu-tools-for-stm32.7-2018-q2-update.win32_1.4.0.202007081208/tools/bin/../lib/gcc/arm-none-eabi/7.3.1/../../../../arm-none-eabi/lib/thumb/v6-m\libc_nano.a(lib_a-impure.o)
                              d:/st/stm32cubeide_1.4.0/stm32cubeide/plugins/com.st.stm32cube.ide.mcu.externaltools.gnu-tools-for-stm32.7-2018-q2-update.win32_1.4.0.202007081208/tools/bin/../lib/gcc/arm-none-eabi/7.3.1/../../../../arm-none-eabi/lib/thumb/v6-m\libc_nano.a(lib_a-exit.o) (_global_impure_ptr)
d:/st/stm32cubeide_1.4.0/stm32cubeide/plugins/com.st.stm32cube.ide.mcu.externaltools.gnu-tools-for-stm32.7-2018-q2-update.win32_1.4.0.202007081208/tools/bin/../lib/gcc/arm-none-eabi/7.3.1/../../../../arm-none-eabi/lib/thumb/v6-m\libc_nano.a(lib_a-init.o)
                              d:/st/stm32cubeide_1.4.0/stm32cubeide/plugins/com.st.stm32cube.ide.mcu.externaltools.gnu-tools-for-stm32.7-2018-q2-update.win32_1.4.0.202007081208/tools/bin/../lib/gcc/arm-none-eabi/7.3.1/../../../../arm-none-eabi/lib/thumb/v6-m/crt0.o (__libc_init_array)
d:/st/stm32cubeide_1.4.0/stm32cubeide/plugins/com.st.stm32cube.ide.mcu.externaltools.gnu-tools-for-stm32.7-2018-q2-update.win32_1.4.0.202007081208/tools/bin/../lib/gcc/arm-none-eabi/7.3.1/../../../../arm-none-eabi/lib/thumb/v6-m\libc_nano.a(lib_a-malloc.o)
                              Core/Queue/cppQueue.o (malloc)
d:/st/stm32cubeide_1.4.0/stm32cubeide/plugins/com.st.stm32cube.ide.mcu.externaltools.gnu-tools-for-stm32.7-2018-q2-update.win32_1.4.0.202007081208/tools/bin/../lib/gcc/arm-none-eabi/7.3.1/../../../../arm-none-eabi/lib/thumb/v6-m\libc_nano.a(lib_a-memcpy-stub.o)
                              Core/Queue/cppQueue.o (memcpy)
d:/st/stm32cubeide_1.4.0/stm32cubeide/plugins/com.st.stm32cube.ide.mcu.externaltools.gnu-tools-for-stm32.7-2018-q2-update.win32_1.4.0.202007081208/tools/bin/../lib/gcc/arm-none-eabi/7.3.1/../../../../arm-none-eabi/lib/thumb/v6-m\libc_nano.a(lib_a-memset.o)
                              d:/st/stm32cubeide_1.4.0/stm32cubeide/plugins/com.st.stm32cube.ide.mcu.externaltools.gnu-tools-for-stm32.7-2018-q2-update.win32_1.4.0.202007081208/tools/bin/../lib/gcc/arm-none-eabi/7.3.1/../../../../arm-none-eabi/lib/thumb/v6-m/crt0.o (memset)
d:/st/stm32cubeide_1.4.0/stm32cubeide/plugins/com.st.stm32cube.ide.mcu.externaltools.gnu-tools-for-stm32.7-2018-q2-update.win32_1.4.0.202007081208/tools/bin/../lib/gcc/arm-none-eabi/7.3.1/../../../../arm-none-eabi/lib/thumb/v6-m\libc_nano.a(lib_a-nano-freer.o)
                              d:/st/stm32cubeide_1.4.0/stm32cubeide/plugins/com.st.stm32cube.ide.mcu.externaltools.gnu-tools-for-stm32.7-2018-q2-update.win32_1.4.0.202007081208/tools/bin/../lib/gcc/arm-none-eabi/7.3.1/../../../../arm-none-eabi/lib/thumb/v6-m\libc_nano.a(lib_a-malloc.o) (_free_r)
d:/st/stm32cubeide_1.4.0/stm32cubeide/plugins/com.st.stm32cube.ide.mcu.externaltools.gnu-tools-for-stm32.7-2018-q2-update.win32_1.4.0.202007081208/tools/bin/../lib/gcc/arm-none-eabi/7.3.1/../../../../arm-none-eabi/lib/thumb/v6-m\libc_nano.a(lib_a-nano-mallocr.o)
                              d:/st/stm32cubeide_1.4.0/stm32cubeide/plugins/com.st.stm32cube.ide.mcu.externaltools.gnu-tools-for-stm32.7-2018-q2-update.win32_1.4.0.202007081208/tools/bin/../lib/gcc/arm-none-eabi/7.3.1/../../../../arm-none-eabi/lib/thumb/v6-m\libc_nano.a(lib_a-malloc.o) (_malloc_r)
d:/st/stm32cubeide_1.4.0/stm32cubeide/plugins/com.st.stm32cube.ide.mcu.externaltools.gnu-tools-for-stm32.7-2018-q2-update.win32_1.4.0.202007081208/tools/bin/../lib/gcc/arm-none-eabi/7.3.1/../../../../arm-none-eabi/lib/thumb/v6-m\libc_nano.a(lib_a-printf.o)
                              Core/MyInc/mainCodes.o (printf)
d:/st/stm32cubeide_1.4.0/stm32cubeide/plugins/com.st.stm32cube.ide.mcu.externaltools.gnu-tools-for-stm32.7-2018-q2-update.win32_1.4.0.202007081208/tools/bin/../lib/gcc/arm-none-eabi/7.3.1/../../../../arm-none-eabi/lib/thumb/v6-m\libc_nano.a(lib_a-putchar.o)
                              Core/MyInc/mainCodes.o (putchar)
[...]
Memory Configuration

Name             Origin             Length             Attributes
RAM              0x0000000020000000 0x0000000000001000 xrw
FLASH            0x0000000008000000 0x0000000000008000 xr
*default*        0x0000000000000000 0xffffffffffffffff

Linker script and memory map

LOAD d:/st/stm32cubeide_1.4.0/stm32cubeide/plugins/com.st.stm32cube.ide.mcu.externaltools.gnu-tools-for-stm32.7-2018-q2-update.win32_1.4.0.202007081208/tools/bin/../lib/gcc/arm-none-eabi/7.3.1/thumb/v6-m/crti.o
LOAD d:/st/stm32cubeide_1.4.0/stm32cubeide/plugins/com.st.stm32cube.ide.mcu.externaltools.gnu-tools-for-stm32.7-2018-q2-update.win32_1.4.0.202007081208/tools/bin/../lib/gcc/arm-none-eabi/7.3.1/thumb/v6-m/crtbegin.o
LOAD d:/st/stm32cubeide_1.4.0/stm32cubeide/plugins/com.st.stm32cube.ide.mcu.externaltools.gnu-tools-for-stm32.7-2018-q2-update.win32_1.4.0.202007081208/tools/bin/../lib/gcc/arm-none-eabi/7.3.1/../../../../arm-none-eabi/lib/thumb/v6-m/crt0.o
LOAD Core/MyInc/Player.o
LOAD Core/MyInc/Player_ll.o
LOAD Core/MyInc/debug.o
LOAD Core/MyInc/event.o
LOAD Core/MyInc/mainCodes.o
LOAD Core/MyInc/toPort.o
LOAD Core/MyInc/w25qxx.o
LOAD Core/Queue/cppQueue.o
LOAD Core/Src/main.o
LOAD Core/Src/stm32f0xx_hal_msp.o
LOAD Core/Src/stm32f0xx_it.o
LOAD Core/Src/syscalls.o
LOAD Core/Src/sysmem.o
LOAD Core/Src/system_stm32f0xx.o
LOAD Core/Startup/startup_stm32f030c6tx.o
LOAD Core/sim800/BT.o
LOAD Core/sim800/sim800c.o
LOAD Core/sim800/sim800c_call.o
LOAD Core/sim800/sim800c_general.o
LOAD Core/sim800/sim800c_interface.o
LOAD Core/sim800/sim800c_sms.o
LOAD Drivers/STM32F0xx_HAL_Driver/Src/stm32f0xx_hal.o
LOAD Drivers/STM32F0xx_HAL_Driver/Src/stm32f0xx_hal_cortex.o
LOAD Drivers/STM32F0xx_HAL_Driver/Src/stm32f0xx_hal_dma.o
LOAD Drivers/STM32F0xx_HAL_Driver/Src/stm32f0xx_hal_exti.o
LOAD Drivers/STM32F0xx_HAL_Driver/Src/stm32f0xx_hal_flash.o
LOAD Drivers/STM32F0xx_HAL_Driver/Src/stm32f0xx_hal_flash_ex.o
LOAD Drivers/STM32F0xx_HAL_Driver/Src/stm32f0xx_hal_gpio.o
LOAD Drivers/STM32F0xx_HAL_Driver/Src/stm32f0xx_hal_i2c.o
LOAD Drivers/STM32F0xx_HAL_Driver/Src/stm32f0xx_hal_i2c_ex.o
LOAD Drivers/STM32F0xx_HAL_Driver/Src/stm32f0xx_hal_pwr.o
LOAD Drivers/STM32F0xx_HAL_Driver/Src/stm32f0xx_hal_pwr_ex.o
LOAD Drivers/STM32F0xx_HAL_Driver/Src/stm32f0xx_hal_rcc.o
LOAD Drivers/STM32F0xx_HAL_Driver/Src/stm32f0xx_hal_rcc_ex.o
LOAD Drivers/STM32F0xx_HAL_Driver/Src/stm32f0xx_hal_spi.o
LOAD Drivers/STM32F0xx_HAL_Driver/Src/stm32f0xx_hal_spi_ex.o
LOAD Drivers/STM32F0xx_HAL_Driver/Src/stm32f0xx_hal_tim.o
LOAD Drivers/STM32F0xx_HAL_Driver/Src/stm32f0xx_hal_tim_ex.o
LOAD Drivers/STM32F0xx_HAL_Driver/Src/stm32f0xx_hal_uart.o
LOAD Drivers/STM32F0xx_HAL_Driver/Src/stm32f0xx_hal_uart_ex.o
START GROUP
LOAD d:/st/stm32cubeide_1.4.0/stm32cubeide/plugins/com.st.stm32cube.ide.mcu.externaltools.gnu-tools-for-stm32.7-2018-q2-update.win32_1.4.0.202007081208/tools/bin/../lib/gcc/arm-none-eabi/7.3.1/../../../../arm-none-eabi/lib/thumb/v6-m\libstdc++_nano.a
LOAD d:/st/stm32cubeide_1.4.0/stm32cubeide/plugins/com.st.stm32cube.ide.mcu.externaltools.gnu-tools-for-stm32.7-2018-q2-update.win32_1.4.0.202007081208/tools/bin/../lib/gcc/arm-none-eabi/7.3.1/../../../../arm-none-eabi/lib/thumb/v6-m\libsupc++_nano.a
END GROUP
LOAD d:/st/stm32cubeide_1.4.0/stm32cubeide/plugins/com.st.stm32cube.ide.mcu.externaltools.gnu-tools-for-stm32.7-2018-q2-update.win32_1.4.0.202007081208/tools/bin/../lib/gcc/arm-none-eabi/7.3.1/../../../../arm-none-eabi/lib/thumb/v6-m\libstdc++_nano.a
LOAD d:/st/stm32cubeide_1.4.0/stm32cubeide/plugins/com.st.stm32cube.ide.mcu.externaltools.gnu-tools-for-stm32.7-2018-q2-update.win32_1.4.0.202007081208/tools/bin/../lib/gcc/arm-none-eabi/7.3.1/../../../../arm-none-eabi/lib/thumb/v6-m\libm.a
LOAD d:/st/stm32cubeide_1.4.0/stm32cubeide/plugins/com.st.stm32cube.ide.mcu.externaltools.gnu-tools-for-stm32.7-2018-q2-update.win32_1.4.0.202007081208/tools/bin/../lib/gcc/arm-none-eabi/7.3.1/../../../../arm-none-eabi/lib/thumb/v6-m\libc_nano.a
START GROUP
LOAD d:/st/stm32cubeide_1.4.0/stm32cubeide/plugins/com.st.stm32cube.ide.mcu.externaltools.gnu-tools-for-stm32.7-2018-q2-update.win32_1.4.0.202007081208/tools/bin/../lib/gcc/arm-none-eabi/7.3.1/thumb/v6-m\libgcc.a
LOAD d:/st/stm32cubeide_1.4.0/stm32cubeide/plugins/com.st.stm32cube.ide.mcu.externaltools.gnu-tools-for-stm32.7-2018-q2-update.win32_1.4.0.202007081208/tools/bin/../lib/gcc/arm-none-eabi/7.3.1/../../../../arm-none-eabi/lib/thumb/v6-m\libc_nano.a
END GROUP
START GROUP
LOAD d:/st/stm32cubeide_1.4.0/stm32cubeide/plugins/com.st.stm32cube.ide.mcu.externaltools.gnu-tools-for-stm32.7-2018-q2-update.win32_1.4.0.202007081208/tools/bin/../lib/gcc/arm-none-eabi/7.3.1/thumb/v6-m\libgcc.a
LOAD d:/st/stm32cubeide_1.4.0/stm32cubeide/plugins/com.st.stm32cube.ide.mcu.externaltools.gnu-tools-for-stm32.7-2018-q2-update.win32_1.4.0.202007081208/tools/bin/../lib/gcc/arm-none-eabi/7.3.1/../../../../arm-none-eabi/lib/thumb/v6-m\libc_nano.a
LOAD d:/st/stm32cubeide_1.4.0/stm32cubeide/plugins/com.st.stm32cube.ide.mcu.externaltools.gnu-tools-for-stm32.7-2018-q2-update.win32_1.4.0.202007081208/tools/bin/../lib/gcc/arm-none-eabi/7.3.1/../../../../arm-none-eabi/lib/thumb/v6-m\libnosys.a
END GROUP
START GROUP
LOAD d:/st/stm32cubeide_1.4.0/stm32cubeide/plugins/com.st.stm32cube.ide.mcu.externaltools.gnu-tools-for-stm32.7-2018-q2-update.win32_1.4.0.202007081208/tools/bin/../lib/gcc/arm-none-eabi/7.3.1/thumb/v6-m\libgcc.a
LOAD d:/st/stm32cubeide_1.4.0/stm32cubeide/plugins/com.st.stm32cube.ide.mcu.externaltools.gnu-tools-for-stm32.7-2018-q2-update.win32_1.4.0.202007081208/tools/bin/../lib/gcc/arm-none-eabi/7.3.1/../../../../arm-none-eabi/lib/thumb/v6-m\libc_nano.a
LOAD d:/st/stm32cubeide_1.4.0/stm32cubeide/plugins/com.st.stm32cube.ide.mcu.externaltools.gnu-tools-for-stm32.7-2018-q2-update.win32_1.4.0.202007081208/tools/bin/../lib/gcc/arm-none-eabi/7.3.1/../../../../arm-none-eabi/lib/thumb/v6-m\libnosys.a
END GROUP
LOAD d:/st/stm32cubeide_1.4.0/stm32cubeide/plugins/com.st.stm32cube.ide.mcu.externaltools.gnu-tools-for-stm32.7-2018-q2-update.win32_1.4.0.202007081208/tools/bin/../lib/gcc/arm-none-eabi/7.3.1/thumb/v6-m/crtend.o
LOAD d:/st/stm32cubeide_1.4.0/stm32cubeide/plugins/com.st.stm32cube.ide.mcu.externaltools.gnu-tools-for-stm32.7-2018-q2-update.win32_1.4.0.202007081208/tools/bin/../lib/gcc/arm-none-eabi/7.3.1/thumb/v6-m/crtn.o
                0x0000000020001000                _estack = (ORIGIN (RAM) + LENGTH (RAM))
                0x0000000000000100                _Min_Heap_Size = 0x100
                0x0000000000000200                _Min_Stack_Size = 0x200

.isr_vector     0x0000000008000000       0xc0
                0x0000000008000000                . = ALIGN (0x4)
 *(.isr_vector)
 .isr_vector    0x0000000008000000       0xc0 Core/Startup/startup_stm32f030c6tx.o
                0x0000000008000000                g_pfnVectors
                0x00000000080000c0                . = ALIGN (0x4)

.text           0x00000000080000c0     0x6638
                0x00000000080000c0                . = ALIGN (0x4)
 *(.text)
 .text          0x00000000080000c0       0x48 d:/st/stm32cubeide_1.4.0/stm32cubeide/plugins/com.st.stm32cube.ide.mcu.externaltools.gnu-tools-for-stm32.7-2018-q2-update.win32_1.4.0.202007081208/tools/bin/../lib/gcc/arm-none-eabi/7.3.1/thumb/v6-m/crtbegin.o
 .text          0x0000000008000108        0xe d:/st/stm32cubeide_1.4.0/stm32cubeide/plugins/com.st.stm32cube.ide.mcu.externaltools.gnu-tools-for-stm32.7-2018-q2-update.win32_1.4.0.202007081208/tools/bin/../lib/gcc/arm-none-eabi/7.3.1/../../../../arm-none-eabi/lib/thumb/v6-m\libc_nano.a(lib_a-strlen.o)
                0x0000000008000108                strlen
 *fill*         0x0000000008000116        0x2 
 .text          0x0000000008000118       0x14 d:/st/stm32cubeide_1.4.0/stm32cubeide/plugins/com.st.stm32cube.ide.mcu.externaltools.gnu-tools-for-stm32.7-2018-q2-update.win32_1.4.0.202007081208/tools/bin/../lib/gcc/arm-none-eabi/7.3.1/thumb/v6-m\libgcc.a(_thumb1_case_sqi.o)
                0x0000000008000118                __gnu_thumb1_case_sqi
 .text          0x000000000800012c       0x14 d:/st/stm32cubeide_1.4.0/stm32cubeide/plugins/com.st.stm32cube.ide.mcu.externaltools.gnu-tools-for-stm32.7-2018-q2-update.win32_1.4.0.202007081208/tools/bin/../lib/gcc/arm-none-eabi/7.3.1/thumb/v6-m\libgcc.a(_thumb1_case_uqi.o)
                0x000000000800012c                __gnu_thumb1_case_uqi
 .text          0x0000000008000140      0x114 d:/st/stm32cubeide_1.4.0/stm32cubeide/plugins/com.st.stm32cube.ide.mcu.externaltools.gnu-tools-for-stm32.7-2018-q2-update.win32_1.4.0.202007081208/tools/bin/../lib/gcc/arm-none-eabi/7.3.1/thumb/v6-m\libgcc.a(_udivsi3.o)
                0x0000000008000140                __aeabi_uidiv
                0x0000000008000140                __udivsi3
                0x000000000800024c                __aeabi_uidivmod
 .text          0x0000000008000254        0x4 d:/st/stm32cubeide_1.4.0/stm32cubeide/plugins/com.st.stm32cube.ide.mcu.externaltools.gnu-tools-for-stm32.7-2018-q2-update.win32_1.4.0.202007081208/tools/bin/../lib/gcc/arm-none-eabi/7.3.1/thumb/v6-m\libgcc.a(_dvmd_tls.o)
                0x0000000008000254                __aeabi_idiv0
                0x0000000008000254                __aeabi_ldiv0
 *(.text*)
 .text.fillSegment
                0x0000000008000258       0x68 Core/MyInc/Player.o
 .text.handle_softwareitr
                0x00000000080002c0       0xac Core/MyInc/Player.o
 .text.player_on_sw_it
                0x000000000800036c       0x24 Core/MyInc/Player.o
                0x000000000800036c                player_on_sw_it
 .text.player_on_dma_finish
                0x0000000008000390       0x38 Core/MyInc/Player.o
                0x0000000008000390                player_on_dma_finish
 .text.handle_dma_finish
                0x00000000080003c8       0x24 Core/MyInc/Player_ll.o
 .text.playerll_read
                0x00000000080003ec       0x10 Core/MyInc/Player_ll.o
                0x00000000080003ec                playerll_read
 .text.playerll_dma_stop
                0x00000000080003fc       0x44 Core/MyInc/Player_ll.o
                0x00000000080003fc                playerll_dma_stop
 .text.playerll_dma_start
                0x0000000008000440       0x88 Core/MyInc/Player_ll.o
                0x0000000008000440                playerll_dma_start
 .text.playerll_dma_pause
                0x00000000080004c8       0x60 Core/MyInc/Player_ll.o
                0x00000000080004c8                playerll_dma_pause
 .text.EXTI2_3_IRQHandler
                0x0000000008000528       0x18 Core/MyInc/Player_ll.o
                0x0000000008000528                EXTI2_3_IRQHandler
 .text.playerll_generate_software_it
                0x0000000008000540       0x10 Core/MyInc/Player_ll.o
                0x0000000008000540                playerll_generate_software_it
 .text.swap     0x0000000008000550       0x5c Core/MyInc/debug.o
                0x0000000008000550                swap
 .text.__io_putchar
                0x00000000080005ac       0x24 Core/MyInc/debug.o
                0x00000000080005ac                __io_putchar
 .text._Z11readCommandPKcPc
                0x00000000080005d0       0x4c Core/MyInc/event.o
                0x00000000080005d0                readCommand(char const*, char*)
 .text._Z20handle_StatusCommandv
                0x000000000800061c       0x90 Core/MyInc/event.o
                0x000000000800061c                handle_StatusCommand()
 .text.set_settings
                0x00000000080006ac       0x2e Core/MyInc/event.o
                0x00000000080006ac                set_settings
 .text.get_setting
                0x00000000080006da       0x48 Core/MyInc/event.o
                0x00000000080006da                get_setting
 *fill*         0x0000000008000722        0x2 
 .text.spp_data
                0x0000000008000724       0xc0 Core/MyInc/event.o
                0x0000000008000724                spp_data
 .text._Z13turnOffModulev.part.2
                0x00000000080007e4       0x2e Core/MyInc/mainCodes.o
 *fill*         0x0000000008000812        0x2 
 .text.HAL_GPIO_EXTI_Callback
                0x0000000008000814       0x7c Core/MyInc/mainCodes.o
                0x0000000008000814                HAL_GPIO_EXTI_Callback
 .text.smsQueueAdd
                0x0000000008000890       0x14 Core/MyInc/mainCodes.o
                0x0000000008000890                smsQueueAdd
 .text._Z14smsQueueHandlev
                0x00000000080008a4       0x40 Core/MyInc/mainCodes.o
                0x00000000080008a4                smsQueueHandle()
 .text._Z13turnOffModulev
                0x00000000080008e4       0x16 Core/MyInc/mainCodes.o
                0x00000000080008e4                turnOffModule()
 .text._Z12turnOnModulev
                0x00000000080008fa       0x16 Core/MyInc/mainCodes.o
                0x00000000080008fa                turnOnModule()
 .text._Z9printfResh
                0x0000000008000910       0x34 Core/MyInc/mainCodes.o
                0x0000000008000910                printfRes(unsigned char)
 .text.setup    0x0000000008000944       0xb8 Core/MyInc/mainCodes.o
                0x0000000008000944                setup
 .text.loop     0x00000000080009fc      0x3fc Core/MyInc/mainCodes.o
                0x00000000080009fc                loop
 .text.startup._GLOBAL__sub_I_smsQueue
                0x0000000008000df8       0x18 Core/MyInc/mainCodes.o
 .text.exit._GLOBAL__sub_D_smsQueue
                0x0000000008000e10       0x10 Core/MyInc/mainCodes.o
 .text.sim800c_transmit
                0x0000000008000e20       0x20 Core/MyInc/toPort.o
                0x0000000008000e20                sim800c_transmit
 .text.sim800c_onError
                0x0000000008000e40       0x1c Core/MyInc/toPort.o
                0x0000000008000e40                sim800c_onError
 .text.USART1_IRQHandler
                0x0000000008000e5c       0x14 Core/MyInc/toPort.o
                0x0000000008000e5c                USART1_IRQHandler
 .text.init_uart
                0x0000000008000e70       0x28 Core/MyInc/toPort.o
                0x0000000008000e70                init_uart
 .text.W25qxx_Spi
                0x0000000008000e98       0x28 Core/MyInc/w25qxx.o
                0x0000000008000e98                W25qxx_Spi
 .text.W25qxx_ReadID
                0x0000000008000ec0       0x42 Core/MyInc/w25qxx.o
                0x0000000008000ec0                W25qxx_ReadID
 *fill*         0x0000000008000f02        0x2 
 .text.W25qxx_ReadUniqID
                0x0000000008000f04       0x50 Core/MyInc/w25qxx.o
                0x0000000008000f04                W25qxx_ReadUniqID
 .text.W25qxx_WriteEnable
                0x0000000008000f54       0x28 Core/MyInc/w25qxx.o
                0x0000000008000f54                W25qxx_WriteEnable
 .text.W25qxx_ReadStatusRegister
                0x0000000008000f7c       0x64 Core/MyInc/w25qxx.o
                0x0000000008000f7c                W25qxx_ReadStatusRegister
 .text.W25qxx_WaitForWriteEnd
                0x0000000008000fe0       0x48 Core/MyInc/w25qxx.o
                0x0000000008000fe0                W25qxx_WaitForWriteEnd
 .text.W25qxx_Init
                0x0000000008001028       0xec Core/MyInc/w25qxx.o
                0x0000000008001028                W25qxx_Init
 .text.W25qxx_EraseSector
                0x0000000008001114       0x80 Core/MyInc/w25qxx.o
                0x0000000008001114                W25qxx_EraseSector
 .text.W25qxx_SectorToPage
                0x0000000008001194       0x14 Core/MyInc/w25qxx.o
                0x0000000008001194                W25qxx_SectorToPage
 .text.W25qxx_WritePage
                0x00000000080011a8       0xac Core/MyInc/w25qxx.o
                0x00000000080011a8                W25qxx_WritePage
 .text.W25qxx_WriteSector
                0x0000000008001254       0x60 Core/MyInc/w25qxx.o
                0x0000000008001254                W25qxx_WriteSector
 .text.W25qxx_ReadBytes
                0x00000000080012b4       0x94 Core/MyInc/w25qxx.o
                0x00000000080012b4                W25qxx_ReadBytes
 .text.W25qxx_ReadPage
                0x0000000008001348       0xb4 Core/MyInc/w25qxx.o
                0x0000000008001348                W25qxx_ReadPage
 .text.W25qxx_ReadSector
                0x00000000080013fc       0x60 Core/MyInc/w25qxx.o
                0x00000000080013fc                W25qxx_ReadSector
 .text._ZN8cppQueueC2Ett16enumcppQueueTypeb
                0x000000000800145c       0x38 Core/Queue/cppQueue.o
                0x000000000800145c                cppQueue::cppQueue(unsigned short, unsigned short, enumcppQueueType, bool)
                0x000000000800145c                cppQueue::cppQueue(unsigned short, unsigned short, enumcppQueueType, bool)
 .text._ZN8cppQueueD2Ev
                0x0000000008001494       0x1c Core/Queue/cppQueue.o
                0x0000000008001494                cppQueue::~cppQueue()
                0x0000000008001494                cppQueue::~cppQueue()
 .text._ZN8cppQueue4pushEPKv
                0x00000000080014b0       0x5c Core/Queue/cppQueue.o
                0x00000000080014b0                cppQueue::push(void const*)
 .text._ZN8cppQueue3popEPv
                0x000000000800150c       0x5e Core/Queue/cppQueue.o
                0x000000000800150c                cppQueue::pop(void*)
 .text.SystemClock_Config
                0x000000000800156a       0x5e Core/Src/main.o
                0x000000000800156a                SystemClock_Config
 .text.startup.main
                0x00000000080015c8      0x288 Core/Src/main.o
                0x00000000080015c8                main
 .text.Error_Handler
                0x0000000008001850        0x2 Core/Src/main.o
                0x0000000008001850                Error_Handler
 *fill*         0x0000000008001852        0x2 
 .text.HAL_MspInit
                0x0000000008001854       0x30 Core/Src/stm32f0xx_hal_msp.o
                0x0000000008001854                HAL_MspInit
 .text.HAL_SPI_MspInit
                0x0000000008001884       0xc4 Core/Src/stm32f0xx_hal_msp.o
                0x0000000008001884                HAL_SPI_MspInit
 .text.HAL_TIM_Base_MspInit
                0x0000000008001948       0xec Core/Src/stm32f0xx_hal_msp.o
                0x0000000008001948                HAL_TIM_Base_MspInit
 .text.HAL_TIM_MspPostInit
                0x0000000008001a34       0x7c Core/Src/stm32f0xx_hal_msp.o
                0x0000000008001a34                HAL_TIM_MspPostInit
 .text.HAL_UART_MspInit
                0x0000000008001ab0       0x64 Core/Src/stm32f0xx_hal_msp.o
                0x0000000008001ab0                HAL_UART_MspInit
 .text.NMI_Handler
                0x0000000008001b14        0x2 Core/Src/stm32f0xx_it.o
                0x0000000008001b14                NMI_Handler
 .text.HardFault_Handler
                0x0000000008001b16        0x2 Core/Src/stm32f0xx_it.o
                0x0000000008001b16                HardFault_Handler
 .text.SVC_Handler
                0x0000000008001b18        0x2 Core/Src/stm32f0xx_it.o
                0x0000000008001b18                SVC_Handler
 .text.PendSV_Handler
                0x0000000008001b1a        0x2 Core/Src/stm32f0xx_it.o
                0x0000000008001b1a                PendSV_Handler
 .text.SysTick_Handler
                0x0000000008001b1c        0x8 Core/Src/stm32f0xx_it.o
                0x0000000008001b1c                SysTick_Handler
 .text.EXTI4_15_IRQHandler
                0x0000000008001b24        0xc Core/Src/stm32f0xx_it.o
                0x0000000008001b24                EXTI4_15_IRQHandler
 .text.DMA1_Channel1_IRQHandler
                0x0000000008001b30       0x10 Core/Src/stm32f0xx_it.o
                0x0000000008001b30                DMA1_Channel1_IRQHandler
 .text.DMA1_Channel2_3_IRQHandler
                0x0000000008001b40       0x18 Core/Src/stm32f0xx_it.o
                0x0000000008001b40                DMA1_Channel2_3_IRQHandler
 .text.DMA1_Channel4_5_IRQHandler
                0x0000000008001b58       0x10 Core/Src/stm32f0xx_it.o
                0x0000000008001b58                DMA1_Channel4_5_IRQHandler
 .text.TIM16_IRQHandler
                0x0000000008001b68       0x10 Core/Src/stm32f0xx_it.o
                0x0000000008001b68                TIM16_IRQHandler
 .text.TIM17_IRQHandler
                0x0000000008001b78       0x10 Core/Src/stm32f0xx_it.o
                0x0000000008001b78                TIM17_IRQHandler
 .text._read    0x0000000008001b88       0x1c Core/Src/syscalls.o
                0x0000000008001b88                _read
 .text._write   0x0000000008001ba4       0x1c Core/Src/syscalls.o
                0x0000000008001ba4                _write
 .text._close   0x0000000008001bc0        0x6 Core/Src/syscalls.o
                0x0000000008001bc0                _close
 .text._fstat   0x0000000008001bc6        0xa Core/Src/syscalls.o
                0x0000000008001bc6                _fstat
 .text._isatty  0x0000000008001bd0        0x4 Core/Src/syscalls.o
                0x0000000008001bd0                _isatty
 .text._lseek   0x0000000008001bd4        0x4 Core/Src/syscalls.o
                0x0000000008001bd4                _lseek
 .text._sbrk    0x0000000008001bd8       0x40 Core/Src/sysmem.o
                0x0000000008001bd8                _sbrk
 .text.SystemInit
                0x0000000008001c18        0x2 Core/Src/system_stm32f0xx.o
                0x0000000008001c18                SystemInit
 *fill*         0x0000000008001c1a        0x2 
 .text.Reset_Handler
                0x0000000008001c1c       0x50 Core/Startup/startup_stm32f030c6tx.o
                0x0000000008001c1c                Reset_Handler
 .text.Default_Handler
                0x0000000008001c6c        0x2 Core/Startup/startup_stm32f030c6tx.o
                0x0000000008001c6c                TIM1_CC_IRQHandler
                0x0000000008001c6c                I2C1_IRQHandler
                0x0000000008001c6c                SPI1_IRQHandler
                0x0000000008001c6c                ADC1_IRQHandler
                0x0000000008001c6c                RTC_IRQHandler
                0x0000000008001c6c                TIM3_IRQHandler
                0x0000000008001c6c                RCC_IRQHandler
                0x0000000008001c6c                Default_Handler
                0x0000000008001c6c                TIM14_IRQHandler
                0x0000000008001c6c                EXTI0_1_IRQHandler
                0x0000000008001c6c                WWDG_IRQHandler
                0x0000000008001c6c                FLASH_IRQHandler
                0x0000000008001c6c                TIM1_BRK_UP_TRG_COM_IRQHandler
 *fill*         0x0000000008001c6e        0x2 
 .text.ssp_setReceiver
                0x0000000008001c70        0xc Core/sim800/BT.o
                0x0000000008001c70                ssp_setReceiver
 .text.ssp_sendData
                0x0000000008001c7c       0x34 Core/sim800/BT.o
                0x0000000008001c7c                ssp_sendData
 .text.BT_on_Urc
                0x0000000008001cb0      0x178 Core/sim800/BT.o
                0x0000000008001cb0                BT_on_Urc
 .text.strcmp_m
                0x0000000008001e28       0x1e Core/sim800/sim800c.o
                0x0000000008001e28                strcmp_m
 *fill*         0x0000000008001e46        0x2 
 .text.sim800c_onDataReceive
                0x0000000008001e48       0x6c Core/sim800/sim800c.o
                0x0000000008001e48                sim800c_onDataReceive
 .text.sim800c_strTransmit
                0x0000000008001eb4       0x14 Core/sim800/sim800c.o
                0x0000000008001eb4                sim800c_strTransmit
 .text.anyOtherData
                0x0000000008001ec8       0x28 Core/sim800/sim800c.o
 .text.sim800c_setTimeout
                0x0000000008001ef0        0xc Core/sim800/sim800c.o
                0x0000000008001ef0                sim800c_setTimeout
 .text.sim800c_getBuffer
                0x0000000008001efc        0x8 Core/sim800/sim800c.o
                0x0000000008001efc                sim800c_getBuffer
 .text.sim800c_releaseBuffer
                0x0000000008001f04       0x24 Core/sim800/sim800c.o
                0x0000000008001f04                sim800c_releaseBuffer
 .text.sim800c_getResult
                0x0000000008001f28        0xc Core/sim800/sim800c.o
                0x0000000008001f28                sim800c_getResult
 .text.sim800c_putData
                0x0000000008001f34        0xc Core/sim800/sim800c.o
                0x0000000008001f34                sim800c_putData
 .text.sim800c_loop
                0x0000000008001f40       0x60 Core/sim800/sim800c.o
                0x0000000008001f40                sim800c_loop
 .text.readResponse
                0x0000000008001fa0      0x1a4 Core/sim800/sim800c.o
                0x0000000008001fa0                readResponse
 .text.sim800c_sendReadCommand
                0x0000000008002144       0x34 Core/sim800/sim800c.o
                0x0000000008002144                sim800c_sendReadCommand
 .text.sim800c_sendExeCommand
                0x0000000008002178       0x34 Core/sim800/sim800c.o
                0x0000000008002178                sim800c_sendExeCommand
 .text.sim800c_sendWriteCommand
                0x00000000080021ac       0x48 Core/sim800/sim800c.o
                0x00000000080021ac                sim800c_sendWriteCommand
 .text.sim800c_call_hangup
                0x00000000080021f4       0x34 Core/sim800/sim800c_call.o
                0x00000000080021f4                sim800c_call_hangup
 .text.sim800c_call_onUrc
                0x0000000008002228       0x9c Core/sim800/sim800c_call.o
                0x0000000008002228                sim800c_call_onUrc
 .text.on_RDY   0x00000000080022c4        0x2 Core/sim800/sim800c_interface.o
                0x00000000080022c4                on_RDY
 .text.on_NORMAL_POWER_DOWN
                0x00000000080022c6        0x2 Core/sim800/sim800c_interface.o
                0x00000000080022c6                on_NORMAL_POWER_DOWN
 .text.on_RING  0x00000000080022c8       0x10 Core/sim800/sim800c_interface.o
                0x00000000080022c8                on_RING
 .text.on_NO_CARRIER
                0x00000000080022d8        0x2 Core/sim800/sim800c_interface.o
                0x00000000080022d8                on_NO_CARRIER
 *fill*         0x00000000080022da        0x2 
 .text.on_plus  0x00000000080022dc       0x60 Core/sim800/sim800c_interface.o
                0x00000000080022dc                on_plus
 .text.on_urc   0x000000000800233c       0x98 Core/sim800/sim800c_interface.o
                0x000000000800233c                on_urc
 .text.createContinuationByte
                0x00000000080023d4       0x2a Core/sim800/sim800c_sms.o
 *fill*         0x00000000080023fe        0x2 
 .text.utf16_to_utf8
                0x0000000008002400      0x158 Core/sim800/sim800c_sms.o
                0x0000000008002400                utf16_to_utf8
 .text.sim800c_readSms
                0x0000000008002558       0xc8 Core/sim800/sim800c_sms.o
                0x0000000008002558                sim800c_readSms
 .text.HAL_InitTick
                0x0000000008002620       0x48 Drivers/STM32F0xx_HAL_Driver/Src/stm32f0xx_hal.o
                0x0000000008002620                HAL_InitTick
 .text.HAL_Init
                0x0000000008002668       0x20 Drivers/STM32F0xx_HAL_Driver/Src/stm32f0xx_hal.o
                0x0000000008002668                HAL_Init
 .text.HAL_IncTick
                0x0000000008002688       0x18 Drivers/STM32F0xx_HAL_Driver/Src/stm32f0xx_hal.o
                0x0000000008002688                HAL_IncTick
 .text.HAL_GetTick
                0x00000000080026a0        0xc Drivers/STM32F0xx_HAL_Driver/Src/stm32f0xx_hal.o
                0x00000000080026a0                HAL_GetTick
 .text.HAL_Delay
                0x00000000080026ac       0x24 Drivers/STM32F0xx_HAL_Driver/Src/stm32f0xx_hal.o
                0x00000000080026ac                HAL_Delay
 .text.HAL_NVIC_SetPriority
                0x00000000080026d0       0x54 Drivers/STM32F0xx_HAL_Driver/Src/stm32f0xx_hal_cortex.o
                0x00000000080026d0                HAL_NVIC_SetPriority
 .text.HAL_NVIC_EnableIRQ
                0x0000000008002724       0x18 Drivers/STM32F0xx_HAL_Driver/Src/stm32f0xx_hal_cortex.o
                0x0000000008002724                HAL_NVIC_EnableIRQ
 .text.HAL_NVIC_SystemReset
                0x000000000800273c       0x1c Drivers/STM32F0xx_HAL_Driver/Src/stm32f0xx_hal_cortex.o
                0x000000000800273c                HAL_NVIC_SystemReset
 .text.HAL_SYSTICK_Config
                0x0000000008002758       0x34 Drivers/STM32F0xx_HAL_Driver/Src/stm32f0xx_hal_cortex.o
                0x0000000008002758                HAL_SYSTICK_Config
 .text.HAL_DMA_Init
                0x000000000800278c       0x64 Drivers/STM32F0xx_HAL_Driver/Src/stm32f0xx_hal_dma.o
                0x000000000800278c                HAL_DMA_Init
 .text.HAL_DMA_Start_IT
                0x00000000080027f0       0x78 Drivers/STM32F0xx_HAL_Driver/Src/stm32f0xx_hal_dma.o
                0x00000000080027f0                HAL_DMA_Start_IT
 .text.HAL_DMA_Abort_IT
                0x0000000008002868       0x46 Drivers/STM32F0xx_HAL_Driver/Src/stm32f0xx_hal_dma.o
                0x0000000008002868                HAL_DMA_Abort_IT
 .text.HAL_DMA_IRQHandler
                0x00000000080028ae       0x92 Drivers/STM32F0xx_HAL_Driver/Src/stm32f0xx_hal_dma.o
                0x00000000080028ae                HAL_DMA_IRQHandler
 .text.HAL_GPIO_Init
                0x0000000008002940      0x168 Drivers/STM32F0xx_HAL_Driver/Src/stm32f0xx_hal_gpio.o
                0x0000000008002940                HAL_GPIO_Init
 .text.HAL_GPIO_ReadPin
                0x0000000008002aa8        0xc Drivers/STM32F0xx_HAL_Driver/Src/stm32f0xx_hal_gpio.o
                0x0000000008002aa8                HAL_GPIO_ReadPin
 .text.HAL_GPIO_WritePin
                0x0000000008002ab4        0xc Drivers/STM32F0xx_HAL_Driver/Src/stm32f0xx_hal_gpio.o
                0x0000000008002ab4                HAL_GPIO_WritePin
 .text.HAL_GPIO_EXTI_IRQHandler
                0x0000000008002ac0       0x18 Drivers/STM32F0xx_HAL_Driver/Src/stm32f0xx_hal_gpio.o
                0x0000000008002ac0                HAL_GPIO_EXTI_IRQHandler
 .text.HAL_RCC_OscConfig
                0x0000000008002ad8      0x404 Drivers/STM32F0xx_HAL_Driver/Src/stm32f0xx_hal_rcc.o
                0x0000000008002ad8                HAL_RCC_OscConfig
 .text.HAL_RCC_GetSysClockFreq
                0x0000000008002edc       0x64 Drivers/STM32F0xx_HAL_Driver/Src/stm32f0xx_hal_rcc.o
                0x0000000008002edc                HAL_RCC_GetSysClockFreq
 .text.HAL_RCC_ClockConfig
                0x0000000008002f40      0x108 Drivers/STM32F0xx_HAL_Driver/Src/stm32f0xx_hal_rcc.o
                0x0000000008002f40                HAL_RCC_ClockConfig
 .text.HAL_RCC_GetPCLK1Freq
                0x0000000008003048       0x20 Drivers/STM32F0xx_HAL_Driver/Src/stm32f0xx_hal_rcc.o
                0x0000000008003048                HAL_RCC_GetPCLK1Freq
 .text.HAL_RCCEx_PeriphCLKConfig
                0x0000000008003068      0x108 Drivers/STM32F0xx_HAL_Driver/Src/stm32f0xx_hal_rcc_ex.o
                0x0000000008003068                HAL_RCCEx_PeriphCLKConfig
 .text.SPI_WaitFlagStateUntilTimeout.constprop.8
                0x0000000008003170       0xac Drivers/STM32F0xx_HAL_Driver/Src/stm32f0xx_hal_spi.o
 .text.SPI_WaitFifoStateUntilTimeout.constprop.9
                0x000000000800321c       0xd4 Drivers/STM32F0xx_HAL_Driver/Src/stm32f0xx_hal_spi.o
 .text.SPI_EndRxTransaction
                0x00000000080032f0       0x7a Drivers/STM32F0xx_HAL_Driver/Src/stm32f0xx_hal_spi.o
 .text.SPI_EndRxTxTransaction
                0x000000000800336a       0x46 Drivers/STM32F0xx_HAL_Driver/Src/stm32f0xx_hal_spi.o
 .text.HAL_SPI_Init
                0x00000000080033b0       0xf0 Drivers/STM32F0xx_HAL_Driver/Src/stm32f0xx_hal_spi.o
                0x00000000080033b0                HAL_SPI_Init
 .text.HAL_SPI_Transmit
                0x00000000080034a0      0x178 Drivers/STM32F0xx_HAL_Driver/Src/stm32f0xx_hal_spi.o
                0x00000000080034a0                HAL_SPI_Transmit
 .text.HAL_SPI_TransmitReceive
                0x0000000008003618      0x204 Drivers/STM32F0xx_HAL_Driver/Src/stm32f0xx_hal_spi.o
                0x0000000008003618                HAL_SPI_TransmitReceive
 .text.HAL_SPI_TransmitReceive_DMA
                0x000000000800381c      0x1d0 Drivers/STM32F0xx_HAL_Driver/Src/stm32f0xx_hal_spi.o
                0x000000000800381c                HAL_SPI_TransmitReceive_DMA
 .text.HAL_SPI_RxCpltCallback
                0x00000000080039ec        0x2 Drivers/STM32F0xx_HAL_Driver/Src/stm32f0xx_hal_spi.o
                0x00000000080039ec                HAL_SPI_RxCpltCallback
 .text.HAL_SPI_TxRxCpltCallback
                0x00000000080039ee        0x2 Drivers/STM32F0xx_HAL_Driver/Src/stm32f0xx_hal_spi.o
                0x00000000080039ee                HAL_SPI_TxRxCpltCallback
 .text.HAL_SPI_RxHalfCpltCallback
                0x00000000080039f0        0x2 Drivers/STM32F0xx_HAL_Driver/Src/stm32f0xx_hal_spi.o
                0x00000000080039f0                HAL_SPI_RxHalfCpltCallback
 .text.SPI_DMAHalfReceiveCplt
                0x00000000080039f2        0xa Drivers/STM32F0xx_HAL_Driver/Src/stm32f0xx_hal_spi.o
 .text.HAL_SPI_TxRxHalfCpltCallback
                0x00000000080039fc        0x2 Drivers/STM32F0xx_HAL_Driver/Src/stm32f0xx_hal_spi.o
                0x00000000080039fc                HAL_SPI_TxRxHalfCpltCallback
 .text.SPI_DMAHalfTransmitReceiveCplt
                0x00000000080039fe        0xa Drivers/STM32F0xx_HAL_Driver/Src/stm32f0xx_hal_spi.o
 .text.HAL_SPI_ErrorCallback
                0x0000000008003a08        0x2 Drivers/STM32F0xx_HAL_Driver/Src/stm32f0xx_hal_spi.o
                0x0000000008003a08                HAL_SPI_ErrorCallback
 .text.SPI_DMAError
                0x0000000008003a0a       0x24 Drivers/STM32F0xx_HAL_Driver/Src/stm32f0xx_hal_spi.o
 .text.SPI_DMAReceiveCplt
                0x0000000008003a2e       0x70 Drivers/STM32F0xx_HAL_Driver/Src/stm32f0xx_hal_spi.o
 .text.SPI_DMATransmitReceiveCplt
                0x0000000008003a9e       0x62 Drivers/STM32F0xx_HAL_Driver/Src/stm32f0xx_hal_spi.o
 .text.TIM_OC1_SetConfig
                0x0000000008003b00       0x78 Drivers/STM32F0xx_HAL_Driver/Src/stm32f0xx_hal_tim.o
 .text.TIM_OC3_SetConfig
                0x0000000008003b78       0x80 Drivers/STM32F0xx_HAL_Driver/Src/stm32f0xx_hal_tim.o
 .text.TIM_OC4_SetConfig
                0x0000000008003bf8       0x68 Drivers/STM32F0xx_HAL_Driver/Src/stm32f0xx_hal_tim.o
 .text.HAL_TIM_PWM_MspInit
                0x0000000008003c60        0x2 Drivers/STM32F0xx_HAL_Driver/Src/stm32f0xx_hal_tim.o
                0x0000000008003c60                HAL_TIM_PWM_MspInit
 .text.HAL_TIM_PeriodElapsedCallback
                0x0000000008003c62        0x2 Drivers/STM32F0xx_HAL_Driver/Src/stm32f0xx_hal_tim.o
                0x0000000008003c62                HAL_TIM_PeriodElapsedCallback
 .text.HAL_TIM_OC_DelayElapsedCallback
                0x0000000008003c64        0x2 Drivers/STM32F0xx_HAL_Driver/Src/stm32f0xx_hal_tim.o
                0x0000000008003c64                HAL_TIM_OC_DelayElapsedCallback
 .text.HAL_TIM_IC_CaptureCallback
                0x0000000008003c66        0x2 Drivers/STM32F0xx_HAL_Driver/Src/stm32f0xx_hal_tim.o
                0x0000000008003c66                HAL_TIM_IC_CaptureCallback
 .text.HAL_TIM_PWM_PulseFinishedCallback
                0x0000000008003c68        0x2 Drivers/STM32F0xx_HAL_Driver/Src/stm32f0xx_hal_tim.o
                0x0000000008003c68                HAL_TIM_PWM_PulseFinishedCallback
 .text.TIM_DMADelayPulseCplt
                0x0000000008003c6a       0x70 Drivers/STM32F0xx_HAL_Driver/Src/stm32f0xx_hal_tim.o
 .text.HAL_TIM_PWM_PulseFinishedHalfCpltCallback
                0x0000000008003cda        0x2 Drivers/STM32F0xx_HAL_Driver/Src/stm32f0xx_hal_tim.o
                0x0000000008003cda                HAL_TIM_PWM_PulseFinishedHalfCpltCallback
 .text.TIM_DMADelayPulseHalfCplt
                0x0000000008003cdc       0x38 Drivers/STM32F0xx_HAL_Driver/Src/stm32f0xx_hal_tim.o
                0x0000000008003cdc                TIM_DMADelayPulseHalfCplt
 .text.HAL_TIM_TriggerCallback
                0x0000000008003d14        0x2 Drivers/STM32F0xx_HAL_Driver/Src/stm32f0xx_hal_tim.o
                0x0000000008003d14                HAL_TIM_TriggerCallback
 .text.HAL_TIM_IRQHandler
                0x0000000008003d16      0x148 Drivers/STM32F0xx_HAL_Driver/Src/stm32f0xx_hal_tim.o
                0x0000000008003d16                HAL_TIM_IRQHandler
 .text.HAL_TIM_ErrorCallback
                0x0000000008003e5e        0x2 Drivers/STM32F0xx_HAL_Driver/Src/stm32f0xx_hal_tim.o
                0x0000000008003e5e                HAL_TIM_ErrorCallback
 .text.TIM_DMAError
                0x0000000008003e60       0x5c Drivers/STM32F0xx_HAL_Driver/Src/stm32f0xx_hal_tim.o
                0x0000000008003e60                TIM_DMAError
 .text.TIM_Base_SetConfig
                0x0000000008003ebc       0x80 Drivers/STM32F0xx_HAL_Driver/Src/stm32f0xx_hal_tim.o
                0x0000000008003ebc                TIM_Base_SetConfig
 .text.HAL_TIM_Base_Init
                0x0000000008003f3c       0x50 Drivers/STM32F0xx_HAL_Driver/Src/stm32f0xx_hal_tim.o
                0x0000000008003f3c                HAL_TIM_Base_Init
 .text.HAL_TIM_PWM_Init
                0x0000000008003f8c       0x50 Drivers/STM32F0xx_HAL_Driver/Src/stm32f0xx_hal_tim.o
                0x0000000008003f8c                HAL_TIM_PWM_Init
 .text.TIM_OC2_SetConfig
                0x0000000008003fdc       0x78 Drivers/STM32F0xx_HAL_Driver/Src/stm32f0xx_hal_tim.o
                0x0000000008003fdc                TIM_OC2_SetConfig
 .text.HAL_TIM_PWM_ConfigChannel
                0x0000000008004054       0xcc Drivers/STM32F0xx_HAL_Driver/Src/stm32f0xx_hal_tim.o
                0x0000000008004054                HAL_TIM_PWM_ConfigChannel
 .text.TIM_CCxChannelCmd
                0x0000000008004120       0x1a Drivers/STM32F0xx_HAL_Driver/Src/stm32f0xx_hal_tim.o
                0x0000000008004120                TIM_CCxChannelCmd
 *fill*         0x000000000800413a        0x2 
 .text.HAL_TIM_OC_Start_DMA
                0x000000000800413c      0x17c Drivers/STM32F0xx_HAL_Driver/Src/stm32f0xx_hal_tim.o
                0x000000000800413c                HAL_TIM_OC_Start_DMA
 .text.HAL_TIM_PWM_Start_DMA
                0x00000000080042b8        0x8 Drivers/STM32F0xx_HAL_Driver/Src/stm32f0xx_hal_tim.o
                0x00000000080042b8                HAL_TIM_PWM_Start_DMA
 .text.HAL_TIM_OC_Stop_DMA
                0x00000000080042c0       0xf4 Drivers/STM32F0xx_HAL_Driver/Src/stm32f0xx_hal_tim.o
                0x00000000080042c0                HAL_TIM_OC_Stop_DMA
 .text.HAL_TIM_PWM_Stop_DMA
                0x00000000080043b4        0x8 Drivers/STM32F0xx_HAL_Driver/Src/stm32f0xx_hal_tim.o
                0x00000000080043b4                HAL_TIM_PWM_Stop_DMA
 .text.HAL_TIMEx_ConfigBreakDeadTime
                0x00000000080043bc       0x64 Drivers/STM32F0xx_HAL_Driver/Src/stm32f0xx_hal_tim_ex.o
                0x00000000080043bc                HAL_TIMEx_ConfigBreakDeadTime
 .text.HAL_TIMEx_CommutCallback
                0x0000000008004420        0x2 Drivers/STM32F0xx_HAL_Driver/Src/stm32f0xx_hal_tim_ex.o
                0x0000000008004420                HAL_TIMEx_CommutCallback
 .text.HAL_TIMEx_BreakCallback
                0x0000000008004422        0x2 Drivers/STM32F0xx_HAL_Driver/Src/stm32f0xx_hal_tim_ex.o
                0x0000000008004422                HAL_TIMEx_BreakCallback
 .text.UART_SetConfig
                0x0000000008004424      0x114 Drivers/STM32F0xx_HAL_Driver/Src/stm32f0xx_hal_uart.o
                0x0000000008004424                UART_SetConfig
 .text.UART_AdvFeatureConfig
                0x0000000008004538       0xd0 Drivers/STM32F0xx_HAL_Driver/Src/stm32f0xx_hal_uart.o
                0x0000000008004538                UART_AdvFeatureConfig
 .text.UART_WaitOnFlagUntilTimeout
                0x0000000008004608       0xc4 Drivers/STM32F0xx_HAL_Driver/Src/stm32f0xx_hal_uart.o
                0x0000000008004608                UART_WaitOnFlagUntilTimeout
 .text.HAL_UART_Transmit
                0x00000000080046cc       0xd6 Drivers/STM32F0xx_HAL_Driver/Src/stm32f0xx_hal_uart.o
                0x00000000080046cc                HAL_UART_Transmit
 *fill*         0x00000000080047a2        0x2 
 .text.UART_CheckIdleState
                0x00000000080047a4       0x64 Drivers/STM32F0xx_HAL_Driver/Src/stm32f0xx_hal_uart.o
                0x00000000080047a4                UART_CheckIdleState
 .text.HAL_UART_Init
                0x0000000008004808       0x64 Drivers/STM32F0xx_HAL_Driver/Src/stm32f0xx_hal_uart.o
                0x0000000008004808                HAL_UART_Init
 .text.__errno  0x000000000800486c        0xc d:/st/stm32cubeide_1.4.0/stm32cubeide/plugins/com.st.stm32cube.ide.mcu.externaltools.gnu-tools-for-stm32.7-2018-q2-update.win32_1.4.0.202007081208/tools/bin/../lib/gcc/arm-none-eabi/7.3.1/../../../../arm-none-eabi/lib/thumb/v6-m\libc_nano.a(lib_a-errno.o)
                0x000000000800486c                __errno
 .text.__libc_init_array
                0x0000000008004878       0x48 d:/st/stm32cubeide_1.4.0/stm32cubeide/plugins/com.st.stm32cube.ide.mcu.externaltools.gnu-tools-for-stm32.7-2018-q2-update.win32_1.4.0.202007081208/tools/bin/../lib/gcc/arm-none-eabi/7.3.1/../../../../arm-none-eabi/lib/thumb/v6-m\libc_nano.a(lib_a-init.o)
                0x0000000008004878                __libc_init_array
 .text.malloc   0x00000000080048c0       0x14 d:/st/stm32cubeide_1.4.0/stm32cubeide/plugins/com.st.stm32cube.ide.mcu.externaltools.gnu-tools-for-stm32.7-2018-q2-update.win32_1.4.0.202007081208/tools/bin/../lib/gcc/arm-none-eabi/7.3.1/../../../../arm-none-eabi/lib/thumb/v6-m\libc_nano.a(lib_a-malloc.o)
                0x00000000080048c0                malloc
 .text.free     0x00000000080048d4       0x14 d:/st/stm32cubeide_1.4.0/stm32cubeide/plugins/com.st.stm32cube.ide.mcu.externaltools.gnu-tools-for-stm32.7-2018-q2-update.win32_1.4.0.202007081208/tools/bin/../lib/gcc/arm-none-eabi/7.3.1/../../../../arm-none-eabi/lib/thumb/v6-m\libc_nano.a(lib_a-malloc.o)
                0x00000000080048d4                free
 .text.memcpy   0x00000000080048e8       0x12 d:/st/stm32cubeide_1.4.0/stm32cubeide/plugins/com.st.stm32cube.ide.mcu.externaltools.gnu-tools-for-stm32.7-2018-q2-update.win32_1.4.0.202007081208/tools/bin/../lib/gcc/arm-none-eabi/7.3.1/../../../../arm-none-eabi/lib/thumb/v6-m\libc_nano.a(lib_a-memcpy-stub.o)
                0x00000000080048e8                memcpy
 .text.memset   0x00000000080048fa       0x10 d:/st/stm32cubeide_1.4.0/stm32cubeide/plugins/com.st.stm32cube.ide.mcu.externaltools.gnu-tools-for-stm32.7-2018-q2-update.win32_1.4.0.202007081208/tools/bin/../lib/gcc/arm-none-eabi/7.3.1/../../../../arm-none-eabi/lib/thumb/v6-m\libc_nano.a(lib_a-memset.o)
                0x00000000080048fa                memset
 *fill*         0x000000000800490a        0x2 
 .text._free_r  0x000000000800490c       0x94 d:/st/stm32cubeide_1.4.0/stm32cubeide/plugins/com.st.stm32cube.ide.mcu.externaltools.gnu-tools-for-stm32.7-2018-q2-update.win32_1.4.0.202007081208/tools/bin/../lib/gcc/arm-none-eabi/7.3.1/../../../../arm-none-eabi/lib/thumb/v6-m\libc_nano.a(lib_a-nano-freer.o)
                0x000000000800490c                _free_r
 .text._malloc_r
                0x00000000080049a0       0xbc d:/st/stm32cubeide_1.4.0/stm32cubeide/plugins/com.st.stm32cube.ide.mcu.externaltools.gnu-tools-for-stm32.7-2018-q2-update.win32_1.4.0.202007081208/tools/bin/../lib/gcc/arm-none-eabi/7.3.1/../../../../arm-none-eabi/lib/thumb/v6-m\libc_nano.a(lib_a-nano-mallocr.o)
                0x00000000080049a0                _malloc_r
 .text.printf   0x0000000008004a5c       0x34 d:/st/stm32cubeide_1.4.0/stm32cubeide/plugins/com.st.stm32cube.ide.mcu.externaltools.gnu-tools-for-stm32.7-2018-q2-update.win32_1.4.0.202007081208/tools/bin/../lib/gcc/arm-none-eabi/7.3.1/../../../../arm-none-eabi/lib/thumb/v6-m\libc_nano.a(lib_a-printf.o)
                0x0000000008004a5c                iprintf
                0x0000000008004a5c                printf
 .text.putchar  0x0000000008004a90       0x28 d:/st/stm32cubeide_1.4.0/stm32cubeide/plugins/com.st.stm32cube.ide.mcu.externaltools.gnu-tools-for-stm32.7-2018-q2-update.win32_1.4.0.202007081208/tools/bin/../lib/gcc/arm-none-eabi/7.3.1/../../../../arm-none-eabi/lib/thumb/v6-m\libc_nano.a(lib_a-putchar.o)
                0x0000000008004a90                putchar
 .text._puts_r  0x0000000008004ab8       0xc0 d:/st/stm32cubeide_1.4.0/stm32cubeide/plugins/com.st.stm32cube.ide.mcu.externaltools.gnu-tools-for-stm32.7-2018-q2-update.win32_1.4.0.202007081208/tools/bin/../lib/gcc/arm-none-eabi/7.3.1/../../../../arm-none-eabi/lib/thumb/v6-m\libc_nano.a(lib_a-puts.o)
                0x0000000008004ab8                _puts_r
 .text.puts     0x0000000008004b78       0x14 d:/st/stm32cubeide_1.4.0/stm32cubeide/plugins/com.st.stm32cube.ide.mcu.externaltools.gnu-tools-for-stm32.7-2018-q2-update.win32_1.4.0.202007081208/tools/bin/../lib/gcc/arm-none-eabi/7.3.1/../../../../arm-none-eabi/lib/thumb/v6-m\libc_nano.a(lib_a-puts.o)
                0x0000000008004b78                puts
 .text._sbrk_r  0x0000000008004b8c       0x24 d:/st/stm32cubeide_1.4.0/stm32cubeide/plugins/com.st.stm32cube.ide.mcu.externaltools.gnu-tools-for-stm32.7-2018-q2-update.win32_1.4.0.202007081208/tools/bin/../lib/gcc/arm-none-eabi/7.3.1/../../../../arm-none-eabi/lib/thumb/v6-m\libc_nano.a(lib_a-sbrkr.o)
                0x0000000008004b8c                _sbrk_r
 .text.sprintf  0x0000000008004bb0       0x40 d:/st/stm32cubeide_1.4.0/stm32cubeide/plugins/com.st.stm32cube.ide.mcu.externaltools.gnu-tools-for-stm32.7-2018-q2-update.win32_1.4.0.202007081208/tools/bin/../lib/gcc/arm-none-eabi/7.3.1/../../../../arm-none-eabi/lib/thumb/v6-m\libc_nano.a(lib_a-sprintf.o)
                0x0000000008004bb0                siprintf
                0x0000000008004bb0                sprintf
 .text.sscanf   0x0000000008004bf0       0x50 d:/st/stm32cubeide_1.4.0/stm32cubeide/plugins/com.st.stm32cube.ide.mcu.externaltools.gnu-tools-for-stm32.7-2018-q2-update.win32_1.4.0.202007081208/tools/bin/../lib/gcc/arm-none-eabi/7.3.1/../../../../arm-none-eabi/lib/thumb/v6-m\libc_nano.a(lib_a-sscanf.o)
                0x0000000008004bf0                siscanf
                0x0000000008004bf0                sscanf
 .text.__sread  0x0000000008004c40       0x28 d:/st/stm32cubeide_1.4.0/stm32cubeide/plugins/com.st.stm32cube.ide.mcu.externaltools.gnu-tools-for-stm32.7-2018-q2-update.win32_1.4.0.202007081208/tools/bin/../lib/gcc/arm-none-eabi/7.3.1/../../../../arm-none-eabi/lib/thumb/v6-m\libc_nano.a(lib_a-stdio.o)
                0x0000000008004c40                __sread
 .text.__seofread
                0x0000000008004c68        0x4 d:/st/stm32cubeide_1.4.0/stm32cubeide/plugins/com.st.stm32cube.ide.mcu.externaltools.gnu-tools-for-stm32.7-2018-q2-update.win32_1.4.0.202007081208/tools/bin/../lib/gcc/arm-none-eabi/7.3.1/../../../../arm-none-eabi/lib/thumb/v6-m\libc_nano.a(lib_a-stdio.o)
                0x0000000008004c68                __seofread
 .text.__swrite
                0x0000000008004c6c       0x38 d:/st/stm32cubeide_1.4.0/stm32cubeide/plugins/com.st.stm32cube.ide.mcu.externaltools.gnu-tools-for-stm32.7-2018-q2-update.win32_1.4.0.202007081208/tools/bin/../lib/gcc/arm-none-eabi/7.3.1/../../../../arm-none-eabi/lib/thumb/v6-m\libc_nano.a(lib_a-stdio.o)
                0x0000000008004c6c                __swrite
 .text.__sseek  0x0000000008004ca4       0x2c d:/st/stm32cubeide_1.4.0/stm32cubeide/plugins/com.st.stm32cube.ide.mcu.externaltools.gnu-tools-for-stm32.7-2018-q2-update.win32_1.4.0.202007081208/tools/bin/../lib/gcc/arm-none-eabi/7.3.1/../../../../arm-none-eabi/lib/thumb/v6-m\libc_nano.a(lib_a-stdio.o)
                0x0000000008004ca4                __sseek
 .text.__sclose
                0x0000000008004cd0        0xc d:/st/stm32cubeide_1.4.0/stm32cubeide/plugins/com.st.stm32cube.ide.mcu.externaltools.gnu-tools-for-stm32.7-2018-q2-update.win32_1.4.0.202007081208/tools/bin/../lib/gcc/arm-none-eabi/7.3.1/../../../../arm-none-eabi/lib/thumb/v6-m\libc_nano.a(lib_a-stdio.o)
                0x0000000008004cd0                __sclose
 .text.strchr   0x0000000008004cdc       0x1c d:/st/stm32cubeide_1.4.0/stm32cubeide/plugins/com.st.stm32cube.ide.mcu.externaltools.gnu-tools-for-stm32.7-2018-q2-update.win32_1.4.0.202007081208/tools/bin/../lib/gcc/arm-none-eabi/7.3.1/../../../../arm-none-eabi/lib/thumb/v6-m\libc_nano.a(lib_a-strchr.o)
                0x0000000008004cdc                strchr
 .text.strcpy   0x0000000008004cf8       0x10 d:/st/stm32cubeide_1.4.0/stm32cubeide/plugins/com.st.stm32cube.ide.mcu.externaltools.gnu-tools-for-stm32.7-2018-q2-update.win32_1.4.0.202007081208/tools/bin/../lib/gcc/arm-none-eabi/7.3.1/../../../../arm-none-eabi/lib/thumb/v6-m\libc_nano.a(lib_a-strcpy.o)
                0x0000000008004cf8                strcpy
 .text.strncpy  0x0000000008004d08       0x28 d:/st/stm32cubeide_1.4.0/stm32cubeide/plugins/com.st.stm32cube.ide.mcu.externaltools.gnu-tools-for-stm32.7-2018-q2-update.win32_1.4.0.202007081208/tools/bin/../lib/gcc/arm-none-eabi/7.3.1/../../../../arm-none-eabi/lib/thumb/v6-m\libc_nano.a(lib_a-strncpy.o)
                0x0000000008004d08                strncpy
 .text.strrchr  0x0000000008004d30       0x26 d:/st/stm32cubeide_1.4.0/stm32cubeide/plugins/com.st.stm32cube.ide.mcu.externaltools.gnu-tools-for-stm32.7-2018-q2-update.win32_1.4.0.202007081208/tools/bin/../lib/gcc/arm-none-eabi/7.3.1/../../../../arm-none-eabi/lib/thumb/v6-m\libc_nano.a(lib_a-strrchr.o)
                0x0000000008004d30                strrchr
 *fill*         0x0000000008004d56        0x2 
 .text.__swbuf_r
                0x0000000008004d58       0xac d:/st/stm32cubeide_1.4.0/stm32cubeide/plugins/com.st.stm32cube.ide.mcu.externaltools.gnu-tools-for-stm32.7-2018-q2-update.win32_1.4.0.202007081208/tools/bin/../lib/gcc/arm-none-eabi/7.3.1/../../../../arm-none-eabi/lib/thumb/v6-m\libc_nano.a(lib_a-wbuf.o)
                0x0000000008004d58                __swbuf_r
 .text._write_r
                0x0000000008004e04       0x28 d:/st/stm32cubeide_1.4.0/stm32cubeide/plugins/com.st.stm32cube.ide.mcu.externaltools.gnu-tools-for-stm32.7-2018-q2-update.win32_1.4.0.202007081208/tools/bin/../lib/gcc/arm-none-eabi/7.3.1/../../../../arm-none-eabi/lib/thumb/v6-m\libc_nano.a(lib_a-writer.o)
                0x0000000008004e04                _write_r
 .text.__swsetup_r
                0x0000000008004e2c       0xec d:/st/stm32cubeide_1.4.0/stm32cubeide/plugins/com.st.stm32cube.ide.mcu.externaltools.gnu-tools-for-stm32.7-2018-q2-update.win32_1.4.0.202007081208/tools/bin/../lib/gcc/arm-none-eabi/7.3.1/../../../../arm-none-eabi/lib/thumb/v6-m\libc_nano.a(lib_a-wsetup.o)
                0x0000000008004e2c                __swsetup_r
 .text._close_r
                0x0000000008004f18       0x24 d:/st/stm32cubeide_1.4.0/stm32cubeide/plugins/com.st.stm32cube.ide.mcu.externaltools.gnu-tools-for-stm32.7-2018-q2-update.win32_1.4.0.202007081208/tools/bin/../lib/gcc/arm-none-eabi/7.3.1/../../../../arm-none-eabi/lib/thumb/v6-m\libc_nano.a(lib_a-closer.o)
                0x0000000008004f18                _close_r
 .text.__sflush_r
                0x0000000008004f3c      0x114 d:/st/stm32cubeide_1.4.0/stm32cubeide/plugins/com.st.stm32cube.ide.mcu.externaltools.gnu-tools-for-stm32.7-2018-q2-update.win32_1.4.0.202007081208/tools/bin/../lib/gcc/arm-none-eabi/7.3.1/../../../../arm-none-eabi/lib/thumb/v6-m\libc_nano.a(lib_a-fflush.o)
                0x0000000008004f3c                __sflush_r
 .text._fflush_r
                0x0000000008005050       0x58 d:/st/stm32cubeide_1.4.0/stm32cubeide/plugins/com.st.stm32cube.ide.mcu.externaltools.gnu-tools-for-stm32.7-2018-q2-update.win32_1.4.0.202007081208/tools/bin/../lib/gcc/arm-none-eabi/7.3.1/../../../../arm-none-eabi/lib/thumb/v6-m\libc_nano.a(lib_a-fflush.o)
                0x0000000008005050                _fflush_r
 .text.std      0x00000000080050a8       0x48 d:/st/stm32cubeide_1.4.0/stm32cubeide/plugins/com.st.stm32cube.ide.mcu.externaltools.gnu-tools-for-stm32.7-2018-q2-update.win32_1.4.0.202007081208/tools/bin/../lib/gcc/arm-none-eabi/7.3.1/../../../../arm-none-eabi/lib/thumb/v6-m\libc_nano.a(lib_a-findfp.o)
 .text._cleanup_r
                0x00000000080050f0       0x10 d:/st/stm32cubeide_1.4.0/stm32cubeide/plugins/com.st.stm32cube.ide.mcu.externaltools.gnu-tools-for-stm32.7-2018-q2-update.win32_1.4.0.202007081208/tools/bin/../lib/gcc/arm-none-eabi/7.3.1/../../../../arm-none-eabi/lib/thumb/v6-m\libc_nano.a(lib_a-findfp.o)
                0x00000000080050f0                _cleanup_r
 .text.__sfmoreglue
                0x0000000008005100       0x2c d:/st/stm32cubeide_1.4.0/stm32cubeide/plugins/com.st.stm32cube.ide.mcu.externaltools.gnu-tools-for-stm32.7-2018-q2-update.win32_1.4.0.202007081208/tools/bin/../lib/gcc/arm-none-eabi/7.3.1/../../../../arm-none-eabi/lib/thumb/v6-m\libc_nano.a(lib_a-findfp.o)
                0x0000000008005100                __sfmoreglue
 .text.__sinit  0x000000000800512c       0x68 d:/st/stm32cubeide_1.4.0/stm32cubeide/plugins/com.st.stm32cube.ide.mcu.externaltools.gnu-tools-for-stm32.7-2018-q2-update.win32_1.4.0.202007081208/tools/bin/../lib/gcc/arm-none-eabi/7.3.1/../../../../arm-none-eabi/lib/thumb/v6-m\libc_nano.a(lib_a-findfp.o)
                0x000000000800512c                __sinit
 .text.__sfp    0x0000000008005194       0x7c d:/st/stm32cubeide_1.4.0/stm32cubeide/plugins/com.st.stm32cube.ide.mcu.externaltools.gnu-tools-for-stm32.7-2018-q2-update.win32_1.4.0.202007081208/tools/bin/../lib/gcc/arm-none-eabi/7.3.1/../../../../arm-none-eabi/lib/thumb/v6-m\libc_nano.a(lib_a-findfp.o)
                0x0000000008005194                __sfp
 .text._fwalk_reent
                0x0000000008005210       0x42 d:/st/stm32cubeide_1.4.0/stm32cubeide/plugins/com.st.stm32cube.ide.mcu.externaltools.gnu-tools-for-stm32.7-2018-q2-update.win32_1.4.0.202007081208/tools/bin/../lib/gcc/arm-none-eabi/7.3.1/../../../../arm-none-eabi/lib/thumb/v6-m\libc_nano.a(lib_a-fwalk.o)
                0x0000000008005210                _fwalk_reent
 *fill*         0x0000000008005252        0x2 
 .text._lseek_r
                0x0000000008005254       0x28 d:/st/stm32cubeide_1.4.0/stm32cubeide/plugins/com.st.stm32cube.ide.mcu.externaltools.gnu-tools-for-stm32.7-2018-q2-update.win32_1.4.0.202007081208/tools/bin/../lib/gcc/arm-none-eabi/7.3.1/../../../../arm-none-eabi/lib/thumb/v6-m\libc_nano.a(lib_a-lseekr.o)
                0x0000000008005254                _lseek_r
 .text.__swhatbuf_r
                0x000000000800527c       0x50 d:/st/stm32cubeide_1.4.0/stm32cubeide/plugins/com.st.stm32cube.ide.mcu.externaltools.gnu-tools-for-stm32.7-2018-q2-update.win32_1.4.0.202007081208/tools/bin/../lib/gcc/arm-none-eabi/7.3.1/../../../../arm-none-eabi/lib/thumb/v6-m\libc_nano.a(lib_a-makebuf.o)
                0x000000000800527c                __swhatbuf_r
 .text.__smakebuf_r
                0x00000000080052cc       0x88 d:/st/stm32cubeide_1.4.0/stm32cubeide/plugins/com.st.stm32cube.ide.mcu.externaltools.gnu-tools-for-stm32.7-2018-q2-update.win32_1.4.0.202007081208/tools/bin/../lib/gcc/arm-none-eabi/7.3.1/../../../../arm-none-eabi/lib/thumb/v6-m\libc_nano.a(lib_a-makebuf.o)
                0x00000000080052cc                __smakebuf_r
 .text.__malloc_lock
                0x0000000008005354        0x2 d:/st/stm32cubeide_1.4.0/stm32cubeide/plugins/com.st.stm32cube.ide.mcu.externaltools.gnu-tools-for-stm32.7-2018-q2-update.win32_1.4.0.202007081208/tools/bin/../lib/gcc/arm-none-eabi/7.3.1/../../../../arm-none-eabi/lib/thumb/v6-m\libc_nano.a(lib_a-mlock.o)
                0x0000000008005354                __malloc_lock
 .text.__malloc_unlock
                0x0000000008005356        0x2 d:/st/stm32cubeide_1.4.0/stm32cubeide/plugins/com.st.stm32cube.ide.mcu.externaltools.gnu-tools-for-stm32.7-2018-q2-update.win32_1.4.0.202007081208/tools/bin/../lib/gcc/arm-none-eabi/7.3.1/../../../../arm-none-eabi/lib/thumb/v6-m\libc_nano.a(lib_a-mlock.o)
                0x0000000008005356                __malloc_unlock
 .text.__ssputs_r
                0x0000000008005358       0xc4 d:/st/stm32cubeide_1.4.0/stm32cubeide/plugins/com.st.stm32cube.ide.mcu.externaltools.gnu-tools-for-stm32.7-2018-q2-update.win32_1.4.0.202007081208/tools/bin/../lib/gcc/arm-none-eabi/7.3.1/../../../../arm-none-eabi/lib/thumb/v6-m\libc_nano.a(lib_a-nano-svfprintf.o)
                0x0000000008005358                __ssputs_r
 .text._svfprintf_r
                0x000000000800541c      0x1fc d:/st/stm32cubeide_1.4.0/stm32cubeide/plugins/com.st.stm32cube.ide.mcu.externaltools.gnu-tools-for-stm32.7-2018-q2-update.win32_1.4.0.202007081208/tools/bin/../lib/gcc/arm-none-eabi/7.3.1/../../../../arm-none-eabi/lib/thumb/v6-m\libc_nano.a(lib_a-nano-svfprintf.o)
                0x000000000800541c                _svfiprintf_r
                0x000000000800541c                _svfprintf_r
 .text._sungetc_r
                0x0000000008005618       0x78 d:/st/stm32cubeide_1.4.0/stm32cubeide/plugins/com.st.stm32cube.ide.mcu.externaltools.gnu-tools-for-stm32.7-2018-q2-update.win32_1.4.0.202007081208/tools/bin/../lib/gcc/arm-none-eabi/7.3.1/../../../../arm-none-eabi/lib/thumb/v6-m\libc_nano.a(lib_a-nano-svfscanf.o)
                0x0000000008005618                _sungetc_r
 .text.__ssrefill_r
                0x0000000008005690       0x3e d:/st/stm32cubeide_1.4.0/stm32cubeide/plugins/com.st.stm32cube.ide.mcu.externaltools.gnu-tools-for-stm32.7-2018-q2-update.win32_1.4.0.202007081208/tools/bin/../lib/gcc/arm-none-eabi/7.3.1/../../../../arm-none-eabi/lib/thumb/v6-m\libc_nano.a(lib_a-nano-svfscanf.o)
                0x0000000008005690                __ssrefill_r
 *fill*         0x00000000080056ce        0x2 
 .text.__ssvfscanf_r
                0x00000000080056d0      0x2dc d:/st/stm32cubeide_1.4.0/stm32cubeide/plugins/com.st.stm32cube.ide.mcu.externaltools.gnu-tools-for-stm32.7-2018-q2-update.win32_1.4.0.202007081208/tools/bin/../lib/gcc/arm-none-eabi/7.3.1/../../../../arm-none-eabi/lib/thumb/v6-m\libc_nano.a(lib_a-nano-svfscanf.o)
                0x00000000080056d0                __ssvfiscanf_r
                0x00000000080056d0                __ssvfscanf_r
 .text.__sfputc_r
                0x00000000080059ac       0x2a d:/st/stm32cubeide_1.4.0/stm32cubeide/plugins/com.st.stm32cube.ide.mcu.externaltools.gnu-tools-for-stm32.7-2018-q2-update.win32_1.4.0.202007081208/tools/bin/../lib/gcc/arm-none-eabi/7.3.1/../../../../arm-none-eabi/lib/thumb/v6-m\libc_nano.a(lib_a-nano-vfprintf.o)
 .text.__sfputs_r
                0x00000000080059d6       0x24 d:/st/stm32cubeide_1.4.0/stm32cubeide/plugins/com.st.stm32cube.ide.mcu.externaltools.gnu-tools-for-stm32.7-2018-q2-update.win32_1.4.0.202007081208/tools/bin/../lib/gcc/arm-none-eabi/7.3.1/../../../../arm-none-eabi/lib/thumb/v6-m\libc_nano.a(lib_a-nano-vfprintf.o)
                0x00000000080059d6                __sfputs_r
 *fill*         0x00000000080059fa        0x2 
 .text._vfprintf_r
                0x00000000080059fc      0x22c d:/st/stm32cubeide_1.4.0/stm32cubeide/plugins/com.st.stm32cube.ide.mcu.externaltools.gnu-tools-for-stm32.7-2018-q2-update.win32_1.4.0.202007081208/tools/bin/../lib/gcc/arm-none-eabi/7.3.1/../../../../arm-none-eabi/lib/thumb/v6-m\libc_nano.a(lib_a-nano-vfprintf.o)
                0x00000000080059fc                _vfprintf_r
                0x00000000080059fc                _vfiprintf_r
 .text._printf_common
                0x0000000008005c28       0xda d:/st/stm32cubeide_1.4.0/stm32cubeide/plugins/com.st.stm32cube.ide.mcu.externaltools.gnu-tools-for-stm32.7-2018-q2-update.win32_1.4.0.202007081208/tools/bin/../lib/gcc/arm-none-eabi/7.3.1/../../../../arm-none-eabi/lib/thumb/v6-m\libc_nano.a(lib_a-nano-vfprintf_i.o)
                0x0000000008005c28                _printf_common
 *fill*         0x0000000008005d02        0x2 
 .text._printf_i
                0x0000000008005d04      0x210 d:/st/stm32cubeide_1.4.0/stm32cubeide/plugins/com.st.stm32cube.ide.mcu.externaltools.gnu-tools-for-stm32.7-2018-q2-update.win32_1.4.0.202007081208/tools/bin/../lib/gcc/arm-none-eabi/7.3.1/../../../../arm-none-eabi/lib/thumb/v6-m\libc_nano.a(lib_a-nano-vfprintf_i.o)
                0x0000000008005d04                _printf_i
 .text._scanf_chars
                0x0000000008005f14       0xca d:/st/stm32cubeide_1.4.0/stm32cubeide/plugins/com.st.stm32cube.ide.mcu.externaltools.gnu-tools-for-stm32.7-2018-q2-update.win32_1.4.0.202007081208/tools/bin/../lib/gcc/arm-none-eabi/7.3.1/../../../../arm-none-eabi/lib/thumb/v6-m\libc_nano.a(lib_a-nano-vfscanf_i.o)
                0x0000000008005f14                _scanf_chars
 *fill*         0x0000000008005fde        0x2 
 .text._scanf_i
                0x0000000008005fe0      0x204 d:/st/stm32cubeide_1.4.0/stm32cubeide/plugins/com.st.stm32cube.ide.mcu.externaltools.gnu-tools-for-stm32.7-2018-q2-update.win32_1.4.0.202007081208/tools/bin/../lib/gcc/arm-none-eabi/7.3.1/../../../../arm-none-eabi/lib/thumb/v6-m\libc_nano.a(lib_a-nano-vfscanf_i.o)
                0x0000000008005fe0                _scanf_i
 .text._putc_r  0x00000000080061e4       0x6c d:/st/stm32cubeide_1.4.0/stm32cubeide/plugins/com.st.stm32cube.ide.mcu.externaltools.gnu-tools-for-stm32.7-2018-q2-update.win32_1.4.0.202007081208/tools/bin/../lib/gcc/arm-none-eabi/7.3.1/../../../../arm-none-eabi/lib/thumb/v6-m\libc_nano.a(lib_a-putc.o)
                0x00000000080061e4                _putc_r
 .text._read_r  0x0000000008006250       0x28 d:/st/stm32cubeide_1.4.0/stm32cubeide/plugins/com.st.stm32cube.ide.mcu.externaltools.gnu-tools-for-stm32.7-2018-q2-update.win32_1.4.0.202007081208/tools/bin/../lib/gcc/arm-none-eabi/7.3.1/../../../../arm-none-eabi/lib/thumb/v6-m\libc_nano.a(lib_a-readr.o)
                0x0000000008006250                _read_r
 .text.__sccl   0x0000000008006278       0x60 d:/st/stm32cubeide_1.4.0/stm32cubeide/plugins/com.st.stm32cube.ide.mcu.externaltools.gnu-tools-for-stm32.7-2018-q2-update.win32_1.4.0.202007081208/tools/bin/../lib/gcc/arm-none-eabi/7.3.1/../../../../arm-none-eabi/lib/thumb/v6-m\libc_nano.a(lib_a-sccl.o)
                0x0000000008006278                __sccl
 .text._strtol_l.isra.0
                0x00000000080062d8      0x104 d:/st/stm32cubeide_1.4.0/stm32cubeide/plugins/com.st.stm32cube.ide.mcu.externaltools.gnu-tools-for-stm32.7-2018-q2-update.win32_1.4.0.202007081208/tools/bin/../lib/gcc/arm-none-eabi/7.3.1/../../../../arm-none-eabi/lib/thumb/v6-m\libc_nano.a(lib_a-strtol.o)
 .text._strtol_r
                0x00000000080063dc       0x20 d:/st/stm32cubeide_1.4.0/stm32cubeide/plugins/com.st.stm32cube.ide.mcu.externaltools.gnu-tools-for-stm32.7-2018-q2-update.win32_1.4.0.202007081208/tools/bin/../lib/gcc/arm-none-eabi/7.3.1/../../../../arm-none-eabi/lib/thumb/v6-m\libc_nano.a(lib_a-strtol.o)
                0x00000000080063dc                _strtol_r
 .text._strtoul_l.isra.0
                0x00000000080063fc      0x106 d:/st/stm32cubeide_1.4.0/stm32cubeide/plugins/com.st.stm32cube.ide.mcu.externaltools.gnu-tools-for-stm32.7-2018-q2-update.win32_1.4.0.202007081208/tools/bin/../lib/gcc/arm-none-eabi/7.3.1/../../../../arm-none-eabi/lib/thumb/v6-m\libc_nano.a(lib_a-strtoul.o)
 *fill*         0x0000000008006502        0x2 
 .text._strtoul_r
                0x0000000008006504       0x20 d:/st/stm32cubeide_1.4.0/stm32cubeide/plugins/com.st.stm32cube.ide.mcu.externaltools.gnu-tools-for-stm32.7-2018-q2-update.win32_1.4.0.202007081208/tools/bin/../lib/gcc/arm-none-eabi/7.3.1/../../../../arm-none-eabi/lib/thumb/v6-m\libc_nano.a(lib_a-strtoul.o)
                0x0000000008006504                _strtoul_r
 .text.__submore
                0x0000000008006524       0x7c d:/st/stm32cubeide_1.4.0/stm32cubeide/plugins/com.st.stm32cube.ide.mcu.externaltools.gnu-tools-for-stm32.7-2018-q2-update.win32_1.4.0.202007081208/tools/bin/../lib/gcc/arm-none-eabi/7.3.1/../../../../arm-none-eabi/lib/thumb/v6-m\libc_nano.a(lib_a-ungetc.o)
                0x0000000008006524                __submore
 .text._fstat_r
                0x00000000080065a0       0x24 d:/st/stm32cubeide_1.4.0/stm32cubeide/plugins/com.st.stm32cube.ide.mcu.externaltools.gnu-tools-for-stm32.7-2018-q2-update.win32_1.4.0.202007081208/tools/bin/../lib/gcc/arm-none-eabi/7.3.1/../../../../arm-none-eabi/lib/thumb/v6-m\libc_nano.a(lib_a-fstatr.o)
                0x00000000080065a0                _fstat_r
 .text._isatty_r
                0x00000000080065c4       0x24 d:/st/stm32cubeide_1.4.0/stm32cubeide/plugins/com.st.stm32cube.ide.mcu.externaltools.gnu-tools-for-stm32.7-2018-q2-update.win32_1.4.0.202007081208/tools/bin/../lib/gcc/arm-none-eabi/7.3.1/../../../../arm-none-eabi/lib/thumb/v6-m\libc_nano.a(lib_a-isattyr.o)
                0x00000000080065c4                _isatty_r
 .text.__locale_ctype_ptr_l
                0x00000000080065e8        0x6 d:/st/stm32cubeide_1.4.0/stm32cubeide/plugins/com.st.stm32cube.ide.mcu.externaltools.gnu-tools-for-stm32.7-2018-q2-update.win32_1.4.0.202007081208/tools/bin/../lib/gcc/arm-none-eabi/7.3.1/../../../../arm-none-eabi/lib/thumb/v6-m\libc_nano.a(lib_a-locale.o)
                0x00000000080065e8                __locale_ctype_ptr_l
 *fill*         0x00000000080065ee        0x2 
 .text.__locale_ctype_ptr
                0x00000000080065f0       0x1c d:/st/stm32cubeide_1.4.0/stm32cubeide/plugins/com.st.stm32cube.ide.mcu.externaltools.gnu-tools-for-stm32.7-2018-q2-update.win32_1.4.0.202007081208/tools/bin/../lib/gcc/arm-none-eabi/7.3.1/../../../../arm-none-eabi/lib/thumb/v6-m\libc_nano.a(lib_a-locale.o)
                0x00000000080065f0                __locale_ctype_ptr
 .text.__ascii_mbtowc
                0x000000000800660c       0x24 d:/st/stm32cubeide_1.4.0/stm32cubeide/plugins/com.st.stm32cube.ide.mcu.externaltools.gnu-tools-for-stm32.7-2018-q2-update.win32_1.4.0.202007081208/tools/bin/../lib/gcc/arm-none-eabi/7.3.1/../../../../arm-none-eabi/lib/thumb/v6-m\libc_nano.a(lib_a-mbtowc_r.o)
                0x000000000800660c                __ascii_mbtowc
 .text.memchr   0x0000000008006630       0x16 d:/st/stm32cubeide_1.4.0/stm32cubeide/plugins/com.st.stm32cube.ide.mcu.externaltools.gnu-tools-for-stm32.7-2018-q2-update.win32_1.4.0.202007081208/tools/bin/../lib/gcc/arm-none-eabi/7.3.1/../../../../arm-none-eabi/lib/thumb/v6-m\libc_nano.a(lib_a-memchr-stub.o)
                0x0000000008006630                memchr
 .text.memmove  0x0000000008006646       0x26 d:/st/stm32cubeide_1.4.0/stm32cubeide/plugins/com.st.stm32cube.ide.mcu.externaltools.gnu-tools-for-stm32.7-2018-q2-update.win32_1.4.0.202007081208/tools/bin/../lib/gcc/arm-none-eabi/7.3.1/../../../../arm-none-eabi/lib/thumb/v6-m\libc_nano.a(lib_a-memmove.o)
                0x0000000008006646                memmove
 .text._realloc_r
                0x000000000800666c       0x4c d:/st/stm32cubeide_1.4.0/stm32cubeide/plugins/com.st.stm32cube.ide.mcu.externaltools.gnu-tools-for-stm32.7-2018-q2-update.win32_1.4.0.202007081208/tools/bin/../lib/gcc/arm-none-eabi/7.3.1/../../../../arm-none-eabi/lib/thumb/v6-m\libc_nano.a(lib_a-nano-reallocr.o)
                0x000000000800666c                _realloc_r
 .text.__ascii_wctomb
                0x00000000080066b8       0x18 d:/st/stm32cubeide_1.4.0/stm32cubeide/plugins/com.st.stm32cube.ide.mcu.externaltools.gnu-tools-for-stm32.7-2018-q2-update.win32_1.4.0.202007081208/tools/bin/../lib/gcc/arm-none-eabi/7.3.1/../../../../arm-none-eabi/lib/thumb/v6-m\libc_nano.a(lib_a-wctomb_r.o)
                0x00000000080066b8                __ascii_wctomb
 .text._malloc_usable_size_r
                0x00000000080066d0       0x10 d:/st/stm32cubeide_1.4.0/stm32cubeide/plugins/com.st.stm32cube.ide.mcu.externaltools.gnu-tools-for-stm32.7-2018-q2-update.win32_1.4.0.202007081208/tools/bin/../lib/gcc/arm-none-eabi/7.3.1/../../../../arm-none-eabi/lib/thumb/v6-m\libc_nano.a(lib_a-nano-msizer.o)
                0x00000000080066d0                _malloc_usable_size_r
 *(.glue_7)
 .glue_7        0x00000000080066e0        0x0 linker stubs
 *(.glue_7t)
 .glue_7t       0x00000000080066e0        0x0 linker stubs
 *(.eh_frame)
 .eh_frame      0x00000000080066e0        0x0 d:/st/stm32cubeide_1.4.0/stm32cubeide/plugins/com.st.stm32cube.ide.mcu.externaltools.gnu-tools-for-stm32.7-2018-q2-update.win32_1.4.0.202007081208/tools/bin/../lib/gcc/arm-none-eabi/7.3.1/thumb/v6-m/crtbegin.o
 *(.init)
 .init          0x00000000080066e0        0x4 d:/st/stm32cubeide_1.4.0/stm32cubeide/plugins/com.st.stm32cube.ide.mcu.externaltools.gnu-tools-for-stm32.7-2018-q2-update.win32_1.4.0.202007081208/tools/bin/../lib/gcc/arm-none-eabi/7.3.1/thumb/v6-m/crti.o
                0x00000000080066e0                _init
 .init          0x00000000080066e4        0x8 d:/st/stm32cubeide_1.4.0/stm32cubeide/plugins/com.st.stm32cube.ide.mcu.externaltools.gnu-tools-for-stm32.7-2018-q2-update.win32_1.4.0.202007081208/tools/bin/../lib/gcc/arm-none-eabi/7.3.1/thumb/v6-m/crtn.o
 *(.fini)
 .fini          0x00000000080066ec        0x4 d:/st/stm32cubeide_1.4.0/stm32cubeide/plugins/com.st.stm32cube.ide.mcu.externaltools.gnu-tools-for-stm32.7-2018-q2-update.win32_1.4.0.202007081208/tools/bin/../lib/gcc/arm-none-eabi/7.3.1/thumb/v6-m/crti.o
                0x00000000080066ec                _fini
 .fini          0x00000000080066f0        0x8 d:/st/stm32cubeide_1.4.0/stm32cubeide/plugins/com.st.stm32cube.ide.mcu.externaltools.gnu-tools-for-stm32.7-2018-q2-update.win32_1.4.0.202007081208/tools/bin/../lib/gcc/arm-none-eabi/7.3.1/thumb/v6-m/crtn.o
                0x00000000080066f8                . = ALIGN (0x4)
                0x00000000080066f8                _etext = .

.vfp11_veneer   0x00000000080066f8        0x0
 .vfp11_veneer  0x00000000080066f8        0x0 linker stubs

.v4_bx          0x00000000080066f8        0x0
 .v4_bx         0x00000000080066f8        0x0 linker stubs

.iplt           0x00000000080066f8        0x0
 .iplt          0x00000000080066f8        0x0 d:/st/stm32cubeide_1.4.0/stm32cubeide/plugins/com.st.stm32cube.ide.mcu.externaltools.gnu-tools-for-stm32.7-2018-q2-update.win32_1.4.0.202007081208/tools/bin/../lib/gcc/arm-none-eabi/7.3.1/thumb/v6-m/crtbegin.o

.rodata         0x00000000080066f8      0x6d0
                0x00000000080066f8                . = ALIGN (0x4)
 *(.rodata)
 .rodata        0x00000000080066f8       0x20 Drivers/STM32F0xx_HAL_Driver/Src/stm32f0xx_hal_rcc.o
 .rodata        0x0000000008006718        0xc d:/st/stm32cubeide_1.4.0/stm32cubeide/plugins/com.st.stm32cube.ide.mcu.externaltools.gnu-tools-for-stm32.7-2018-q2-update.win32_1.4.0.202007081208/tools/bin/../lib/gcc/arm-none-eabi/7.3.1/../../../../arm-none-eabi/lib/thumb/v6-m\libc_nano.a(lib_a-nano-vfscanf_i.o)
 *(.rodata*)
 .rodata._Z11readCommandPKcPc.str1.1
                0x0000000008006724       0x15 Core/MyInc/event.o
 .rodata._Z20handle_StatusCommandv.str1.1
                0x0000000008006739       0x6d Core/MyInc/event.o
 .rodata.spp_data.str1.1
                0x00000000080067a6       0x59 Core/MyInc/event.o
                                         0x5e (size before relaxing)
 .rodata._Z14smsQueueHandlev.str1.1
                0x00000000080067ff       0x1b Core/MyInc/mainCodes.o
 .rodata._Z9printfResh.str1.1
                0x000000000800681a       0x17 Core/MyInc/mainCodes.o
 .rodata.loop.str1.1
                0x0000000008006831      0x1a6 Core/MyInc/mainCodes.o
                                        0x1bb (size before relaxing)
 .rodata.setup.str1.1
                0x00000000080069d7       0x42 Core/MyInc/mainCodes.o
                                         0x44 (size before relaxing)
 .rodata.AHBPrescTable
                0x0000000008006a19       0x10 Core/Src/system_stm32f0xx.o
                0x0000000008006a19                AHBPrescTable
 .rodata.APBPrescTable
                0x0000000008006a29        0x8 Core/Src/system_stm32f0xx.o
                0x0000000008006a29                APBPrescTable
 .rodata.BT_on_Urc.str1.1
                0x0000000008006a31       0xb3 Core/sim800/BT.o
                                         0xb8 (size before relaxing)
 .rodata.ssp_sendData.str1.1
                0x0000000008006ae4        0xb Core/sim800/BT.o
 .rodata.readResponse.str1.1
                0x0000000008006aef       0x12 Core/sim800/sim800c.o
                                         0x17 (size before relaxing)
 .rodata.sim800c_onDataReceive.str1.1
                0x0000000008006b01       0x10 Core/sim800/sim800c.o
 .rodata.sim800c_sendExeCommand.str1.1
                0x0000000008006b11       0x10 Core/sim800/sim800c.o
                                          0x2 (size before relaxing)
 .rodata.sim800c_sendReadCommand.str1.1
                0x0000000008006b11       0x10 Core/sim800/sim800c.o
                                          0x3 (size before relaxing)
 .rodata.sim800c_sendTestCommand.str1.1
                0x0000000008006b11        0x7 Core/sim800/sim800c.o
 .rodata.sim800c_sendWriteCommand.str1.1
                0x0000000008006b18        0x2 Core/sim800/sim800c.o
 .rodata.sim800c_call_hangup.str1.1
                0x0000000008006b1a        0x6 Core/sim800/sim800c_call.o
                                          0xa (size before relaxing)
 .rodata.sim800c_call_onUrc.str1.1
                0x0000000008006b20       0x28 Core/sim800/sim800c_call.o
                                         0x2d (size before relaxing)
 .rodata.on_RING.str1.1
                0x0000000008006b48        0x2 Core/sim800/sim800c_interface.o
 .rodata.on_plus.str1.1
                0x0000000008006b48       0x2b Core/sim800/sim800c_interface.o
 .rodata.on_urc.str1.1
                0x0000000008006b73       0x1e Core/sim800/sim800c_interface.o
                                         0x2e (size before relaxing)
 .rodata.sim800c_readSms.str1.1
                0x0000000008006b91       0x21 Core/sim800/sim800c_sms.o
 .rodata.sim800c_sendSms.str1.1
                0x0000000008006bb2       0x36 Core/sim800/sim800c_sms.o
                                         0x38 (size before relaxing)
 .rodata.utf16_to_utf8.str1.1
                0x0000000008006be8       0x21 Core/sim800/sim800c_sms.o
 .rodata.CSWTCH.58
                0x0000000008006c09        0x4 Drivers/STM32F0xx_HAL_Driver/Src/stm32f0xx_hal_uart.o
 *fill*         0x0000000008006c0d        0x3 
 .rodata._global_impure_ptr
                0x0000000008006c10        0x4 d:/st/stm32cubeide_1.4.0/stm32cubeide/plugins/com.st.stm32cube.ide.mcu.externaltools.gnu-tools-for-stm32.7-2018-q2-update.win32_1.4.0.202007081208/tools/bin/../lib/gcc/arm-none-eabi/7.3.1/../../../../arm-none-eabi/lib/thumb/v6-m\libc_nano.a(lib_a-impure.o)
                0x0000000008006c10                _global_impure_ptr
 .rodata.__sf_fake_stderr
                0x0000000008006c14       0x20 d:/st/stm32cubeide_1.4.0/stm32cubeide/plugins/com.st.stm32cube.ide.mcu.externaltools.gnu-tools-for-stm32.7-2018-q2-update.win32_1.4.0.202007081208/tools/bin/../lib/gcc/arm-none-eabi/7.3.1/../../../../arm-none-eabi/lib/thumb/v6-m\libc_nano.a(lib_a-findfp.o)
                0x0000000008006c14                __sf_fake_stderr
 .rodata.__sf_fake_stdin
                0x0000000008006c34       0x20 d:/st/stm32cubeide_1.4.0/stm32cubeide/plugins/com.st.stm32cube.ide.mcu.externaltools.gnu-tools-for-stm32.7-2018-q2-update.win32_1.4.0.202007081208/tools/bin/../lib/gcc/arm-none-eabi/7.3.1/../../../../arm-none-eabi/lib/thumb/v6-m\libc_nano.a(lib_a-findfp.o)
                0x0000000008006c34                __sf_fake_stdin
 .rodata.__sf_fake_stdout
                0x0000000008006c54       0x20 d:/st/stm32cubeide_1.4.0/stm32cubeide/plugins/com.st.stm32cube.ide.mcu.externaltools.gnu-tools-for-stm32.7-2018-q2-update.win32_1.4.0.202007081208/tools/bin/../lib/gcc/arm-none-eabi/7.3.1/../../../../arm-none-eabi/lib/thumb/v6-m\libc_nano.a(lib_a-findfp.o)
                0x0000000008006c54                __sf_fake_stdout
 .rodata._svfprintf_r.str1.1
                0x0000000008006c74       0x11 d:/st/stm32cubeide_1.4.0/stm32cubeide/plugins/com.st.stm32cube.ide.mcu.externaltools.gnu-tools-for-stm32.7-2018-q2-update.win32_1.4.0.202007081208/tools/bin/../lib/gcc/arm-none-eabi/7.3.1/../../../../arm-none-eabi/lib/thumb/v6-m\libc_nano.a(lib_a-nano-svfprintf.o)
 .rodata.__ssvfscanf_r.str1.1
                0x0000000008006c85        0x4 d:/st/stm32cubeide_1.4.0/stm32cubeide/plugins/com.st.stm32cube.ide.mcu.externaltools.gnu-tools-for-stm32.7-2018-q2-update.win32_1.4.0.202007081208/tools/bin/../lib/gcc/arm-none-eabi/7.3.1/../../../../arm-none-eabi/lib/thumb/v6-m\libc_nano.a(lib_a-nano-svfscanf.o)
 .rodata._vfprintf_r.str1.1
                0x0000000008006c85       0x11 d:/st/stm32cubeide_1.4.0/stm32cubeide/plugins/com.st.stm32cube.ide.mcu.externaltools.gnu-tools-for-stm32.7-2018-q2-update.win32_1.4.0.202007081208/tools/bin/../lib/gcc/arm-none-eabi/7.3.1/../../../../arm-none-eabi/lib/thumb/v6-m\libc_nano.a(lib_a-nano-vfprintf.o)
 .rodata._printf_i.str1.1
                0x0000000008006c85       0x22 d:/st/stm32cubeide_1.4.0/stm32cubeide/plugins/com.st.stm32cube.ide.mcu.externaltools.gnu-tools-for-stm32.7-2018-q2-update.win32_1.4.0.202007081208/tools/bin/../lib/gcc/arm-none-eabi/7.3.1/../../../../arm-none-eabi/lib/thumb/v6-m\libc_nano.a(lib_a-nano-vfprintf_i.o)
 .rodata._scanf_i.str1.1
                0x0000000008006ca7       0x12 d:/st/stm32cubeide_1.4.0/stm32cubeide/plugins/com.st.stm32cube.ide.mcu.externaltools.gnu-tools-for-stm32.7-2018-q2-update.win32_1.4.0.202007081208/tools/bin/../lib/gcc/arm-none-eabi/7.3.1/../../../../arm-none-eabi/lib/thumb/v6-m\libc_nano.a(lib_a-nano-vfscanf_i.o)
 .rodata.str1.1
                0x0000000008006cb9        0x6 d:/st/stm32cubeide_1.4.0/stm32cubeide/plugins/com.st.stm32cube.ide.mcu.externaltools.gnu-tools-for-stm32.7-2018-q2-update.win32_1.4.0.202007081208/tools/bin/../lib/gcc/arm-none-eabi/7.3.1/../../../../arm-none-eabi/lib/thumb/v6-m\libc_nano.a(lib_a-nano-vfscanf_i.o)
                                          0x9 (size before relaxing)
 .rodata._setlocale_r.str1.1
                0x0000000008006cbf        0x6 d:/st/stm32cubeide_1.4.0/stm32cubeide/plugins/com.st.stm32cube.ide.mcu.externaltools.gnu-tools-for-stm32.7-2018-q2-update.win32_1.4.0.202007081208/tools/bin/../lib/gcc/arm-none-eabi/7.3.1/../../../../arm-none-eabi/lib/thumb/v6-m\libc_nano.a(lib_a-locale.o)
                                          0x9 (size before relaxing)
 .rodata.str1.1
                0x0000000008006cc5        0x6 d:/st/stm32cubeide_1.4.0/stm32cubeide/plugins/com.st.stm32cube.ide.mcu.externaltools.gnu-tools-for-stm32.7-2018-q2-update.win32_1.4.0.202007081208/tools/bin/../lib/gcc/arm-none-eabi/7.3.1/../../../../arm-none-eabi/lib/thumb/v6-m\libc_nano.a(lib_a-locale.o)
                                          0x2 (size before relaxing)
 .rodata._ctype_
                0x0000000008006cc5      0x101 d:/st/stm32cubeide_1.4.0/stm32cubeide/plugins/com.st.stm32cube.ide.mcu.externaltools.gnu-tools-for-stm32.7-2018-q2-update.win32_1.4.0.202007081208/tools/bin/../lib/gcc/arm-none-eabi/7.3.1/../../../../arm-none-eabi/lib/thumb/v6-m\libc_nano.a(lib_a-ctype_.o)
                0x0000000008006cc5                _ctype_
                0x0000000008006dc8                . = ALIGN (0x4)
 *fill*         0x0000000008006dc6        0x2 

.rel.dyn        0x0000000008006dc8        0x0
 .rel.iplt      0x0000000008006dc8        0x0 d:/st/stm32cubeide_1.4.0/stm32cubeide/plugins/com.st.stm32cube.ide.mcu.externaltools.gnu-tools-for-stm32.7-2018-q2-update.win32_1.4.0.202007081208/tools/bin/../lib/gcc/arm-none-eabi/7.3.1/thumb/v6-m/crtbegin.o

.ARM.extab      0x0000000008006dc8        0x0
                0x0000000008006dc8                . = ALIGN (0x4)
 *(.ARM.extab* .gnu.linkonce.armextab.*)
                0x0000000008006dc8                . = ALIGN (0x4)

.ARM            0x0000000008006dc8        0x0
                0x0000000008006dc8                . = ALIGN (0x4)
                0x0000000008006dc8                __exidx_start = .
 *(.ARM.exidx*)
                0x0000000008006dc8                __exidx_end = .
                0x0000000008006dc8                . = ALIGN (0x4)

.preinit_array  0x0000000008006dc8        0x0
                0x0000000008006dc8                . = ALIGN (0x4)
                0x0000000008006dc8                PROVIDE (__preinit_array_start = .)
 *(.preinit_array*)
                0x0000000008006dc8                PROVIDE (__preinit_array_end = .)
                0x0000000008006dc8                . = ALIGN (0x4)

.init_array     0x0000000008006dc8        0x8
                0x0000000008006dc8                . = ALIGN (0x4)
                0x0000000008006dc8                PROVIDE (__init_array_start = .)
 *(SORT_BY_NAME(.init_array.*))
 *(.init_array*)
 .init_array    0x0000000008006dc8        0x4 d:/st/stm32cubeide_1.4.0/stm32cubeide/plugins/com.st.stm32cube.ide.mcu.externaltools.gnu-tools-for-stm32.7-2018-q2-update.win32_1.4.0.202007081208/tools/bin/../lib/gcc/arm-none-eabi/7.3.1/thumb/v6-m/crtbegin.o
 .init_array    0x0000000008006dcc        0x4 Core/MyInc/mainCodes.o
                0x0000000008006dd0                PROVIDE (__init_array_end = .)
                0x0000000008006dd0                . = ALIGN (0x4)

.fini_array     0x0000000008006dd0        0x8
                0x0000000008006dd0                . = ALIGN (0x4)
                [!provide]                        PROVIDE (__fini_array_start = .)
 *(SORT_BY_NAME(.fini_array.*))
 *(.fini_array*)
 .fini_array    0x0000000008006dd0        0x4 d:/st/stm32cubeide_1.4.0/stm32cubeide/plugins/com.st.stm32cube.ide.mcu.externaltools.gnu-tools-for-stm32.7-2018-q2-update.win32_1.4.0.202007081208/tools/bin/../lib/gcc/arm-none-eabi/7.3.1/thumb/v6-m/crtbegin.o
 .fini_array    0x0000000008006dd4        0x4 Core/MyInc/mainCodes.o
                [!provide]                        PROVIDE (__fini_array_end = .)
                0x0000000008006dd8                . = ALIGN (0x4)
                0x0000000008006dd8                _sidata = LOADADDR (.data)

.data           0x0000000020000000      0x1e0 load address 0x0000000008006dd8
                0x0000000020000000                . = ALIGN (0x4)
                0x0000000020000000                _sdata = .
 *(.data)
 *(.data*)
 .data.SystemCoreClock
                0x0000000020000000        0x4 Core/Src/system_stm32f0xx.o
                0x0000000020000000                SystemCoreClock
 .data.timeout  0x0000000020000004        0x4 Core/sim800/sim800c.o
 .data.uwTickFreq
                0x0000000020000008        0x1 Drivers/STM32F0xx_HAL_Driver/Src/stm32f0xx_hal.o
                0x0000000020000008                uwTickFreq
 *fill*         0x0000000020000009        0x3 
 .data.uwTickPrio
                0x000000002000000c        0x4 Drivers/STM32F0xx_HAL_Driver/Src/stm32f0xx_hal.o
                0x000000002000000c                uwTickPrio
 .data._impure_ptr
                0x0000000020000010        0x4 d:/st/stm32cubeide_1.4.0/stm32cubeide/plugins/com.st.stm32cube.ide.mcu.externaltools.gnu-tools-for-stm32.7-2018-q2-update.win32_1.4.0.202007081208/tools/bin/../lib/gcc/arm-none-eabi/7.3.1/../../../../arm-none-eabi/lib/thumb/v6-m\libc_nano.a(lib_a-impure.o)
                0x0000000020000010                _impure_ptr
 .data.impure_data
                0x0000000020000014       0x60 d:/st/stm32cubeide_1.4.0/stm32cubeide/plugins/com.st.stm32cube.ide.mcu.externaltools.gnu-tools-for-stm32.7-2018-q2-update.win32_1.4.0.202007081208/tools/bin/../lib/gcc/arm-none-eabi/7.3.1/../../../../arm-none-eabi/lib/thumb/v6-m\libc_nano.a(lib_a-impure.o)
 .data.__global_locale
                0x0000000020000074      0x16c d:/st/stm32cubeide_1.4.0/stm32cubeide/plugins/com.st.stm32cube.ide.mcu.externaltools.gnu-tools-for-stm32.7-2018-q2-update.win32_1.4.0.202007081208/tools/bin/../lib/gcc/arm-none-eabi/7.3.1/../../../../arm-none-eabi/lib/thumb/v6-m\libc_nano.a(lib_a-locale.o)
                0x0000000020000074                __global_locale
                0x00000000200001e0                . = ALIGN (0x4)
                0x00000000200001e0                _edata = .

.igot.plt       0x00000000200001e0        0x0 load address 0x0000000008006fb8
 .igot.plt      0x00000000200001e0        0x0 d:/st/stm32cubeide_1.4.0/stm32cubeide/plugins/com.st.stm32cube.ide.mcu.externaltools.gnu-tools-for-stm32.7-2018-q2-update.win32_1.4.0.202007081208/tools/bin/../lib/gcc/arm-none-eabi/7.3.1/thumb/v6-m/crtbegin.o
                0x00000000200001e0                . = ALIGN (0x4)

.bss            0x00000000200001e0      0xb1c load address 0x0000000008006fb8
                0x00000000200001e0                _sbss = .
                0x00000000200001e0                __bss_start__ = _sbss
 *(.bss)
 .bss           0x00000000200001e0       0x1c d:/st/stm32cubeide_1.4.0/stm32cubeide/plugins/com.st.stm32cube.ide.mcu.externaltools.gnu-tools-for-stm32.7-2018-q2-update.win32_1.4.0.202007081208/tools/bin/../lib/gcc/arm-none-eabi/7.3.1/thumb/v6-m/crtbegin.o
 *(.bss*)
 .bss.swHappend
                0x00000000200001fc        0x1 Core/MyInc/Player.o
                0x00000000200001fc                swHappend
 .bss.dma1      0x00000000200001fd        0x1 Core/MyInc/Player_ll.o
 .bss.dma2      0x00000000200001fe        0x1 Core/MyInc/Player_ll.o
 .bss.mChannel  0x00000000200001ff        0x1 Core/MyInc/debug.o
                0x00000000200001ff                mChannel
 .bss._ZZ22HAL_GPIO_EXTI_CallbackE9lastTouch
                0x0000000020000200        0x4 Core/MyInc/mainCodes.o
 .bss.dummyBuffer
                0x0000000020000204      0x12c Core/MyInc/mainCodes.o
                0x0000000020000204                dummyBuffer
 .bss.longTapFlag
                0x0000000020000330        0x1 Core/MyInc/mainCodes.o
                0x0000000020000330                longTapFlag
 .bss.ls        0x0000000020000331        0x1 Core/MyInc/mainCodes.o
                0x0000000020000331                ls
 *fill*         0x0000000020000332        0x2 
 .bss.smsQueue  0x0000000020000334       0x18 Core/MyInc/mainCodes.o
                0x0000000020000334                smsQueue
 .bss.tapFlag   0x000000002000034c        0x1 Core/MyInc/mainCodes.o
                0x000000002000034c                tapFlag
 .bss.temp      0x000000002000034d        0x1 Core/MyInc/mainCodes.o
                0x000000002000034d                temp
 .bss.touchFlag
                0x000000002000034e        0x1 Core/MyInc/mainCodes.o
                0x000000002000034e                touchFlag
 *fill*         0x000000002000034f        0x1 
 .bss.__sbrk_heap_end
                0x0000000020000350        0x4 Core/Src/sysmem.o
 .bss.callback  0x0000000020000354        0x4 Core/sim800/BT.o
                0x0000000020000354                callback
 .bss.appendingData
                0x0000000020000358        0x4 Core/sim800/sim800c.o
 .bss.buffer_index
                0x000000002000035c        0x2 Core/sim800/sim800c.o
 .bss.cmdState  0x000000002000035e        0x1 Core/sim800/sim800c.o
 .bss.ignore    0x000000002000035f        0x1 Core/sim800/sim800c.o
                0x000000002000035f                ignore
 .bss.isDataAvailable
                0x0000000020000360        0x1 Core/sim800/sim800c.o
                0x0000000020000360                isDataAvailable
 *fill*         0x0000000020000361        0x3 
 .bss.mMillis   0x0000000020000364        0x4 Core/sim800/sim800c.o
 .bss.rxBuffer  0x0000000020000368      0x1f5 Core/sim800/sim800c.o
 *fill*         0x000000002000055d        0x3 
 .bss.dmtfCallback
                0x0000000020000560        0x4 Core/sim800/sim800c_call.o
 .bss.status    0x0000000020000564        0x1 Core/sim800/sim800c_call.o
 *fill*         0x0000000020000565        0x3 
 .bss.error     0x0000000020000568        0x4 Core/sim800/sim800c_sms.o
 .bss.errorOccured
                0x000000002000056c        0x1 Core/sim800/sim800c_sms.o
 *fill*         0x000000002000056d        0x3 
 .bss.ret.7652  0x0000000020000570        0x8 Core/sim800/sim800c_sms.o
 .bss.__malloc_free_list
                0x0000000020000578        0x4 d:/st/stm32cubeide_1.4.0/stm32cubeide/plugins/com.st.stm32cube.ide.mcu.externaltools.gnu-tools-for-stm32.7-2018-q2-update.win32_1.4.0.202007081208/tools/bin/../lib/gcc/arm-none-eabi/7.3.1/../../../../arm-none-eabi/lib/thumb/v6-m\libc_nano.a(lib_a-nano-mallocr.o)
                0x0000000020000578                __malloc_free_list
 .bss.__malloc_sbrk_start
                0x000000002000057c        0x4 d:/st/stm32cubeide_1.4.0/stm32cubeide/plugins/com.st.stm32cube.ide.mcu.externaltools.gnu-tools-for-stm32.7-2018-q2-update.win32_1.4.0.202007081208/tools/bin/../lib/gcc/arm-none-eabi/7.3.1/../../../../arm-none-eabi/lib/thumb/v6-m\libc_nano.a(lib_a-nano-mallocr.o)
                0x000000002000057c                __malloc_sbrk_start
 *(COMMON)
 COMMON         0x0000000020000580      0x4c0 Core/MyInc/Player.o
                0x0000000020000580                c2
                0x00000000200007a0                fileBuffer
                0x0000000020000820                c1
 COMMON         0x0000000020000a40       0x28 Core/MyInc/w25qxx.o
                0x0000000020000a40                w25qxx
 COMMON         0x0000000020000a68      0x288 Core/Src/main.o
                0x0000000020000a68                htim17
                0x0000000020000ab0                huart1
                0x0000000020000b34                hspi1
                0x0000000020000b98                hdma_tim17_ch1_up
                0x0000000020000bdc                hdma_spi1_rx
                0x0000000020000c20                htim16
                0x0000000020000c68                hdma_spi1_tx
                0x0000000020000cac                hdma_tim16_ch1_up
 COMMON         0x0000000020000cf0        0x1 Core/sim800/sim800c.o
                0x0000000020000cf0                read
 *fill*         0x0000000020000cf1        0x3 
 COMMON         0x0000000020000cf4        0x4 Drivers/STM32F0xx_HAL_Driver/Src/stm32f0xx_hal.o
                0x0000000020000cf4                uwTick
 COMMON         0x0000000020000cf8        0x4 d:/st/stm32cubeide_1.4.0/stm32cubeide/plugins/com.st.stm32cube.ide.mcu.externaltools.gnu-tools-for-stm32.7-2018-q2-update.win32_1.4.0.202007081208/tools/bin/../lib/gcc/arm-none-eabi/7.3.1/../../../../arm-none-eabi/lib/thumb/v6-m\libc_nano.a(lib_a-reent.o)
                0x0000000020000cf8                errno
                0x0000000020000cfc                . = ALIGN (0x4)
                0x0000000020000cfc                _ebss = .
                0x0000000020000cfc                __bss_end__ = _ebss

._user_heap_stack
                0x0000000020000cfc      0x304 load address 0x0000000008006fb8
                0x0000000020000d00                . = ALIGN (0x8)
 *fill*         0x0000000020000cfc        0x4 
                [!provide]                        PROVIDE (end = .)
                0x0000000020000d00                PROVIDE (_end = .)
                0x0000000020000e00                . = (. + _Min_Heap_Size)
 *fill*         0x0000000020000d00      0x100 
                0x0000000020001000                . = (. + _Min_Stack_Size)
 *fill*         0x0000000020000e00      0x200 
                0x0000000020001000                . = ALIGN (0x8)

/DISCARD/
 libc.a(*)
 libm.a(*)
 libgcc.a(*)

.ARM.attributes
                0x0000000000000000       0x28
 *(.ARM.attributes)
 .ARM.attributes
                0x0000000000000000       0x1e d:/st/stm32cubeide_1.4.0/stm32cubeide/plugins/com.st.stm32cube.ide.mcu.externaltools.gnu-tools-for-stm32.7-2018-q2-update.win32_1.4.0.202007081208/tools/bin/../lib/gcc/arm-none-eabi/7.3.1/thumb/v6-m/crti.o
 .ARM.attributes
                0x000000000000001e       0x2c d:/st/stm32cubeide_1.4.0/stm32cubeide/plugins/com.st.stm32cube.ide.mcu.externaltools.gnu-tools-for-stm32.7-2018-q2-update.win32_1.4.0.202007081208/tools/bin/../lib/gcc/arm-none-eabi/7.3.1/thumb/v6-m/crtbegin.o
 .ARM.attributes
                0x000000000000004a       0x31 Core/MyInc/Player.o
 .ARM.attributes
                0x000000000000007b       0x31 Core/MyInc/Player_ll.o
 .ARM.attributes
                0x00000000000000ac       0x31 Core/MyInc/debug.o
 .ARM.attributes
                0x00000000000000dd       0x31 Core/MyInc/event.o
 .ARM.attributes
                0x000000000000010e       0x31 Core/MyInc/mainCodes.o
 .ARM.attributes
                0x000000000000013f       0x31 Core/MyInc/toPort.o
 .ARM.attributes
                0x0000000000000170       0x31 Core/MyInc/w25qxx.o
 .ARM.attributes
                0x00000000000001a1       0x31 Core/Queue/cppQueue.o
 .ARM.attributes
                0x00000000000001d2       0x31 Core/Src/main.o
 .ARM.attributes
                0x0000000000000203       0x31 Core/Src/stm32f0xx_hal_msp.o
 .ARM.attributes
                0x0000000000000234       0x31 Core/Src/stm32f0xx_it.o
 .ARM.attributes
                0x0000000000000265       0x31 Core/Src/syscalls.o
 .ARM.attributes
                0x0000000000000296       0x31 Core/Src/sysmem.o
 .ARM.attributes
                0x00000000000002c7       0x31 Core/Src/system_stm32f0xx.o
 .ARM.attributes
                0x00000000000002f8       0x21 Core/Startup/startup_stm32f030c6tx.o
 .ARM.attributes
                0x0000000000000319       0x31 Core/sim800/BT.o
 .ARM.attributes
                0x000000000000034a       0x31 Core/sim800/sim800c.o
 .ARM.attributes
                0x000000000000037b       0x31 Core/sim800/sim800c_call.o
 .ARM.attributes
                0x00000000000003ac       0x31 Core/sim800/sim800c_interface.o
 .ARM.attributes
                0x00000000000003dd       0x31 Core/sim800/sim800c_sms.o
 .ARM.attributes
                0x000000000000040e       0x31 Drivers/STM32F0xx_HAL_Driver/Src/stm32f0xx_hal.o
 .ARM.attributes
                0x000000000000043f       0x31 Drivers/STM32F0xx_HAL_Driver/Src/stm32f0xx_hal_cortex.o
 .ARM.attributes
                0x0000000000000470       0x31 Drivers/STM32F0xx_HAL_Driver/Src/stm32f0xx_hal_dma.o
 .ARM.attributes
                0x00000000000004a1       0x31 Drivers/STM32F0xx_HAL_Driver/Src/stm32f0xx_hal_gpio.o
 .ARM.attributes
                0x00000000000004d2       0x31 Drivers/STM32F0xx_HAL_Driver/Src/stm32f0xx_hal_rcc.o
 .ARM.attributes
                0x0000000000000503       0x31 Drivers/STM32F0xx_HAL_Driver/Src/stm32f0xx_hal_rcc_ex.o
 .ARM.attributes
                0x0000000000000534       0x31 Drivers/STM32F0xx_HAL_Driver/Src/stm32f0xx_hal_spi.o
 .ARM.attributes
                0x0000000000000565       0x31 Drivers/STM32F0xx_HAL_Driver/Src/stm32f0xx_hal_tim.o
 .ARM.attributes
                0x0000000000000596       0x31 Drivers/STM32F0xx_HAL_Driver/Src/stm32f0xx_hal_tim_ex.o